--------- beginning of main
02-01 20:51:50.934  1063  3482 D NetworkMonitor/100: PROBE_HTTPS https://www.google.com/generate_204 Probe failed with exception java.net.UnknownHostException: Unable to resolve host "www.google.com": No address associated with hostname
02-01 20:51:50.937  1063  3481 D NetworkMonitor/100: PROBE_FALLBACK http://www.google.com/gen_204 Probe failed with exception java.net.UnknownHostException: Unable to resolve host "www.google.com": No address associated with hostname
02-01 20:51:50.939  1063  3483 D NetworkMonitor/100: PROBE_HTTP http://connectivitycheck.gstatic.com/generate_204 Probe failed with exception java.net.UnknownHostException: Unable to resolve host "connectivitycheck.gstatic.com": No address associated with hostname
02-01 20:51:50.940  1063  3481 D NetworkMonitor/100: isCaptivePortal: isSuccessful()=false isPortal()=false RedirectUrl=null isPartialConnectivity()=false Time=40091ms
02-01 20:51:50.941   556   905 D ConnectivityService: [100 WIFI] validation failed
02-01 20:51:50.986  1306 30322 I NearbyMediums: No BLE Fast/GATT advertisements found in the latest cycle.
02-01 20:51:51.649   556   892 W BestClock: java.time.DateTimeException: Missing network time fix
02-01 20:51:51.649   556   892 W BestClock: java.time.DateTimeException: Missing network time fix
02-01 20:51:51.650   556   892 W BestClock: java.time.DateTimeException: Missing network time fix
02-01 20:51:51.650   556   892 W BestClock: java.time.DateTimeException: Missing network time fix
02-01 20:51:51.650   556   892 W BestClock: java.time.DateTimeException: Missing network time fix
02-01 20:51:54.654   556   892 W BestClock: java.time.DateTimeException: Missing network time fix
02-01 20:51:54.655   556   892 W BestClock: java.time.DateTimeException: Missing network time fix
02-01 20:51:54.655   556   892 W BestClock: java.time.DateTimeException: Missing network time fix
02-01 20:51:54.655   556   892 W BestClock: java.time.DateTimeException: Missing network time fix
02-01 20:51:54.656   556   892 W BestClock: java.time.DateTimeException: Missing network time fix
02-01 20:51:54.951  1063  3534 D TrafficStats: tagSocket(126) with statsTag=0xffffff81, statsUid=-1
02-01 20:51:54.951  1063  3535 D TrafficStats: tagSocket(127) with statsTag=0xffffff81, statsUid=-1
02-01 20:51:54.954  1063  3535 D TrafficStats: tagSocket(127) with statsTag=0xffffff81, statsUid=-1
02-01 20:51:54.954  1063  3534 D TrafficStats: tagSocket(130) with statsTag=0xffffff81, statsUid=-1
02-01 20:51:57.663   556   892 W BestClock: java.time.DateTimeException: Missing network time fix
02-01 20:51:57.664   556   892 W BestClock: java.time.DateTimeException: Missing network time fix
02-01 20:51:57.664   556   892 W BestClock: java.time.DateTimeException: Missing network time fix
02-01 20:51:57.665   556   892 W BestClock: java.time.DateTimeException: Missing network time fix
02-01 20:51:57.665   556   892 W BestClock: java.time.DateTimeException: Missing network time fix
02-01 20:51:57.697   556   905 W IPCThreadState: Sending oneway calls to frozen process.
02-01 20:51:57.698   556   905 W IPCThreadState: Sending oneway calls to frozen process.
02-01 20:51:57.698   556   905 W IPCThreadState: Sending oneway calls to frozen process.
02-01 20:51:57.699   556   905 W IPCThreadState: Sending oneway calls to frozen process.
02-01 20:51:57.699   556   905 W IPCThreadState: Sending oneway calls to frozen process.
02-01 20:51:57.699   556   905 W IPCThreadState: Sending oneway calls to frozen process.
02-01 20:51:57.700   556   905 W IPCThreadState: Sending oneway calls to frozen process.
02-01 20:51:57.709  3495  3525 I BugleRcsEngine: Connected state: [1], networkType: [WIFI] [CONTEXT thread_id=53 ]
02-01 20:51:57.709  3495  3538 I BugleRcsEngine: handleMessage processing message:[NOTIFY_UPTIME_IGNORE_STATE_CHANGED] with [non-null]:RcsEngineImpl reference [CONTEXT log_prefix="RcsEngineImpl[DUAL_REG]:[3d37dc4f-5339]>Handler" thread_id=63 ]
02-01 20:51:57.719  1306  2296 I ChimeraSrvcProxy: NullBinder for android.net.action.RECOMMEND_NETWORKS triggering remote TransactionTooLargeException due to Service without Chimera impl
02-01 20:51:57.719  1306  2296 W .gms.persistent: Large reply transaction of 1056768 bytes, interface descriptor , code 1
02-01 20:51:57.720  3495  3538 I BugleRcsEngine: No RCS Configuration was found in Bugle for simID: redacted-pii:sim_id[chars:20,last3:897] [CONTEXT log_prefix="ProvisioningEngineDataRetriever" thread_id=63 ]
02-01 20:51:58.089   984   984 D ZenModeController: Added callback class com.android.systemui.qs.tiles.DndTile$3
02-01 20:51:58.093   984   984 D ZenModeController: Removed callback class com.android.systemui.qs.tiles.DndTile$3
02-01 20:52:00.025  3570  3584 I AiAiEcho: Predicting[0]:  [CONTEXT sampling_count=5 ]
02-01 20:52:00.025  3570  3584 I AiAiEcho: EchoTargets: 
02-01 20:52:00.025  3570  3584 I AiAiEcho: Filtered by AiAi flag check: 
02-01 20:52:00.025  3570  3584 I AiAiEcho: [CONTEXT ratelimit_period="10 SECONDS" ]
02-01 20:52:00.025  3570  3584 I AiAiEcho: Ranked targets strategy: SORT, count: 0, ranking metadata:  [CONTEXT ratelimit_period="10 SECONDS" ]
02-01 20:52:00.026  3570  3584 I AiAiEcho: #remoteViewsTwiddler: feature disabled.
02-01 20:52:00.026  3570  3584 I AiAiEcho: Predicting[0]:  [CONTEXT sampling_count=5 ]
02-01 20:52:00.027  3570  3584 I AiAiEcho: EchoTargets: 
02-01 20:52:00.027  3570  3584 I AiAiEcho: Filtered by AiAi flag check: 
02-01 20:52:00.027  3570  3584 I AiAiEcho: [CONTEXT ratelimit_period="10 SECONDS" ]
02-01 20:52:00.027  3570  3584 I AiAiEcho: Ranked targets strategy: SORT, count: 0, ranking metadata:  [CONTEXT ratelimit_period="10 SECONDS" ]
02-01 20:52:00.027  3570  3584 I AiAiEcho: #remoteViewsTwiddler: feature disabled.
02-01 20:52:00.029  3570  3584 I AiAiEcho: #postPredictionTargets: Sending updates to UISurface lockscreen with targets# 0 (types=[])
02-01 20:52:00.031  3570  3584 I AiAiEcho: #postPredictionTargets: Sending updates to UISurface home with targets# 0 (types=[])
02-01 20:52:00.035   984   984 W PageIndicator: Total number of pages invalid: 0. Assuming 1 page.
02-01 20:52:00.039  1256  1256 D SsBaseTemplateCard: No text view can be set up
02-01 20:52:00.039  1256  1256 D SsBaseTemplateCard: Passed-in item info is null
02-01 20:52:00.040  1256  1256 D SsBaseTemplateCard: Passed-in item info is null
02-01 20:52:00.040  1256  1256 D SsBaseTemplateCard: Passed-in item info is null
02-01 20:52:00.040  1256  1256 I SsBaseTemplateCard: Secondary card pane is null
02-01 20:52:00.057   984  1124 D EGL_emulation: app_time_stats: avg=31491.52ms min=31491.52ms max=31491.52ms count=1
02-01 20:52:00.673   556   892 W BestClock: java.time.DateTimeException: Missing network time fix
02-01 20:52:00.674   556   892 W BestClock: java.time.DateTimeException: Missing network time fix
02-01 20:52:00.674   556   892 W BestClock: java.time.DateTimeException: Missing network time fix
02-01 20:52:00.674   556   892 W BestClock: java.time.DateTimeException: Missing network time fix
02-01 20:52:00.674   556   892 W BestClock: java.time.DateTimeException: Missing network time fix
02-01 20:52:00.693   556   905 W IPCThreadState: Sending oneway calls to frozen process.
02-01 20:52:00.694   556   905 W IPCThreadState: Sending oneway calls to frozen process.
02-01 20:52:00.695   556   905 W IPCThreadState: Sending oneway calls to frozen process.
02-01 20:52:00.696   556   905 W IPCThreadState: Sending oneway calls to frozen process.
02-01 20:52:00.696   556   905 W IPCThreadState: Sending oneway calls to frozen process.
02-01 20:52:00.696   556   905 W IPCThreadState: Sending oneway calls to frozen process.
02-01 20:52:00.697  3495  3525 I BugleRcsEngine: Connected state: [1], networkType: [WIFI] [CONTEXT thread_id=53 ]
02-01 20:52:00.697  3495  3538 I BugleRcsEngine: handleMessage processing message:[NOTIFY_UPTIME_IGNORE_STATE_CHANGED] with [non-null]:RcsEngineImpl reference [CONTEXT log_prefix="RcsEngineImpl[DUAL_REG]:[3d37dc4f-5339]>Handler" thread_id=63 ]
02-01 20:52:00.698   556   905 W IPCThreadState: Sending oneway calls to frozen process.
02-01 20:52:00.700  3495  3538 I BugleRcsEngine: No RCS Configuration was found in Bugle for simID: redacted-pii:sim_id[chars:20,last3:897] [CONTEXT log_prefix="ProvisioningEngineDataRetriever" thread_id=63 ]
02-01 20:52:00.701  1306  2296 I ChimeraSrvcProxy: NullBinder for android.net.action.RECOMMEND_NETWORKS triggering remote TransactionTooLargeException due to Service without Chimera impl
02-01 20:52:00.701  1306  2296 W .gms.persistent: Large reply transaction of 1056768 bytes, interface descriptor , code 1
02-01 20:52:01.005  1306 30322 I NearbyMediums: No BLE Fast/GATT advertisements found in the latest cycle.
02-01 20:52:03.683   556   892 W BestClock: java.time.DateTimeException: Missing network time fix
02-01 20:52:03.683   556   892 W BestClock: java.time.DateTimeException: Missing network time fix
02-01 20:52:03.684   556   892 W BestClock: java.time.DateTimeException: Missing network time fix
02-01 20:52:03.684   556   892 W BestClock: java.time.DateTimeException: Missing network time fix
02-01 20:52:03.684   556   892 W BestClock: java.time.DateTimeException: Missing network time fix
02-01 20:52:06.690   556   892 W BestClock: java.time.DateTimeException: Missing network time fix
02-01 20:52:06.690   556   892 W BestClock: java.time.DateTimeException: Missing network time fix
02-01 20:52:06.690   556   892 W BestClock: java.time.DateTimeException: Missing network time fix
02-01 20:52:06.691   556   892 W BestClock: java.time.DateTimeException: Missing network time fix
02-01 20:52:06.691   556   892 W BestClock: java.time.DateTimeException: Missing network time fix
02-01 20:52:06.710   556   905 W IPCThreadState: Sending oneway calls to frozen process.
02-01 20:52:06.710   556   905 W IPCThreadState: Sending oneway calls to frozen process.
02-01 20:52:06.711   556   905 W IPCThreadState: Sending oneway calls to frozen process.
02-01 20:52:06.711   556   905 W IPCThreadState: Sending oneway calls to frozen process.
02-01 20:52:06.711   556   905 W IPCThreadState: Sending oneway calls to frozen process.
02-01 20:52:06.711   556   905 W IPCThreadState: Sending oneway calls to frozen process.
02-01 20:52:06.712  3495  3525 I BugleRcsEngine: Connected state: [1], networkType: [WIFI] [CONTEXT thread_id=53 ]
02-01 20:52:06.712   556   905 W IPCThreadState: Sending oneway calls to frozen process.
02-01 20:52:06.712  3495  3538 I BugleRcsEngine: handleMessage processing message:[NOTIFY_UPTIME_IGNORE_STATE_CHANGED] with [non-null]:RcsEngineImpl reference [CONTEXT log_prefix="RcsEngineImpl[DUAL_REG]:[3d37dc4f-5339]>Handler" thread_id=63 ]
02-01 20:52:06.717  3495  3538 I BugleRcsEngine: No RCS Configuration was found in Bugle for simID: redacted-pii:sim_id[chars:20,last3:897] [CONTEXT log_prefix="ProvisioningEngineDataRetriever" thread_id=63 ]
02-01 20:52:06.717  1306  1891 I ChimeraSrvcProxy: NullBinder for android.net.action.RECOMMEND_NETWORKS triggering remote TransactionTooLargeException due to Service without Chimera impl
02-01 20:52:06.717  1306  1891 W .gms.persistent: Large reply transaction of 1056768 bytes, interface descriptor , code 1
02-01 20:52:07.462  1063  3534 D NetworkMonitor/100: PROBE_DNS www.google.com 12511ms FAIL in type ADDRCONFIG Timeout
02-01 20:52:07.462  1063  3535 D NetworkMonitor/100: PROBE_DNS connectivitycheck.gstatic.com 12511ms FAIL in type ADDRCONFIG Timeout
02-01 20:52:08.562   984  1124 D EGL_emulation: app_time_stats: avg=8504.92ms min=8504.92ms max=8504.92ms count=1
02-01 20:52:09.694   556   892 W BestClock: java.time.DateTimeException: Missing network time fix
02-01 20:52:09.694   556   892 W BestClock: java.time.DateTimeException: Missing network time fix
02-01 20:52:09.695   556   892 W BestClock: java.time.DateTimeException: Missing network time fix
02-01 20:52:09.695   556   892 W BestClock: java.time.DateTimeException: Missing network time fix
02-01 20:52:09.695   556   892 W BestClock: java.time.DateTimeException: Missing network time fix
02-01 20:52:09.710   556   905 W IPCThreadState: Sending oneway calls to frozen process.
02-01 20:52:09.712   556   905 W IPCThreadState: Sending oneway calls to frozen process.
02-01 20:52:09.712   556   905 W IPCThreadState: Sending oneway calls to frozen process.
02-01 20:52:09.712   556   905 W IPCThreadState: Sending oneway calls to frozen process.
02-01 20:52:09.712   556   905 W IPCThreadState: Sending oneway calls to frozen process.
02-01 20:52:09.712   556   905 W IPCThreadState: Sending oneway calls to frozen process.
02-01 20:52:09.712   556   905 W IPCThreadState: Sending oneway calls to frozen process.
02-01 20:52:09.713  3495  3525 I BugleRcsEngine: Connected state: [1], networkType: [WIFI] [CONTEXT thread_id=53 ]
02-01 20:52:09.714  3495  3538 I BugleRcsEngine: handleMessage processing message:[NOTIFY_UPTIME_IGNORE_STATE_CHANGED] with [non-null]:RcsEngineImpl reference [CONTEXT log_prefix="RcsEngineImpl[DUAL_REG]:[3d37dc4f-5339]>Handler" thread_id=63 ]
02-01 20:52:09.716  3495  3538 I BugleRcsEngine: No RCS Configuration was found in Bugle for simID: redacted-pii:sim_id[chars:20,last3:897] [CONTEXT log_prefix="ProvisioningEngineDataRetriever" thread_id=63 ]
02-01 20:52:09.717  1306  2296 I ChimeraSrvcProxy: NullBinder for android.net.action.RECOMMEND_NETWORKS triggering remote TransactionTooLargeException due to Service without Chimera impl
02-01 20:52:09.717  1306  2296 W .gms.persistent: Large reply transaction of 1056768 bytes, interface descriptor , code 1
02-01 20:52:11.007  1306 30322 I NearbyMediums: No BLE Fast/GATT advertisements found in the latest cycle.
02-01 20:52:12.700   556   892 W BestClock: java.time.DateTimeException: Missing network time fix
02-01 20:52:12.701   556   892 W BestClock: java.time.DateTimeException: Missing network time fix
02-01 20:52:12.701   556   892 W BestClock: java.time.DateTimeException: Missing network time fix
02-01 20:52:12.701   556   892 W BestClock: java.time.DateTimeException: Missing network time fix
02-01 20:52:12.701   556   892 W BestClock: java.time.DateTimeException: Missing network time fix
02-01 20:52:15.019  1063  1063 W DnsResolver: resNetworkResult:android.system.ErrnoException: resNetworkResult failed: ETIMEDOUT (Connection timed out)
02-01 20:52:15.021  1063  1063 W DnsResolver: resNetworkResult:android.system.ErrnoException: resNetworkResult failed: ETIMEDOUT (Connection timed out)
02-01 20:52:15.021  1063  1063 W DnsResolver: resNetworkResult:android.system.ErrnoException: resNetworkResult failed: ETIMEDOUT (Connection timed out)
02-01 20:52:15.021  1063  1063 W DnsResolver: resNetworkResult:android.system.ErrnoException: resNetworkResult failed: ETIMEDOUT (Connection timed out)
02-01 20:52:15.731   556   892 W BestClock: java.time.DateTimeException: Missing network time fix
02-01 20:52:15.732   556   892 W BestClock: java.time.DateTimeException: Missing network time fix
02-01 20:52:15.733   556   892 W BestClock: java.time.DateTimeException: Missing network time fix
02-01 20:52:15.733   556   892 W BestClock: java.time.DateTimeException: Missing network time fix
02-01 20:52:15.733   556   892 W BestClock: java.time.DateTimeException: Missing network time fix
02-01 20:52:15.809   556   905 W IPCThreadState: Sending oneway calls to frozen process.
02-01 20:52:15.809   556   905 W IPCThreadState: Sending oneway calls to frozen process.
02-01 20:52:15.809   556   905 W IPCThreadState: Sending oneway calls to frozen process.
02-01 20:52:15.809   556   905 W IPCThreadState: Sending oneway calls to frozen process.
02-01 20:52:15.809   556   905 W IPCThreadState: Sending oneway calls to frozen process.
02-01 20:52:15.809   556   905 W IPCThreadState: Sending oneway calls to frozen process.
02-01 20:52:15.810   556   905 W IPCThreadState: Sending oneway calls to frozen process.
02-01 20:52:15.821  3495  3525 I BugleRcsEngine: Connected state: [1], networkType: [WIFI] [CONTEXT thread_id=53 ]
02-01 20:52:15.822  3495  3538 I BugleRcsEngine: handleMessage processing message:[NOTIFY_UPTIME_IGNORE_STATE_CHANGED] with [non-null]:RcsEngineImpl reference [CONTEXT log_prefix="RcsEngineImpl[DUAL_REG]:[3d37dc4f-5339]>Handler" thread_id=63 ]
02-01 20:52:15.840  1306  2296 I ChimeraSrvcProxy: NullBinder for android.net.action.RECOMMEND_NETWORKS triggering remote TransactionTooLargeException due to Service without Chimera impl
02-01 20:52:15.845  1306  2296 W .gms.persistent: Large reply transaction of 1056768 bytes, interface descriptor , code 1
02-01 20:52:15.852  3495  3538 I BugleRcsEngine: No RCS Configuration was found in Bugle for simID: redacted-pii:sim_id[chars:20,last3:897] [CONTEXT log_prefix="ProvisioningEngineDataRetriever" thread_id=63 ]
02-01 20:52:17.981  1063  3532 D NetworkMonitor/100: PROBE_FALLBACK http://play.googleapis.com/generate_204 Probe failed with exception java.net.UnknownHostException: Unable to resolve host "play.googleapis.com": No address associated with hostname
02-01 20:52:18.754   556   892 W BestClock: java.time.DateTimeException: Missing network time fix
02-01 20:52:18.755   556   892 W BestClock: java.time.DateTimeException: Missing network time fix
02-01 20:52:18.755   556   892 W BestClock: java.time.DateTimeException: Missing network time fix
02-01 20:52:18.755   556   892 W BestClock: java.time.DateTimeException: Missing network time fix
02-01 20:52:18.756   556   892 W BestClock: java.time.DateTimeException: Missing network time fix
02-01 20:52:21.010  1306 30322 I NearbyMediums: No BLE Fast/GATT advertisements found in the latest cycle.
02-01 20:52:21.767   556   892 W BestClock: java.time.DateTimeException: Missing network time fix
02-01 20:52:21.769   556   892 W BestClock: java.time.DateTimeException: Missing network time fix
02-01 20:52:21.769   556   892 W BestClock: java.time.DateTimeException: Missing network time fix
02-01 20:52:21.769   556   892 W BestClock: java.time.DateTimeException: Missing network time fix
02-01 20:52:21.769   556   892 W BestClock: java.time.DateTimeException: Missing network time fix
02-01 20:52:21.803   556   905 W IPCThreadState: Sending oneway calls to frozen process.
02-01 20:52:21.807   556   905 W IPCThreadState: Sending oneway calls to frozen process.
02-01 20:52:21.807   556   905 W IPCThreadState: Sending oneway calls to frozen process.
02-01 20:52:21.807   556   905 W IPCThreadState: Sending oneway calls to frozen process.
02-01 20:52:21.807   556   905 W IPCThreadState: Sending oneway calls to frozen process.
02-01 20:52:21.807   556   905 W IPCThreadState: Sending oneway calls to frozen process.
02-01 20:52:21.808  3495  3538 I BugleRcsEngine: handleMessage processing message:[NOTIFY_UPTIME_IGNORE_STATE_CHANGED] with [non-null]:RcsEngineImpl reference [CONTEXT log_prefix="RcsEngineImpl[DUAL_REG]:[3d37dc4f-5339]>Handler" thread_id=63 ]
02-01 20:52:21.809   556   905 W IPCThreadState: Sending oneway calls to frozen process.
02-01 20:52:21.810  3495  3525 I BugleRcsEngine: Connected state: [1], networkType: [WIFI] [CONTEXT thread_id=53 ]
02-01 20:52:21.816  3495  3538 I BugleRcsEngine: No RCS Configuration was found in Bugle for simID: redacted-pii:sim_id[chars:20,last3:897] [CONTEXT log_prefix="ProvisioningEngineDataRetriever" thread_id=63 ]
02-01 20:52:21.818  1306  2296 I ChimeraSrvcProxy: NullBinder for android.net.action.RECOMMEND_NETWORKS triggering remote TransactionTooLargeException due to Service without Chimera impl
02-01 20:52:21.818  1306  2296 W .gms.persistent: Large reply transaction of 1056768 bytes, interface descriptor , code 1
--------- beginning of system
02-01 20:52:23.576   984  1026 D ShellBackPreview: Finishing gesture with event action: 1
02-01 20:52:23.577   984  1026 D ShellBackPreview: onGestureFinished called while no gesture is started
02-01 20:52:23.649   380   678 D audioserver: logFgsApiBegin: FGS Logger Transaction failed, -129
02-01 20:52:23.665   556  1242 W AS.PlaybackActivityMon: No piid assigned for invalid/internal port id 15
02-01 20:52:23.695  3323  3377 D EGL_emulation: app_time_stats: avg=17181.65ms min=2.37ms max=120243.24ms count=7
02-01 20:52:23.811   556  2250 D CoreBackPreview: Window{b1a4e24 u0 PopupWindow:34c573e}: Setting back callback OnBackInvokedCallbackInfo{mCallback=android.window.IOnBackInvokedCallback$Stub$Proxy@233598e, mPriority=0, mIsAnimationCallback=false}
02-01 20:52:23.950   380   530 D audioserver: logFgsApiEnd: FGS Logger Transaction failed, -129
02-01 20:52:24.786   556   892 W BestClock: java.time.DateTimeException: Missing network time fix
02-01 20:52:24.788   556   892 W BestClock: java.time.DateTimeException: Missing network time fix
02-01 20:52:24.789   556   892 W BestClock: java.time.DateTimeException: Missing network time fix
02-01 20:52:24.789   556   892 W BestClock: java.time.DateTimeException: Missing network time fix
02-01 20:52:24.789   556   892 W BestClock: java.time.DateTimeException: Missing network time fix
02-01 20:52:25.482  3323  3377 D EGL_emulation: app_time_stats: avg=102.82ms min=11.69ms max=1394.88ms count=16
02-01 20:52:25.763   380   678 D audioserver: logFgsApiBegin: FGS Logger Transaction failed, -129
02-01 20:52:25.766   556   579 W AS.PlaybackActivityMon: No piid assigned for invalid/internal port id 15
02-01 20:52:25.785   380   530 D AudioFlinger: mixer(0xb4000079b34698e0) throttle end: throttle time(35)
02-01 20:52:25.825  3323  3323 W WindowOnBackDispatcher: sendCancelIfRunning: isInProgress=false callback=android.widget.PopupWindow$PopupDecorView$$ExternalSyntheticLambda1@d32a94a
02-01 20:52:25.825   556   579 D CoreBackPreview: Window{b1a4e24 u0 PopupWindow:34c573e}: Setting back callback null
02-01 20:52:25.828   556   579 D CoreBackPreview: Window{6a73dbc u0 code.name.monkey.retromusic.debug/code.name.monkey.retromusic.activities.MainActivity}: Setting back callback OnBackInvokedCallbackInfo{mCallback=android.window.IOnBackInvokedCallback$Stub$Proxy@2550c66, mPriority=-1, mIsAnimationCallback=false}
02-01 20:52:25.865   556   579 V AutofillSession: Primary service component name: ComponentInfo{com.google.android.gms/com.google.android.gms.autofill.service.AutofillService}, secondary service component name: ComponentInfo{com.android.credentialmanager/com.android.credentialmanager.autofill.CredentialAutofillService}
02-01 20:52:25.866   556   579 V SecondaryProviderHandler: Creating a secondary provider handler with component name, ComponentInfo{com.android.credentialmanager/com.android.credentialmanager.autofill.CredentialAutofillService}
02-01 20:52:25.868   556   579 I AppsFilter: interaction: PackageSetting{1d3f40f code.name.monkey.retromusic.debug/10212} -> PackageSetting{aff4729 com.google.android.inputmethod.latin/10156} BLOCKED
02-01 20:52:25.869   556   579 W FillRequestEventLogger: Couldn't find packageName: com.google.android.inputmethod.latin
02-01 20:52:25.946  3323  3323 I AssistStructure: Flattened final assist data: 15284 bytes, containing 3 windows, 123 views
02-01 20:52:25.948   556  2250 D AutofillSession: createPendingIntent for request 998
02-01 20:52:25.955   556  2250 D ContentCapturePerUserService: Notified activity assist data for activity: Token{6816ed ActivityRecord{1c0f917 u0 code.name.monkey.retromusic.debug/code.name.monkey.retromusic.activities.MainActivity t70}} without a session Id
02-01 20:52:25.989   380   530 D audioserver: logFgsApiEnd: FGS Logger Transaction failed, -129
02-01 20:52:26.016   556   707 I ImeTracker: code.name.monkey.retromusic.debug:b33a96b9: onRequestHide at ORIGIN_SERVER reason HIDE_UNSPECIFIED_WINDOW fromUser false
02-01 20:52:26.018   556   707 I ImeTracker: code.name.monkey.retromusic.debug:b33a96b9: onCancelled at PHASE_SERVER_SHOULD_HIDE
02-01 20:52:26.041  1456  1456 I GoogleInputMethodService: GoogleInputMethodService.onFinishInput():3157 
02-01 20:52:26.054  1456  1456 I GoogleInputMethodService: GoogleInputMethodService.updateDeviceLockedStatus():2248 repeatCheckTimes = 0, locked = false
02-01 20:52:26.055  1456  1456 I GoogleInputMethodService: GoogleInputMethodService.onStartInput():1986 onStartInput(EditorInfo{EditorInfo{packageName=code.name.monkey.retromusic.debug, inputType=0, inputTypeString=NULL, enableLearning=false, autoCorrection=false, autoComplete=false, imeOptions=0, privateImeOptions=null, actionName=UNSPECIFIED, actionLabel=null, initialSelStart=-1, initialSelEnd=-1, initialCapsMode=0, label=null, fieldId=0, fieldName=null, extras=null, hintText=null, hintLocales=[]}}, false)
02-01 20:52:26.057   984  1124 D EGL_emulation: app_time_stats: avg=17494.61ms min=17494.61ms max=17494.61ms count=1
02-01 20:52:26.063  1456  1456 I GoogleInputMethodService: GoogleInputMethodService.updateDeviceLockedStatus():2248 repeatCheckTimes = 1, locked = false
02-01 20:52:26.072  1456  1456 I AndroidIME: InputBundleManager.loadActiveInputBundleId():450 loadActiveInputBundleId: und-Latn-x-password, password
02-01 20:52:26.078   556  1242 W PackageConfigPersister: App-specific configuration not found for packageName: code.name.monkey.retromusic.debug and userId: 0
02-01 20:52:26.079   556   556 W FillRequestEventLogger: Shouldn't be logging AutofillFillRequestReported again for same event
02-01 20:52:26.079   556   556 W FillResponseEventLogger: Shouldn't be logging AutofillFillRequestReported again for same event
02-01 20:52:26.079   556   556 D AutofillSession: clearPendingIntentLocked
02-01 20:52:26.081  4627  4627 V InlineSuggestionRenderService: handleDestroySuggestionViews called for 0:1296232812
02-01 20:52:26.223   556   579 W InputManager-JNI: Input channel object 'b1a4e24 PopupWindow:34c573e (client)' was disposed without first being removed with the input manager!
02-01 20:52:27.448  3323  3377 D EGL_emulation: app_time_stats: avg=85.54ms min=10.57ms max=1207.10ms count=18
02-01 20:52:27.800   556   892 W BestClock: java.time.DateTimeException: Missing network time fix
02-01 20:52:27.801   556   892 W BestClock: java.time.DateTimeException: Missing network time fix
02-01 20:52:27.801   556   892 W BestClock: java.time.DateTimeException: Missing network time fix
02-01 20:52:27.801   556   892 W BestClock: java.time.DateTimeException: Missing network time fix
02-01 20:52:27.801   556   892 W BestClock: java.time.DateTimeException: Missing network time fix
02-01 20:52:28.458  3323  3377 D EGL_emulation: app_time_stats: avg=23.60ms min=2.42ms max=484.92ms count=34
02-01 20:52:28.857   337 10566 D android.hardware.audio@7.1-impl.ranchu: threadLoop: entering standby, frames: 29877568
02-01 20:52:30.807   556   892 W BestClock: java.time.DateTimeException: Missing network time fix
02-01 20:52:30.808   556   892 W BestClock: java.time.DateTimeException: Missing network time fix
02-01 20:52:30.809   556   892 W BestClock: java.time.DateTimeException: Missing network time fix
02-01 20:52:30.809   556   892 W BestClock: java.time.DateTimeException: Missing network time fix
02-01 20:52:30.809   556   892 W BestClock: java.time.DateTimeException: Missing network time fix
02-01 20:52:31.014  1306 30322 I NearbyMediums: No BLE Fast/GATT advertisements found in the latest cycle.
02-01 20:52:33.816   556   892 W BestClock: java.time.DateTimeException: Missing network time fix
02-01 20:52:33.817   556   892 W BestClock: java.time.DateTimeException: Missing network time fix
02-01 20:52:33.817   556   892 W BestClock: java.time.DateTimeException: Missing network time fix
02-01 20:52:33.818   556   892 W BestClock: java.time.DateTimeException: Missing network time fix
02-01 20:52:33.818   556   892 W BestClock: java.time.DateTimeException: Missing network time fix
02-01 20:52:35.044  1063  3535 D NetworkMonitor/100: PROBE_HTTP http://connectivitycheck.gstatic.com/generate_204 Probe failed with exception java.net.UnknownHostException: Unable to resolve host "connectivitycheck.gstatic.com": No address associated with hostname
02-01 20:52:35.046  1063  3534 D NetworkMonitor/100: PROBE_HTTPS https://www.google.com/generate_204 Probe failed with exception java.net.UnknownHostException: Unable to resolve host "www.google.com": No address associated with hostname
02-01 20:52:35.049  1063  3532 D NetworkMonitor/100: isCaptivePortal: isSuccessful()=false isPortal()=false RedirectUrl=null isPartialConnectivity()=false Time=40102ms
02-01 20:52:35.052   556   905 D ConnectivityService: [100 WIFI] validation failed
02-01 20:52:36.826   556   892 W BestClock: java.time.DateTimeException: Missing network time fix
02-01 20:52:36.826   556   892 W BestClock: java.time.DateTimeException: Missing network time fix
02-01 20:52:36.826   556   892 W BestClock: java.time.DateTimeException: Missing network time fix
02-01 20:52:36.826   556   892 W BestClock: java.time.DateTimeException: Missing network time fix
02-01 20:52:36.826   556   892 W BestClock: java.time.DateTimeException: Missing network time fix
02-01 20:52:38.822  3323  3377 D EGL_emulation: app_time_stats: avg=409.40ms min=2.52ms max=9867.71ms count=25
02-01 20:52:39.832   556   892 W BestClock: java.time.DateTimeException: Missing network time fix
02-01 20:52:39.832   556   892 W BestClock: java.time.DateTimeException: Missing network time fix
02-01 20:52:39.832   556   892 W BestClock: java.time.DateTimeException: Missing network time fix
02-01 20:52:39.832   556   892 W BestClock: java.time.DateTimeException: Missing network time fix
02-01 20:52:39.833   556   892 W BestClock: java.time.DateTimeException: Missing network time fix
02-01 20:52:40.152  3323  3377 D EGL_emulation: app_time_stats: avg=24.47ms min=1.80ms max=383.41ms count=47
02-01 20:52:40.191   380   678 D audioserver: logFgsApiBegin: FGS Logger Transaction failed, -129
02-01 20:52:40.196   556   579 W AS.PlaybackActivityMon: No piid assigned for invalid/internal port id 15
02-01 20:52:40.264   556  2249 D CoreBackPreview: Window{694978f u0 code.name.monkey.retromusic.debug/code.name.monkey.retromusic.activities.MainActivity}: Setting back callback OnBackInvokedCallbackInfo{mCallback=android.window.IOnBackInvokedCallback$Stub$Proxy@40c1fa1, mPriority=-1, mIsAnimationCallback=false}
02-01 20:52:40.357   556   707 I ImeTracker: code.name.monkey.retromusic.debug:67af58cd: onRequestHide at ORIGIN_SERVER reason HIDE_UNSPECIFIED_WINDOW fromUser false
02-01 20:52:40.357   556   707 I ImeTracker: code.name.monkey.retromusic.debug:67af58cd: onCancelled at PHASE_SERVER_SHOULD_HIDE
02-01 20:52:40.361  1456  1456 I GoogleInputMethodService: GoogleInputMethodService.onFinishInput():3157 
02-01 20:52:40.361  1456  1456 I GoogleInputMethodService: GoogleInputMethodService.updateDeviceLockedStatus():2248 repeatCheckTimes = 0, locked = false
02-01 20:52:40.361  1456  1456 I GoogleInputMethodService: GoogleInputMethodService.onStartInput():1986 onStartInput(EditorInfo{EditorInfo{packageName=code.name.monkey.retromusic.debug, inputType=0, inputTypeString=NULL, enableLearning=false, autoCorrection=false, autoComplete=false, imeOptions=0, privateImeOptions=null, actionName=UNSPECIFIED, actionLabel=null, initialSelStart=-1, initialSelEnd=-1, initialCapsMode=0, label=null, fieldId=0, fieldName=null, extras=null, hintText=null, hintLocales=[]}}, false)
02-01 20:52:40.361  1456  1456 I GoogleInputMethodService: GoogleInputMethodService.updateDeviceLockedStatus():2248 repeatCheckTimes = 1, locked = false
02-01 20:52:40.361  1456  1456 I AndroidIME: InputBundleManager.loadActiveInputBundleId():450 loadActiveInputBundleId: und-Latn-x-password, password
02-01 20:52:40.362   556  2249 W PackageConfigPersister: App-specific configuration not found for packageName: code.name.monkey.retromusic.debug and userId: 0
02-01 20:52:40.425   380   530 D audioserver: logFgsApiEnd: FGS Logger Transaction failed, -129
02-01 20:52:41.015  1510  1829 I BistoHotwordHelper: (REDACTED) getHotwordActive::active query: %s, watch: %s, devices connected: %s
02-01 20:52:41.022  1306 30322 I NearbyMediums: No BLE Fast/GATT advertisements found in the latest cycle.
02-01 20:52:41.888  3323  3377 D EGL_emulation: app_time_stats: avg=178.58ms min=15.37ms max=1433.46ms count=9
02-01 20:52:41.994   380   678 D audioserver: logFgsApiBegin: FGS Logger Transaction failed, -129
02-01 20:52:41.994   556   579 W AS.PlaybackActivityMon: No piid assigned for invalid/internal port id 15
02-01 20:52:42.007  3323  3323 W WindowOnBackDispatcher: sendCancelIfRunning: isInProgress=false callback=android.app.Dialog$$ExternalSyntheticLambda2@6bcd7fc
02-01 20:52:42.010   556  2249 D CoreBackPreview: Window{694978f u0 code.name.monkey.retromusic.debug/code.name.monkey.retromusic.activities.MainActivity}: Setting back callback null
02-01 20:52:42.011   380   530 D AudioFlinger: mixer(0xb4000079b34698e0) throttle end: throttle time(34)
02-01 20:52:42.021  3323  3377 D HWUI    : endAllActiveAnimators on 0xb400006eddb52870 (RippleDrawable) with handle 0xb400006e3da75640
02-01 20:52:42.021   556  2249 W InputManager-JNI: Input channel object '694978f code.name.monkey.retromusic.debug/code.name.monkey.retromusic.activities.MainActivity (client)' was disposed without first being removed with the input manager!
02-01 20:52:42.035   556   585 V WindowManager: Unknown focus tokens, dropping reportFocusChanged
02-01 20:52:42.046   556  2249 D CoreBackPreview: Window{2ac6738 u0 code.name.monkey.retromusic.debug/code.name.monkey.retromusic.activities.MainActivity}: Setting back callback OnBackInvokedCallbackInfo{mCallback=android.window.IOnBackInvokedCallback$Stub$Proxy@f038a02, mPriority=-1, mIsAnimationCallback=false}
02-01 20:52:42.081  3323  3383 D SardineWebDAVClient: Listing files at: http://117.72.50.240:5244/dav/
02-01 20:52:42.089  3323  3377 D EGL_emulation: app_time_stats: avg=33.34ms min=1.33ms max=1098.21ms count=49
02-01 20:52:42.113  3323  3448 D TrafficStats: tagSocket(185) with statsTag=0xffffffff, statsUid=-1
02-01 20:52:42.124   556   707 I ImeTracker: code.name.monkey.retromusic.debug:8c10546b: onRequestHide at ORIGIN_SERVER reason HIDE_UNSPECIFIED_WINDOW fromUser false
02-01 20:52:42.124   556   707 I ImeTracker: code.name.monkey.retromusic.debug:8c10546b: onCancelled at PHASE_SERVER_SHOULD_HIDE
02-01 20:52:42.127  1456  1456 I GoogleInputMethodService: GoogleInputMethodService.onFinishInput():3157 
02-01 20:52:42.128  1456  1456 I GoogleInputMethodService: GoogleInputMethodService.updateDeviceLockedStatus():2248 repeatCheckTimes = 0, locked = false
02-01 20:52:42.128  1456  1456 I GoogleInputMethodService: GoogleInputMethodService.onStartInput():1986 onStartInput(EditorInfo{EditorInfo{packageName=code.name.monkey.retromusic.debug, inputType=0, inputTypeString=NULL, enableLearning=false, autoCorrection=false, autoComplete=false, imeOptions=0, privateImeOptions=null, actionName=UNSPECIFIED, actionLabel=null, initialSelStart=-1, initialSelEnd=-1, initialCapsMode=0, label=null, fieldId=0, fieldName=null, extras=null, hintText=null, hintLocales=[]}}, false)
02-01 20:52:42.128  1456  1456 I GoogleInputMethodService: GoogleInputMethodService.updateDeviceLockedStatus():2248 repeatCheckTimes = 1, locked = false
02-01 20:52:42.128  1456  1456 I AndroidIME: InputBundleManager.loadActiveInputBundleId():450 loadActiveInputBundleId: und-Latn-x-password, password
02-01 20:52:42.129   556   579 W PackageConfigPersister: App-specific configuration not found for packageName: code.name.monkey.retromusic.debug and userId: 0
02-01 20:52:42.198  3323  3383 I System.out: Authenticating for response: Response{protocol=http/1.1, code=401, message=Unauthorized, url=http://117.72.50.240:5244/dav/}
02-01 20:52:42.199  3323  3383 I System.out: Challenges: [Basic authParams={realm=openlist}]
02-01 20:52:42.215   380   530 D audioserver: logFgsApiEnd: FGS Logger Transaction failed, -129
02-01 20:52:42.243  3323  3383 D SardineWebDAVClient: Found 3 resources
02-01 20:52:42.243  3323  3383 D SardineWebDAVClient: Resource[0]: name=dav, path=/dav/, href=/dav/, isDir=true
02-01 20:52:42.243  3323  3383 D SardineWebDAVClient: Resource[1]: name=10strm, path=/dav/10strm/, href=/dav/10strm/, isDir=true
02-01 20:52:42.243  3323  3383 D SardineWebDAVClient: Resource[2]: name=115, path=/dav/115/, href=/dav/115/, isDir=true
02-01 20:52:42.243  3323  3383 D SardineWebDAVClient: Mapping resource: name=10strm, currentPath=, finalPath=/10strm/
02-01 20:52:42.243  3323  3383 D SardineWebDAVClient: Mapping resource: name=115, currentPath=, finalPath=/115/
02-01 20:52:42.840   556   892 W BestClock: java.time.DateTimeException: Missing network time fix
02-01 20:52:42.840   556   892 W BestClock: java.time.DateTimeException: Missing network time fix
02-01 20:52:42.840   556   892 W BestClock: java.time.DateTimeException: Missing network time fix
02-01 20:52:42.840   556   892 W BestClock: java.time.DateTimeException: Missing network time fix
02-01 20:52:42.841   556   892 W BestClock: java.time.DateTimeException: Missing network time fix
02-01 20:52:43.070  1063  3569 D TrafficStats: tagSocket(126) with statsTag=0xffffff81, statsUid=-1
02-01 20:52:43.071  1063  3567 D TrafficStats: tagSocket(130) with statsTag=0xffffff81, statsUid=-1
02-01 20:52:43.073  1063  3569 D TrafficStats: tagSocket(126) with statsTag=0xffffff81, statsUid=-1
02-01 20:52:43.074  1063  3567 D TrafficStats: tagSocket(127) with statsTag=0xffffff81, statsUid=-1
02-01 20:52:44.110   380   678 D audioserver: logFgsApiBegin: FGS Logger Transaction failed, -129
02-01 20:52:44.110   556   579 W AS.PlaybackActivityMon: No piid assigned for invalid/internal port id 15
02-01 20:52:44.122  3323  3377 D EGL_emulation: app_time_stats: avg=255.40ms min=1.89ms max=1754.08ms count=7
02-01 20:52:44.127  3323  3383 D SardineWebDAVClient: Listing files at: http://117.72.50.240:5244/dav/115/
02-01 20:52:44.131  3323  3448 D TrafficStats: tagSocket(166) with statsTag=0xffffffff, statsUid=-1
02-01 20:52:44.195  3323  3383 I System.out: Authenticating for response: Response{protocol=http/1.1, code=401, message=Unauthorized, url=http://117.72.50.240:5244/dav/115/}
02-01 20:52:44.195  3323  3383 I System.out: Challenges: [Basic authParams={realm=openlist}]
02-01 20:52:44.248  3323  3383 D SardineWebDAVClient: Found 9 resources
02-01 20:52:44.248  3323  3383 D SardineWebDAVClient: Resource[0]: name=115, path=/dav/115/, href=/dav/115/, isDir=true
02-01 20:52:44.249  3323  3383 D SardineWebDAVClient: Resource[1]: name=最近接收, path=/dav/115/最近接收/, href=/dav/115/%E6%9C%80%E8%BF%91%E6%8E%A5%E6%94%B6/, isDir=true
02-01 20:52:44.249  3323  3383 D SardineWebDAVClient: Resource[2]: name=手机相册, path=/dav/115/手机相册/, href=/dav/115/%E6%89%8B%E6%9C%BA%E7%9B%B8%E5%86%8C/, isDir=true
02-01 20:52:44.249  3323  3383 D SardineWebDAVClient: Resource[3]: name=115影视, path=/dav/115/115影视/, href=/dav/115/115%E5%BD%B1%E8%A7%86/, isDir=true
02-01 20:52:44.249  3323  3383 D SardineWebDAVClient: Resource[4]: name=其他, path=/dav/115/其他/, href=/dav/115/%E5%85%B6%E4%BB%96/, isDir=true
02-01 20:52:44.249  3323  3383 D SardineWebDAVClient: Resource[5]: name=音乐, path=/dav/115/音乐/, href=/dav/115/%E9%9F%B3%E4%B9%90/, isDir=true
02-01 20:52:44.249  3323  3383 D SardineWebDAVClient: Resource[6]: name=video, path=/dav/115/video/, href=/dav/115/video/, isDir=true
02-01 20:52:44.249  3323  3383 D SardineWebDAVClient: Resource[7]: name=笔记, path=/dav/115/笔记/, href=/dav/115/%E7%AC%94%E8%AE%B0/, isDir=true
02-01 20:52:44.249  3323  3383 D SardineWebDAVClient: Resource[8]: name=music.apk, path=/dav/115/music.apk, href=/dav/115/music.apk, isDir=false
02-01 20:52:44.249  3323  3383 D SardineWebDAVClient: Mapping resource: name=最近接收, currentPath=/115/, finalPath=/115/最近接收/
02-01 20:52:44.249  3323  3383 D SardineWebDAVClient: Mapping resource: name=手机相册, currentPath=/115/, finalPath=/115/手机相册/
02-01 20:52:44.249  3323  3383 D SardineWebDAVClient: Mapping resource: name=115影视, currentPath=/115/, finalPath=/115/115影视/
02-01 20:52:44.249  3323  3383 D SardineWebDAVClient: Mapping resource: name=其他, currentPath=/115/, finalPath=/115/其他/
02-01 20:52:44.249  3323  3383 D SardineWebDAVClient: Mapping resource: name=音乐, currentPath=/115/, finalPath=/115/音乐/
02-01 20:52:44.249  3323  3383 D SardineWebDAVClient: Mapping resource: name=video, currentPath=/115/, finalPath=/115/video/
02-01 20:52:44.249  3323  3383 D SardineWebDAVClient: Mapping resource: name=笔记, currentPath=/115/, finalPath=/115/笔记/
02-01 20:52:44.249  3323  3383 D SardineWebDAVClient: Mapping resource: name=music.apk, currentPath=/115/, finalPath=/115/music.apk
02-01 20:52:44.323   380   530 D audioserver: logFgsApiEnd: FGS Logger Transaction failed, -129
02-01 20:52:45.842   556   892 W BestClock: java.time.DateTimeException: Missing network time fix
02-01 20:52:45.842   556   892 W BestClock: java.time.DateTimeException: Missing network time fix
02-01 20:52:45.843   556   892 W BestClock: java.time.DateTimeException: Missing network time fix
02-01 20:52:45.843   556   892 W BestClock: java.time.DateTimeException: Missing network time fix
02-01 20:52:45.843   556   892 W BestClock: java.time.DateTimeException: Missing network time fix
02-01 20:52:45.922  3323  3377 D EGL_emulation: app_time_stats: avg=262.37ms min=1.69ms max=1553.72ms count=6
02-01 20:52:45.926   380   678 D audioserver: logFgsApiBegin: FGS Logger Transaction failed, -129
02-01 20:52:45.928  3323  3383 D SardineWebDAVClient: Listing files at: http://117.72.50.240:5244/dav/115/音乐/
02-01 20:52:45.928   556   579 W AS.PlaybackActivityMon: No piid assigned for invalid/internal port id 15
02-01 20:52:45.943  3323  3563 D TrafficStats: tagSocket(168) with statsTag=0xffffffff, statsUid=-1
02-01 20:52:46.014  3323  3383 I System.out: Authenticating for response: Response{protocol=http/1.1, code=401, message=Unauthorized, url=http://117.72.50.240:5244/dav/115/%E9%9F%B3%E4%B9%90/}
02-01 20:52:46.014  3323  3383 I System.out: Challenges: [Basic authParams={realm=openlist}]
02-01 20:52:46.077  3323  3383 D SardineWebDAVClient: Found 13 resources
02-01 20:52:46.078  3323  3383 D SardineWebDAVClient: Resource[0]: name=音乐, path=/dav/115/音乐/, href=/dav/115/%E9%9F%B3%E4%B9%90/, isDir=true
02-01 20:52:46.078  3323  3383 D SardineWebDAVClient: Resource[1]: name=Milet - Discography [FLAC Songs], path=/dav/115/音乐/Milet - Discography [FLAC Songs]/, href=/dav/115/%E9%9F%B3%E4%B9%90/Milet%20-%20Discography%20%5BFLAC%20Songs%5D/, isDir=true
02-01 20:52:46.078  3323  3383 D SardineWebDAVClient: Resource[2]: name=Billie Eilish FLAC (Amazon), path=/dav/115/音乐/Billie Eilish FLAC (Amazon)/, href=/dav/115/%E9%9F%B3%E4%B9%90/Billie%20Eilish%20FLAC%20%28Amazon%29/, isDir=true
02-01 20:52:46.078  3323  3383 D SardineWebDAVClient: Resource[3]: name=100% Billie Eilish - 2024 - FLAC 16BITS 44.1KHZ-EICHBAUM, path=/dav/115/音乐/100% Billie Eilish - 2024 - FLAC 16BITS 44.1KHZ-EICHBAUM/, href=/dav/115/%E9%9F%B3%E4%B9%90/100%25%20Billie%20Eilish%20-%202024%20-%20FLAC%2016BITS%2044.1KHZ-EICHBAUM/, isDir=true
02-01 20:52:46.078  3323  3383 D SardineWebDAVClient: Resource[4]: name=自己上传, path=/dav/115/音乐/自己上传/, href=/dav/115/%E9%9F%B3%E4%B9%90/%E8%87%AA%E5%B7%B1%E4%B8%8A%E4%BC%A0/, isDir=true
02-01 20:52:46.078  3323  3383 D SardineWebDAVClient: Resource[5]: name=凡人修仙传 第一季 动画剧原声带 - A Record of A Mortal's Journey to Immortality~Music, path=/dav/115/音乐/凡人修仙传 第一季 动画剧原声带 - A Record of A Mortal's Journey to Immortality~Music/, href=/dav/115/%E9%9F%B3%E4%B9%90/%E5%87%A1%E4%BA%BA%E4%BF%AE%E4%BB%99%E4%BC%A0%20%E7%AC%AC%E4%B8%80%E5%AD%A3%20%E5%8A%A8%E7%94%BB%E5%89%A7%E5%8E%9F%E5%A3%B0%E5%B8%A6%20-%20A%20Record%20of%20A%20Mortal%27s%20Journey%20to%20Immortality~Music/, isDir=true
02-01 20:52:46.078  3323  3383 D SardineWebDAVClient: Resource[6]: name=歌手, path=/dav/115/音乐/歌手/, href=/dav/115/%E9%9F%B3%E4%B9%90/%E6%AD%8C%E6%89%8B/, isDir=true
02-01 20:52:46.078  3323  3383 D SardineWebDAVClient: Resource[7]: name=音乐22万首14.39T音乐包3, path=/dav/115/音乐/音乐22万首14.39T音乐包3/, href=/dav/115/%E9%9F%B3%E4%B9%90/%E9%9F%B3%E4%B9%9022%E4%B8%87%E9%A6%9614.39T%E9%9F%B3%E4%B9%90%E5%8C%853/, isDir=true
02-01 20:52:46.078  3323  3383 D SardineWebDAVClient: Resource[8]: name=跑步, path=/dav/115/音乐/跑步/, href=/dav/115/%E9%9F%B3%E4%B9%90/%E8%B7%91%E6%AD%A5/, isDir=true
02-01 20:52:46.078  3323  3383 D SardineWebDAVClient: Resource[9]: name=音乐22万首14.39T音乐包2, path=/dav/115/音乐/音乐22万首14.39T音乐包2/, href=/dav/115/%E9%9F%B3%E4%B9%90/%E9%9F%B3%E4%B9%9022%E4%B8%87%E9%A6%9614.39T%E9%9F%B3%E4%B9%90%E5%8C%852/, isDir=true
02-01 20:52:46.078  3323  3383 D SardineWebDAVClient: Resource[10]: name=06 华语无损FLAC 按歌手分类, path=/dav/115/音乐/06 华语无损FLAC 按歌手分类/, href=/dav/115/%E9%9F%B3%E4%B9%90/06%20%E5%8D%8E%E8%AF%AD%E6%97%A0%E6%8D%9FFLAC%20%E6%8C%89%E6%AD%8C%E6%89%8B%E5%88%86%E7%B1%BB/, isDir=true
02-01 20:52:46.078  3323  3383 D SardineWebDAVClient: Resource[11]: name=Beyond, path=/dav/115/音乐/Beyond/, href=/dav/115/%E9%9F%B3%E4%B9%90/Beyond/, isDir=true
02-01 20:52:46.078  3323  3383 D SardineWebDAVClient: Resource[12]: name=kugou无损[1757个44.57GB], path=/dav/115/音乐/kugou无损[1757个44.57GB]/, href=/dav/115/%E9%9F%B3%E4%B9%90/kugou%E6%97%A0%E6%8D%9F%5B1757%E4%B8%AA44.57GB%5D/, isDir=true
02-01 20:52:46.078  3323  3383 D SardineWebDAVClient: Mapping resource: name=Milet - Discography [FLAC Songs], currentPath=/115/音乐/, finalPath=/115/音乐/Milet - Discography [FLAC Songs]/
02-01 20:52:46.078  3323  3383 D SardineWebDAVClient: Mapping resource: name=Billie Eilish FLAC (Amazon), currentPath=/115/音乐/, finalPath=/115/音乐/Billie Eilish FLAC (Amazon)/
02-01 20:52:46.079  3323  3383 D SardineWebDAVClient: Mapping resource: name=100% Billie Eilish - 2024 - FLAC 16BITS 44.1KHZ-EICHBAUM, currentPath=/115/音乐/, finalPath=/115/音乐/100% Billie Eilish - 2024 - FLAC 16BITS 44.1KHZ-EICHBAUM/
02-01 20:52:46.079  3323  3383 D SardineWebDAVClient: Mapping resource: name=自己上传, currentPath=/115/音乐/, finalPath=/115/音乐/自己上传/
02-01 20:52:46.079  3323  3383 D SardineWebDAVClient: Mapping resource: name=凡人修仙传 第一季 动画剧原声带 - A Record of A Mortal's Journey to Immortality~Music, currentPath=/115/音乐/, finalPath=/115/音乐/凡人修仙传 第一季 动画剧原声带 - A Record of A Mortal's Journey to Immortality~Music/
02-01 20:52:46.079  3323  3383 D SardineWebDAVClient: Mapping resource: name=歌手, currentPath=/115/音乐/, finalPath=/115/音乐/歌手/
02-01 20:52:46.079  3323  3383 D SardineWebDAVClient: Mapping resource: name=音乐22万首14.39T音乐包3, currentPath=/115/音乐/, finalPath=/115/音乐/音乐22万首14.39T音乐包3/
02-01 20:52:46.079  3323  3383 D SardineWebDAVClient: Mapping resource: name=跑步, currentPath=/115/音乐/, finalPath=/115/音乐/跑步/
02-01 20:52:46.079  3323  3383 D SardineWebDAVClient: Mapping resource: name=音乐22万首14.39T音乐包2, currentPath=/115/音乐/, finalPath=/115/音乐/音乐22万首14.39T音乐包2/
02-01 20:52:46.079  3323  3383 D SardineWebDAVClient: Mapping resource: name=06 华语无损FLAC 按歌手分类, currentPath=/115/音乐/, finalPath=/115/音乐/06 华语无损FLAC 按歌手分类/
02-01 20:52:46.079  3323  3383 D SardineWebDAVClient: Mapping resource: name=Beyond, currentPath=/115/音乐/, finalPath=/115/音乐/Beyond/
02-01 20:52:46.079  3323  3383 D SardineWebDAVClient: Mapping resource: name=kugou无损[1757个44.57GB], currentPath=/115/音乐/, finalPath=/115/音乐/kugou无损[1757个44.57GB]/
02-01 20:52:46.159   380   530 D audioserver: logFgsApiEnd: FGS Logger Transaction failed, -129
02-01 20:52:48.850   556   892 W BestClock: java.time.DateTimeException: Missing network time fix
02-01 20:52:48.851   556   892 W BestClock: java.time.DateTimeException: Missing network time fix
02-01 20:52:48.851   556   892 W BestClock: java.time.DateTimeException: Missing network time fix
02-01 20:52:48.851   556   892 W BestClock: java.time.DateTimeException: Missing network time fix
02-01 20:52:48.851   556   892 W BestClock: java.time.DateTimeException: Missing network time fix
02-01 20:52:48.880   556   905 W IPCThreadState: Sending oneway calls to frozen process.
02-01 20:52:48.881   556   905 W IPCThreadState: Sending oneway calls to frozen process.
02-01 20:52:48.881   556   905 W IPCThreadState: Sending oneway calls to frozen process.
02-01 20:52:48.881   556   905 W IPCThreadState: Sending oneway calls to frozen process.
02-01 20:52:48.881   556   905 W IPCThreadState: Sending oneway calls to frozen process.
02-01 20:52:48.881   556   905 W IPCThreadState: Sending oneway calls to frozen process.
02-01 20:52:48.883   556   905 W IPCThreadState: Sending oneway calls to frozen process.
02-01 20:52:48.890  1306  2296 I ChimeraSrvcProxy: NullBinder for android.net.action.RECOMMEND_NETWORKS triggering remote TransactionTooLargeException due to Service without Chimera impl
02-01 20:52:48.890  3495  3525 I BugleRcsEngine: Connected state: [1], networkType: [WIFI] [CONTEXT thread_id=53 ]
02-01 20:52:48.890  3495  3538 I BugleRcsEngine: handleMessage processing message:[NOTIFY_UPTIME_IGNORE_STATE_CHANGED] with [non-null]:RcsEngineImpl reference [CONTEXT log_prefix="RcsEngineImpl[DUAL_REG]:[3d37dc4f-5339]>Handler" thread_id=63 ]
02-01 20:52:48.892  1306  2296 W .gms.persistent: Large reply transaction of 1056768 bytes, interface descriptor , code 1
02-01 20:52:48.899  3495  3538 I BugleRcsEngine: No RCS Configuration was found in Bugle for simID: redacted-pii:sim_id[chars:20,last3:897] [CONTEXT log_prefix="ProvisioningEngineDataRetriever" thread_id=63 ]
02-01 20:52:49.028   337 10566 D android.hardware.audio@7.1-impl.ranchu: threadLoop: entering standby, frames: 30300800
02-01 20:52:50.034   380   678 D audioserver: logFgsApiBegin: FGS Logger Transaction failed, -129
02-01 20:52:50.037   556  2249 W AS.PlaybackActivityMon: No piid assigned for invalid/internal port id 15
02-01 20:52:50.067  3323  3377 D EGL_emulation: app_time_stats: avg=219.16ms min=1.10ms max=3865.66ms count=18
02-01 20:52:50.068  3323  3383 D SardineWebDAVClient: Listing files at: http://117.72.50.240:5244/dav/115/音乐/自己上传/
02-01 20:52:50.074  3323  3563 D TrafficStats: tagSocket(167) with statsTag=0xffffffff, statsUid=-1
02-01 20:52:50.143  3323  3383 I System.out: Authenticating for response: Response{protocol=http/1.1, code=401, message=Unauthorized, url=http://117.72.50.240:5244/dav/115/%E9%9F%B3%E4%B9%90/%E8%87%AA%E5%B7%B1%E4%B8%8A%E4%BC%A0/}
