02-01 20:52:51.865  3323  3383 D SardineWebDAVClient: Resource[165]: name=Kate Havnevik - Think Again.flac, path=/dav/115/音乐/自己上传/Kate Havnevik - Think Again.flac, href=/dav/115/%E9%9F%B3%E4%B9%90/%E8%87%AA%E5%B7%B1%E4%B8%8A%E4%BC%A0/Kate%20Havnevik%20-%20Think%20Again.flac, isDir=false
02-01 20:52:51.865  3323  3383 D SardineWebDAVClient: Resource[166]: name=Mochoc - 炎 (ほむら) (火焰).flac, path=/dav/115/音乐/自己上传/Mochoc - 炎 (ほむら) (火焰).flac, href=/dav/115/%E9%9F%B3%E4%B9%90/%E8%87%AA%E5%B7%B1%E4%B8%8A%E4%BC%A0/Mochoc%20-%20%E7%82%8E%20%28%E3%81%BB%E3%82%80%E3%82%89%29%20%28%E7%81%AB%E7%84%B0%29.flac, isDir=false
02-01 20:52:51.865  3323  3383 D SardineWebDAVClient: Resource[167]: name=fd0524c7e13f516c24d9d6c09c446158.flac, path=/dav/115/音乐/自己上传/fd0524c7e13f516c24d9d6c09c446158.flac, href=/dav/115/%E9%9F%B3%E4%B9%90/%E8%87%AA%E5%B7%B1%E4%B8%8A%E4%BC%A0/fd0524c7e13f516c24d9d6c09c446158.flac, isDir=false
02-01 20:52:51.865  3323  3383 D SardineWebDAVClient: Resource[168]: name=莫文蔚 - 电台情歌.flac, path=/dav/115/音乐/自己上传/莫文蔚 - 电台情歌.flac, href=/dav/115/%E9%9F%B3%E4%B9%90/%E8%87%AA%E5%B7%B1%E4%B8%8A%E4%BC%A0/%E8%8E%AB%E6%96%87%E8%94%9A%20-%20%E7%94%B5%E5%8F%B0%E6%83%85%E6%AD%8C.flac, isDir=false
02-01 20:52:51.865  3323  3383 D SardineWebDAVClient: Resource[169]: name=miwa - ヒカリへ (向着阳光).flac, path=/dav/115/音乐/自己上传/miwa - ヒカリへ (向着阳光).flac, href=/dav/115/%E9%9F%B3%E4%B9%90/%E8%87%AA%E5%B7%B1%E4%B8%8A%E4%BC%A0/miwa%20-%20%E3%83%92%E3%82%AB%E3%83%AA%E3%81%B8%20%28%E5%90%91%E7%9D%80%E9%98%B3%E5%85%89%29.flac, isDir=false
02-01 20:52:51.865  3323  3383 D SardineWebDAVClient: Resource[170]: name=Ameria、BEAUZ - Firefly.flac, path=/dav/115/音乐/自己上传/Ameria、BEAUZ - Firefly.flac, href=/dav/115/%E9%9F%B3%E4%B9%90/%E8%87%AA%E5%B7%B1%E4%B8%8A%E4%BC%A0/Ameria%E3%80%81BEAUZ%20-%20Firefly.flac, isDir=false
02-01 20:52:51.865  3323  3383 D SardineWebDAVClient: Resource[171]: name=王力宏 - 我们的歌.flac, path=/dav/115/音乐/自己上传/王力宏 - 我们的歌.flac, href=/dav/115/%E9%9F%B3%E4%B9%90/%E8%87%AA%E5%B7%B1%E4%B8%8A%E4%BC%A0/%E7%8E%8B%E5%8A%9B%E5%AE%8F%20-%20%E6%88%91%E4%BB%AC%E7%9A%84%E6%AD%8C.flac, isDir=false
02-01 20:52:51.865  3323  3383 D SardineWebDAVClient: Resource[172]: name=任然 - 走不出的回忆.flac, path=/dav/115/音乐/自己上传/任然 - 走不出的回忆.flac, href=/dav/115/%E9%9F%B3%E4%B9%90/%E8%87%AA%E5%B7%B1%E4%B8%8A%E4%BC%A0/%E4%BB%BB%E7%84%B6%20-%20%E8%B5%B0%E4%B8%8D%E5%87%BA%E7%9A%84%E5%9B%9E%E5%BF%86.flac, isDir=false
02-01 20:52:51.865  3323  3383 D SardineWebDAVClient: Resource[173]: name=A-Lin - 难得孤寂.flac, path=/dav/115/音乐/自己上传/A-Lin - 难得孤寂.flac, href=/dav/115/%E9%9F%B3%E4%B9%90/%E8%87%AA%E5%B7%B1%E4%B8%8A%E4%BC%A0/A-Lin%20-%20%E9%9A%BE%E5%BE%97%E5%AD%A4%E5%AF%82.flac, isDir=false
02-01 20:52:51.865  3323  3383 D SardineWebDAVClient: Resource[174]: name=陈洁丽 - 红茶馆.flac, path=/dav/115/音乐/自己上传/陈洁丽 - 红茶馆.flac, href=/dav/115/%E9%9F%B3%E4%B9%90/%E8%87%AA%E5%B7%B1%E4%B8%8A%E4%BC%A0/%E9%99%88%E6%B4%81%E4%B8%BD%20-%20%E7%BA%A2%E8%8C%B6%E9%A6%86.flac, isDir=false
02-01 20:52:51.865  3323  3383 D SardineWebDAVClient: Resource[175]: name=41d7fcf8e38ec1ff326fec0aa55c4db3.flac, path=/dav/115/音乐/自己上传/41d7fcf8e38ec1ff326fec0aa55c4db3.flac, href=/dav/115/%E9%9F%B3%E4%B9%90/%E8%87%AA%E5%B7%B1%E4%B8%8A%E4%BC%A0/41d7fcf8e38ec1ff326fec0aa55c4db3.flac, isDir=false
02-01 20:52:51.865  3323  3383 D SardineWebDAVClient: Resource[176]: name=Keira Knightley - Lost Stars.flac, path=/dav/115/音乐/自己上传/Keira Knightley - Lost Stars.flac, href=/dav/115/%E9%9F%B3%E4%B9%90/%E8%87%AA%E5%B7%B1%E4%B8%8A%E4%BC%A0/Keira%20Knightley%20-%20Lost%20Stars.flac, isDir=false
02-01 20:52:51.865  3323  3383 D SardineWebDAVClient: Resource[177]: name=Westlife - I Need You.flac, path=/dav/115/音乐/自己上传/Westlife - I Need You.flac, href=/dav/115/%E9%9F%B3%E4%B9%90/%E8%87%AA%E5%B7%B1%E4%B8%8A%E4%BC%A0/Westlife%20-%20I%20Need%20You.flac, isDir=false
02-01 20:52:51.865  3323  3383 D SardineWebDAVClient: Resource[178]: name=华语群星 - 加州旅馆.flac, path=/dav/115/音乐/自己上传/华语群星 - 加州旅馆.flac, href=/dav/115/%E9%9F%B3%E4%B9%90/%E8%87%AA%E5%B7%B1%E4%B8%8A%E4%BC%A0/%E5%8D%8E%E8%AF%AD%E7%BE%A4%E6%98%9F%20-%20%E5%8A%A0%E5%B7%9E%E6%97%85%E9%A6%86.flac, isDir=false
02-01 20:52:51.865  3323  3383 D SardineWebDAVClient: Resource[179]: name=Olly Murs - That Girl.flac, path=/dav/115/音乐/自己上传/Olly Murs - That Girl.flac, href=/dav/115/%E9%9F%B3%E4%B9%90/%E8%87%AA%E5%B7%B1%E4%B8%8A%E4%BC%A0/Olly%20Murs%20-%20That%20Girl.flac, isDir=false
02-01 20:52:51.865  3323  3383 D SardineWebDAVClient: Resource[180]: name=PASCALS - 夜がきても朝がきても.flac, path=/dav/115/音乐/自己上传/PASCALS - 夜がきても朝がきても.flac, href=/dav/115/%E9%9F%B3%E4%B9%90/%E8%87%AA%E5%B7%B1%E4%B8%8A%E4%BC%A0/PASCALS%20-%20%E5%A4%9C%E3%81%8B%E3%82%99%E3%81%8D%E3%81%A6%E3%82%82%E6%9C%9D%E3%81%8B%E3%82%99%E3%81%8D%E3%81%A6%E3%82%82.flac, isDir=false
02-01 20:52:51.865  3323  3383 D SardineWebDAVClient: Resource[181]: name=赵慧仙 - 好好爱自己.flac, path=/dav/115/音乐/自己上传/赵慧仙 - 好好爱自己.flac, href=/dav/115/%E9%9F%B3%E4%B9%90/%E8%87%AA%E5%B7%B1%E4%B8%8A%E4%BC%A0/%E8%B5%B5%E6%85%A7%E4%BB%99%20-%20%E5%A5%BD%E5%A5%BD%E7%88%B1%E8%87%AA%E5%B7%B1.flac, isDir=false
02-01 20:52:51.865  3323  3383 D SardineWebDAVClient: Resource[182]: name=Paula DeAnda - Overloved.flac, path=/dav/115/音乐/自己上传/Paula DeAnda - Overloved.flac, href=/dav/115/%E9%9F%B3%E4%B9%90/%E8%87%AA%E5%B7%B1%E4%B8%8A%E4%BC%A0/Paula%20DeAnda%20-%20Overloved.flac, isDir=false
02-01 20:52:51.866  3323  3383 D SardineWebDAVClient: Resource[183]: name=鹿乃 - アイロニ (反语).flac, path=/dav/115/音乐/自己上传/鹿乃 - アイロニ (反语).flac, href=/dav/115/%E9%9F%B3%E4%B9%90/%E8%87%AA%E5%B7%B1%E4%B8%8A%E4%BC%A0/%E9%B9%BF%E4%B9%83%20-%20%E3%82%A2%E3%82%A4%E3%83%AD%E3%83%8B%20%28%E5%8F%8D%E8%AF%AD%29.flac, isDir=false
02-01 20:52:51.866  3323  3383 D SardineWebDAVClient: Resource[184]: name=于翔 - 写给我们的一封信.flac, path=/dav/115/音乐/自己上传/于翔 - 写给我们的一封信.flac, href=/dav/115/%E9%9F%B3%E4%B9%90/%E8%87%AA%E5%B7%B1%E4%B8%8A%E4%BC%A0/%E4%BA%8E%E7%BF%94%20-%20%E5%86%99%E7%BB%99%E6%88%91%E4%BB%AC%E7%9A%84%E4%B8%80%E5%B0%81%E4%BF%A1.flac, isDir=false
02-01 20:52:51.866  3323  3383 D SardineWebDAVClient: Resource[185]: name=冯提莫 - 刚好遇见你.flac, path=/dav/115/音乐/自己上传/冯提莫 - 刚好遇见你.flac, href=/dav/115/%E9%9F%B3%E4%B9%90/%E8%87%AA%E5%B7%B1%E4%B8%8A%E4%BC%A0/%E5%86%AF%E6%8F%90%E8%8E%AB%20-%20%E5%88%9A%E5%A5%BD%E9%81%87%E8%A7%81%E4%BD%A0.flac, isDir=false
02-01 20:52:51.866  3323  3383 D SardineWebDAVClient: Resource[186]: name=瑶一瑶 - 我试着.flac, path=/dav/115/音乐/自己上传/瑶一瑶 - 我试着.flac, href=/dav/115/%E9%9F%B3%E4%B9%90/%E8%87%AA%E5%B7%B1%E4%B8%8A%E4%BC%A0/%E7%91%B6%E4%B8%80%E7%91%B6%20-%20%E6%88%91%E8%AF%95%E7%9D%80.flac, isDir=false
02-01 20:52:51.866  3323  3383 D SardineWebDAVClient: Resource[187]: name=27ccb7204b604ea291ee56df456383de.flac, path=/dav/115/音乐/自己上传/27ccb7204b604ea291ee56df456383de.flac, href=/dav/115/%E9%9F%B3%E4%B9%90/%E8%87%AA%E5%B7%B1%E4%B8%8A%E4%BC%A0/27ccb7204b604ea291ee56df456383de.flac, isDir=false
02-01 20:52:51.866  3323  3383 D SardineWebDAVClient: Resource[188]: name=何洁 - 小情书.flac, path=/dav/115/音乐/自己上传/何洁 - 小情书.flac, href=/dav/115/%E9%9F%B3%E4%B9%90/%E8%87%AA%E5%B7%B1%E4%B8%8A%E4%BC%A0/%E4%BD%95%E6%B4%81%20-%20%E5%B0%8F%E6%83%85%E4%B9%A6.flac, isDir=false
02-01 20:52:51.866  3323  3383 D SardineWebDAVClient: Resource[189]: name=Kim Taylor - I Am You.flac, path=/dav/115/音乐/自己上传/Kim Taylor - I Am You.flac, href=/dav/115/%E9%9F%B3%E4%B9%90/%E8%87%AA%E5%B7%B1%E4%B8%8A%E4%BC%A0/Kim%20Taylor%20-%20I%20Am%20You.flac, isDir=false
02-01 20:52:51.866  3323  3383 D SardineWebDAVClient: Resource[190]: name=童丽 - 逝去的诺言.flac, path=/dav/115/音乐/自己上传/童丽 - 逝去的诺言.flac, href=/dav/115/%E9%9F%B3%E4%B9%90/%E8%87%AA%E5%B7%B1%E4%B8%8A%E4%BC%A0/%E7%AB%A5%E4%B8%BD%20-%20%E9%80%9D%E5%8E%BB%E7%9A%84%E8%AF%BA%E8%A8%80.flac, isDir=false
02-01 20:52:51.866  3323  3383 D SardineWebDAVClient: Resource[191]: name=1f36faacbfb1b8e449bc09a35fccd623.flac, path=/dav/115/音乐/自己上传/1f36faacbfb1b8e449bc09a35fccd623.flac, href=/dav/115/%E9%9F%B3%E4%B9%90/%E8%87%AA%E5%B7%B1%E4%B8%8A%E4%BC%A0/1f36faacbfb1b8e449bc09a35fccd623.flac, isDir=false
02-01 20:52:51.866  3323  3383 D SardineWebDAVClient: Resource[192]: name=Sissel - Keep Falling Down.flac, path=/dav/115/音乐/自己上传/Sissel - Keep Falling Down.flac, href=/dav/115/%E9%9F%B3%E4%B9%90/%E8%87%AA%E5%B7%B1%E4%B8%8A%E4%BC%A0/Sissel%20-%20Keep%20Falling%20Down.flac, isDir=false
02-01 20:52:51.866  3323  3383 D SardineWebDAVClient: Resource[193]: name=许嵩 - 山水之间.flac, path=/dav/115/音乐/自己上传/许嵩 - 山水之间.flac, href=/dav/115/%E9%9F%B3%E4%B9%90/%E8%87%AA%E5%B7%B1%E4%B8%8A%E4%BC%A0/%E8%AE%B8%E5%B5%A9%20-%20%E5%B1%B1%E6%B0%B4%E4%B9%8B%E9%97%B4.flac, isDir=false
02-01 20:52:51.866  3495  3525 I BugleRcsEngine: Connected state: [1], networkType: [WIFI] [CONTEXT thread_id=53 ]
02-01 20:52:51.866  3323  3383 D SardineWebDAVClient: Resource[194]: name=Nikki Jamal - Priceless.flac, path=/dav/115/音乐/自己上传/Nikki Jamal - Priceless.flac, href=/dav/115/%E9%9F%B3%E4%B9%90/%E8%87%AA%E5%B7%B1%E4%B8%8A%E4%BC%A0/Nikki%20Jamal%20-%20Priceless.flac, isDir=false
02-01 20:52:51.866  3323  3383 D SardineWebDAVClient: Resource[195]: name=Maximilian Hecker - Anaesthesia.flac, path=/dav/115/音乐/自己上传/Maximilian Hecker - Anaesthesia.flac, href=/dav/115/%E9%9F%B3%E4%B9%90/%E8%87%AA%E5%B7%B1%E4%B8%8A%E4%BC%A0/Maximilian%20Hecker%20-%20Anaesthesia.flac, isDir=false
02-01 20:52:51.866  3323  3383 D SardineWebDAVClient: Resource[196]: name=丁当 - 不是你的错.flac, path=/dav/115/音乐/自己上传/丁当 - 不是你的错.flac, href=/dav/115/%E9%9F%B3%E4%B9%90/%E8%87%AA%E5%B7%B1%E4%B8%8A%E4%BC%A0/%E4%B8%81%E5%BD%93%20-%20%E4%B8%8D%E6%98%AF%E4%BD%A0%E7%9A%84%E9%94%99.flac, isDir=false
02-01 20:52:51.866  3323  3383 D SardineWebDAVClient: Resource[197]: name=3f9dfd37609e479901a953066e1ae16e.flac, path=/dav/115/音乐/自己上传/3f9dfd37609e479901a953066e1ae16e.flac, href=/dav/115/%E9%9F%B3%E4%B9%90/%E8%87%AA%E5%B7%B1%E4%B8%8A%E4%BC%A0/3f9dfd37609e479901a953066e1ae16e.flac, isDir=false
02-01 20:52:51.866  3323  3383 D SardineWebDAVClient: Resource[198]: name=齐修远 - 爱故生忧 (Betrayal).flac, path=/dav/115/音乐/自己上传/齐修远 - 爱故生忧 (Betrayal).flac, href=/dav/115/%E9%9F%B3%E4%B9%90/%E8%87%AA%E5%B7%B1%E4%B8%8A%E4%BC%A0/%E9%BD%90%E4%BF%AE%E8%BF%9C%20-%20%E7%88%B1%E6%95%85%E7%94%9F%E5%BF%A7%20%28Betrayal%29.flac, isDir=false
02-01 20:52:51.866  3323  3383 D SardineWebDAVClient: Resource[199]: name=泪鑫 - 其实没什么感觉.flac, path=/dav/115/音乐/自己上传/泪鑫 - 其实没什么感觉.flac, href=/dav/115/%E9%9F%B3%E4%B9%90/%E8%87%AA%E5%B7%B1%E4%B8%8A%E4%BC%A0/%E6%B3%AA%E9%91%AB%20-%20%E5%85%B6%E5%AE%9E%E6%B2%A1%E4%BB%80%E4%B9%88%E6%84%9F%E8%A7%89.flac, isDir=false
02-01 20:52:51.866  3323  3383 D SardineWebDAVClient: Resource[200]: name=05a406afd0de1bb2ceedd67f38879848.flac, path=/dav/115/音乐/自己上传/05a406afd0de1bb2ceedd67f38879848.flac, href=/dav/115/%E9%9F%B3%E4%B9%90/%E8%87%AA%E5%B7%B1%E4%B8%8A%E4%BC%A0/05a406afd0de1bb2ceedd67f38879848.flac, isDir=false
02-01 20:52:51.866  3323  3383 D SardineWebDAVClient: Resource[201]: name=苏慧伦 - 被动.flac, path=/dav/115/音乐/自己上传/苏慧伦 - 被动.flac, href=/dav/115/%E9%9F%B3%E4%B9%90/%E8%87%AA%E5%B7%B1%E4%B8%8A%E4%BC%A0/%E8%8B%8F%E6%85%A7%E4%BC%A6%20-%20%E8%A2%AB%E5%8A%A8.flac, isDir=false
02-01 20:52:51.866  3323  3383 D SardineWebDAVClient: Resource[202]: name=4d9483e5266c10158e99d3314c9e5af9.flac, path=/dav/115/音乐/自己上传/4d9483e5266c10158e99d3314c9e5af9.flac, href=/dav/115/%E9%9F%B3%E4%B9%90/%E8%87%AA%E5%B7%B1%E4%B8%8A%E4%BC%A0/4d9483e5266c10158e99d3314c9e5af9.flac, isDir=false
02-01 20:52:51.867  3323  3383 D SardineWebDAVClient: Resource[203]: name=77c36e57707064f2cb371d6f636afee8.flac, path=/dav/115/音乐/自己上传/77c36e57707064f2cb371d6f636afee8.flac, href=/dav/115/%E9%9F%B3%E4%B9%90/%E8%87%AA%E5%B7%B1%E4%B8%8A%E4%BC%A0/77c36e57707064f2cb371d6f636afee8.flac, isDir=false
02-01 20:52:51.867  3323  3383 D SardineWebDAVClient: Resource[204]: name=99c07c7bc10b8e7fdb7c5f82b0a85c4f.flac, path=/dav/115/音乐/自己上传/99c07c7bc10b8e7fdb7c5f82b0a85c4f.flac, href=/dav/115/%E9%9F%B3%E4%B9%90/%E8%87%AA%E5%B7%B1%E4%B8%8A%E4%BC%A0/99c07c7bc10b8e7fdb7c5f82b0a85c4f.flac, isDir=false
02-01 20:52:51.867  3323  3383 D SardineWebDAVClient: Resource[205]: name=南條愛乃 - 君が笑む夕暮れ (有你微笑的黄昏).flac, path=/dav/115/音乐/自己上传/南條愛乃 - 君が笑む夕暮れ (有你微笑的黄昏).flac, href=/dav/115/%E9%9F%B3%E4%B9%90/%E8%87%AA%E5%B7%B1%E4%B8%8A%E4%BC%A0/%E5%8D%97%E6%A2%9D%E6%84%9B%E4%B9%83%20-%20%E5%90%9B%E3%81%8B%E3%82%99%E7%AC%91%E3%82%80%E5%A4%95%E6%9A%AE%E3%82%8C%20%28%E6%9C%89%E4%BD%A0%E5%BE%AE%E7%AC%91%E7%9A%84%E9%BB%84%E6%98%8F%29.flac, isDir=false
02-01 20:52:51.867  3323  3383 D SardineWebDAVClient: Resource[206]: name=3b9821be239dacf31feee150595a2364.flac, path=/dav/115/音乐/自己上传/3b9821be239dacf31feee150595a2364.flac, href=/dav/115/%E9%9F%B3%E4%B9%90/%E8%87%AA%E5%B7%B1%E4%B8%8A%E4%BC%A0/3b9821be239dacf31feee150595a2364.flac, isDir=false
02-01 20:52:51.867  3323  3383 D SardineWebDAVClient: Resource[207]: name=张碧晨 - 时光笔墨.flac, path=/dav/115/音乐/自己上传/张碧晨 - 时光笔墨.flac, href=/dav/115/%E9%9F%B3%E4%B9%90/%E8%87%AA%E5%B7%B1%E4%B8%8A%E4%BC%A0/%E5%BC%A0%E7%A2%A7%E6%99%A8%20-%20%E6%97%B6%E5%85%89%E7%AC%94%E5%A2%A8.flac, isDir=false
02-01 20:52:51.868  3323  3383 D SardineWebDAVClient: Resource[208]: name=Lenka - Blue Skies.flac, path=/dav/115/音乐/自己上传/Lenka - Blue Skies.flac, href=/dav/115/%E9%9F%B3%E4%B9%90/%E8%87%AA%E5%B7%B1%E4%B8%8A%E4%BC%A0/Lenka%20-%20Blue%20Skies.flac, isDir=false
02-01 20:52:51.868  3323  3383 D SardineWebDAVClient: Resource[209]: name=a93c9f066f09d65c72133cd2e5a1df8c.flac, path=/dav/115/音乐/自己上传/a93c9f066f09d65c72133cd2e5a1df8c.flac, href=/dav/115/%E9%9F%B3%E4%B9%90/%E8%87%AA%E5%B7%B1%E4%B8%8A%E4%BC%A0/a93c9f066f09d65c72133cd2e5a1df8c.flac, isDir=false
02-01 20:52:51.868  3323  3383 D SardineWebDAVClient: Resource[210]: name=陈慧娴、张学友 - 轻抚你的脸 (Live).flac, path=/dav/115/音乐/自己上传/陈慧娴、张学友 - 轻抚你的脸 (Live).flac, href=/dav/115/%E9%9F%B3%E4%B9%90/%E8%87%AA%E5%B7%B1%E4%B8%8A%E4%BC%A0/%E9%99%88%E6%85%A7%E5%A8%B4%E3%80%81%E5%BC%A0%E5%AD%A6%E5%8F%8B%20-%20%E8%BD%BB%E6%8A%9A%E4%BD%A0%E7%9A%84%E8%84%B8%20%28Live%29.flac, isDir=false
02-01 20:52:51.868  3323  3383 D SardineWebDAVClient: Resource[211]: name=李克勤 - 没有你，赢了世界又如何.flac, path=/dav/115/音乐/自己上传/李克勤 - 没有你，赢了世界又如何.flac, href=/dav/115/%E9%9F%B3%E4%B9%90/%E8%87%AA%E5%B7%B1%E4%B8%8A%E4%BC%A0/%E6%9D%8E%E5%85%8B%E5%8B%A4%20-%20%E6%B2%A1%E6%9C%89%E4%BD%A0%EF%BC%8C%E8%B5%A2%E4%BA%86%E4%B8%96%E7%95%8C%E5%8F%88%E5%A6%82%E4%BD%95.flac, isDir=false
02-01 20:52:51.868  3323  3383 D SardineWebDAVClient: Resource[212]: name=The One - 我们相爱吧 (深情版).flac, path=/dav/115/音乐/自己上传/The One - 我们相爱吧 (深情版).flac, href=/dav/115/%E9%9F%B3%E4%B9%90/%E8%87%AA%E5%B7%B1%E4%B8%8A%E4%BC%A0/The%20One%20-%20%E6%88%91%E4%BB%AC%E7%9B%B8%E7%88%B1%E5%90%A7%20%28%E6%B7%B1%E6%83%85%E7%89%88%29.flac, isDir=false
02-01 20:52:51.868  3323  3383 D SardineWebDAVClient: Resource[213]: name=AKB48 - 恋するフォーチュンクッキー (恋爱幸运曲奇).flac, path=/dav/115/音乐/自己上传/AKB48 - 恋するフォーチュンクッキー (恋爱幸运曲奇).flac, href=/dav/115/%E9%9F%B3%E4%B9%90/%E8%87%AA%E5%B7%B1%E4%B8%8A%E4%BC%A0/AKB48%20-%20%E6%81%8B%E3%81%99%E3%82%8B%E3%83%95%E3%82%A9%E3%83%BC%E3%83%81%E3%83%A5%E3%83%B3%E3%82%AF%E3%83%83%E3%82%AD%E3%83%BC%20%28%E6%81%8B%E7%88%B1%E5%B9%B8%E8%BF%90%E6%9B%B2%E5%A5%87%29.flac, isDir=false
02-01 20:52:51.868  3323  3383 D SardineWebDAVClient: Resource[214]: name=祁圣翰 - 说好了.flac, path=/dav/115/音乐/自己上传/祁圣翰 - 说好了.flac, href=/dav/115/%E9%9F%B3%E4%B9%90/%E8%87%AA%E5%B7%B1%E4%B8%8A%E4%BC%A0/%E7%A5%81%E5%9C%A3%E7%BF%B0%20-%20%E8%AF%B4%E5%A5%BD%E4%BA%86.flac, isDir=false
02-01 20:52:51.868  3323  3383 D SardineWebDAVClient: Resource[215]: name=张晓棠 - 苏幕遮.flac, path=/dav/115/音乐/自己上传/张晓棠 - 苏幕遮.flac, href=/dav/115/%E9%9F%B3%E4%B9%90/%E8%87%AA%E5%B7%B1%E4%B8%8A%E4%BC%A0/%E5%BC%A0%E6%99%93%E6%A3%A0%20-%20%E8%8B%8F%E5%B9%95%E9%81%AE.flac, isDir=false
02-01 20:52:51.868  3323  3383 D SardineWebDAVClient: Resource[216]: name=常石磊 - 把悲伤留给自己.flac, path=/dav/115/音乐/自己上传/常石磊 - 把悲伤留给自己.flac, href=/dav/115/%E9%9F%B3%E4%B9%90/%E8%87%AA%E5%B7%B1%E4%B8%8A%E4%BC%A0/%E5%B8%B8%E7%9F%B3%E7%A3%8A%20-%20%E6%8A%8A%E6%82%B2%E4%BC%A4%E7%95%99%E7%BB%99%E8%87%AA%E5%B7%B1.flac, isDir=false
02-01 20:52:51.869  3323  3383 D SardineWebDAVClient: Resource[217]: name=李圣杰 - 擦肩而过.flac, path=/dav/115/音乐/自己上传/李圣杰 - 擦肩而过.flac, href=/dav/115/%E9%9F%B3%E4%B9%90/%E8%87%AA%E5%B7%B1%E4%B8%8A%E4%BC%A0/%E6%9D%8E%E5%9C%A3%E6%9D%B0%20-%20%E6%93%A6%E8%82%A9%E8%80%8C%E8%BF%87.flac, isDir=false
02-01 20:52:51.869  3323  3383 D SardineWebDAVClient: Resource[218]: name=MYTH & ROID - STYX HELIX.flac, path=/dav/115/音乐/自己上传/MYTH & ROID - STYX HELIX.flac, href=/dav/115/%E9%9F%B3%E4%B9%90/%E8%87%AA%E5%B7%B1%E4%B8%8A%E4%BC%A0/MYTH%20&%20ROID%20-%20STYX%20HELIX.flac, isDir=false
02-01 20:52:51.869  3323  3383 D SardineWebDAVClient: Resource[219]: name=林东 - 原来.flac, path=/dav/115/音乐/自己上传/林东 - 原来.flac, href=/dav/115/%E9%9F%B3%E4%B9%90/%E8%87%AA%E5%B7%B1%E4%B8%8A%E4%BC%A0/%E6%9E%97%E4%B8%9C%20-%20%E5%8E%9F%E6%9D%A5.flac, isDir=false
02-01 20:52:51.869  3323  3383 D SardineWebDAVClient: Resource[220]: name=金琳 - 雨落长安.flac, path=/dav/115/音乐/自己上传/金琳 - 雨落长安.flac, href=/dav/115/%E9%9F%B3%E4%B9%90/%E8%87%AA%E5%B7%B1%E4%B8%8A%E4%BC%A0/%E9%87%91%E7%90%B3%20-%20%E9%9B%A8%E8%90%BD%E9%95%BF%E5%AE%89.flac, isDir=false
02-01 20:52:51.869  3323  3383 D SardineWebDAVClient: Resource[221]: name=潘辰 - 流泪.flac, path=/dav/115/音乐/自己上传/潘辰 - 流泪.flac, href=/dav/115/%E9%9F%B3%E4%B9%90/%E8%87%AA%E5%B7%B1%E4%B8%8A%E4%BC%A0/%E6%BD%98%E8%BE%B0%20-%20%E6%B5%81%E6%B3%AA.flac, isDir=false
02-01 20:52:51.869  3323  3383 D SardineWebDAVClient: Resource[222]: name=黄霄雲 - 左手指月 (Live).flac, path=/dav/115/音乐/自己上传/黄霄雲 - 左手指月 (Live).flac, href=/dav/115/%E9%9F%B3%E4%B9%90/%E8%87%AA%E5%B7%B1%E4%B8%8A%E4%BC%A0/%E9%BB%84%E9%9C%84%E9%9B%B2%20-%20%E5%B7%A6%E6%89%8B%E6%8C%87%E6%9C%88%20%28Live%29.flac, isDir=false
02-01 20:52:51.869  3323  3383 D SardineWebDAVClient: Resource[223]: name=Stevie Hoang - Rainbow.flac, path=/dav/115/音乐/自己上传/Stevie Hoang - Rainbow.flac, href=/dav/115/%E9%9F%B3%E4%B9%90/%E8%87%AA%E5%B7%B1%E4%B8%8A%E4%BC%A0/Stevie%20Hoang%20-%20Rainbow.flac, isDir=false
02-01 20:52:51.869  3323  3383 D SardineWebDAVClient: Resource[224]: name=72010b726d1ae1ede3b5194ce36c2aac.flac, path=/dav/115/音乐/自己上传/72010b726d1ae1ede3b5194ce36c2aac.flac, href=/dav/115/%E9%9F%B3%E4%B9%90/%E8%87%AA%E5%B7%B1%E4%B8%8A%E4%BC%A0/72010b726d1ae1ede3b5194ce36c2aac.flac, isDir=false
02-01 20:52:51.869  3323  3383 D SardineWebDAVClient: Resource[225]: name=童丽 - 飘雪.flac, path=/dav/115/音乐/自己上传/童丽 - 飘雪.flac, href=/dav/115/%E9%9F%B3%E4%B9%90/%E8%87%AA%E5%B7%B1%E4%B8%8A%E4%BC%A0/%E7%AB%A5%E4%B8%BD%20-%20%E9%A3%98%E9%9B%AA.flac, isDir=false
02-01 20:52:51.869  3323  3383 D SardineWebDAVClient: Resource[226]: name=张海滨 - 爱过了也伤过了.flac, path=/dav/115/音乐/自己上传/张海滨 - 爱过了也伤过了.flac, href=/dav/115/%E9%9F%B3%E4%B9%90/%E8%87%AA%E5%B7%B1%E4%B8%8A%E4%BC%A0/%E5%BC%A0%E6%B5%B7%E6%BB%A8%20-%20%E7%88%B1%E8%BF%87%E4%BA%86%E4%B9%9F%E4%BC%A4%E8%BF%87%E4%BA%86.flac, isDir=false
02-01 20:52:51.869  3323  3383 D SardineWebDAVClient: Resource[227]: name=夏婉安 - 伤心的泪.flac, path=/dav/115/音乐/自己上传/夏婉安 - 伤心的泪.flac, href=/dav/115/%E9%9F%B3%E4%B9%90/%E8%87%AA%E5%B7%B1%E4%B8%8A%E4%BC%A0/%E5%A4%8F%E5%A9%89%E5%AE%89%20-%20%E4%BC%A4%E5%BF%83%E7%9A%84%E6%B3%AA.flac, isDir=false
02-01 20:52:51.869  3323  3383 D SardineWebDAVClient: Resource[228]: name=Ghostly Kisses - Zombie.flac, path=/dav/115/音乐/自己上传/Ghostly Kisses - Zombie.flac, href=/dav/115/%E9%9F%B3%E4%B9%90/%E8%87%AA%E5%B7%B1%E4%B8%8A%E4%BC%A0/Ghostly%20Kisses%20-%20Zombie.flac, isDir=false
02-01 20:52:51.869  3323  3383 D SardineWebDAVClient: Resource[229]: name=张梦弘 - 朱丽叶的秋天.flac, path=/dav/115/音乐/自己上传/张梦弘 - 朱丽叶的秋天.flac, href=/dav/115/%E9%9F%B3%E4%B9%90/%E8%87%AA%E5%B7%B1%E4%B8%8A%E4%BC%A0/%E5%BC%A0%E6%A2%A6%E5%BC%98%20-%20%E6%9C%B1%E4%B8%BD%E5%8F%B6%E7%9A%84%E7%A7%8B%E5%A4%A9.flac, isDir=false
02-01 20:52:51.869  3323  3383 D SardineWebDAVClient: Resource[230]: name=Shocking Blue - Venus.flac, path=/dav/115/音乐/自己上传/Shocking Blue - Venus.flac, href=/dav/115/%E9%9F%B3%E4%B9%90/%E8%87%AA%E5%B7%B1%E4%B8%8A%E4%BC%A0/Shocking%20Blue%20-%20Venus.flac, isDir=false
02-01 20:52:51.869  3323  3383 D SardineWebDAVClient: Resource[231]: name=徐薇 - Last Dance.flac, path=/dav/115/音乐/自己上传/徐薇 - Last Dance.flac, href=/dav/115/%E9%9F%B3%E4%B9%90/%E8%87%AA%E5%B7%B1%E4%B8%8A%E4%BC%A0/%E5%BE%90%E8%96%87%20-%20Last%20Dance.flac, isDir=false
02-01 20:52:51.869   556   905 W IPCThreadState: Sending oneway calls to frozen process.
02-01 20:52:51.869  3323  3383 D SardineWebDAVClient: Resource[232]: name=710bf05f93f118bf5c292fa14ef6d041.flac, path=/dav/115/音乐/自己上传/710bf05f93f118bf5c292fa14ef6d041.flac, href=/dav/115/%E9%9F%B3%E4%B9%90/%E8%87%AA%E5%B7%B1%E4%B8%8A%E4%BC%A0/710bf05f93f118bf5c292fa14ef6d041.flac, isDir=false
02-01 20:52:51.869  3323  3383 D SardineWebDAVClient: Resource[233]: name=Westlife - Written in the Stars.flac, path=/dav/115/音乐/自己上传/Westlife - Written in the Stars.flac, href=/dav/115/%E9%9F%B3%E4%B9%90/%E8%87%AA%E5%B7%B1%E4%B8%8A%E4%BC%A0/Westlife%20-%20Written%20in%20the%20Stars.flac, isDir=false
02-01 20:52:51.869  3323  3383 D SardineWebDAVClient: Resource[234]: name=枯木逢春 - 这一生关于你的风景.flac, path=/dav/115/音乐/自己上传/枯木逢春 - 这一生关于你的风景.flac, href=/dav/115/%E9%9F%B3%E4%B9%90/%E8%87%AA%E5%B7%B1%E4%B8%8A%E4%BC%A0/%E6%9E%AF%E6%9C%A8%E9%80%A2%E6%98%A5%20-%20%E8%BF%99%E4%B8%80%E7%94%9F%E5%85%B3%E4%BA%8E%E4%BD%A0%E7%9A%84%E9%A3%8E%E6%99%AF.flac, isDir=false
02-01 20:52:51.869   556   905 W IPCThreadState: Sending oneway calls to frozen process.
02-01 20:52:51.869  3323  3383 D SardineWebDAVClient: Resource[235]: name=闻音来过 - 错位时空.flac, path=/dav/115/音乐/自己上传/闻音来过 - 错位时空.flac, href=/dav/115/%E9%9F%B3%E4%B9%90/%E8%87%AA%E5%B7%B1%E4%B8%8A%E4%BC%A0/%E9%97%BB%E9%9F%B3%E6%9D%A5%E8%BF%87%20-%20%E9%94%99%E4%BD%8D%E6%97%B6%E7%A9%BA.flac, isDir=false
02-01 20:52:51.869  3323  3383 D SardineWebDAVClient: Resource[236]: name=罗震环 - 爱不老.flac, path=/dav/115/音乐/自己上传/罗震环 - 爱不老.flac, href=/dav/115/%E9%9F%B3%E4%B9%90/%E8%87%AA%E5%B7%B1%E4%B8%8A%E4%BC%A0/%E7%BD%97%E9%9C%87%E7%8E%AF%20-%20%E7%88%B1%E4%B8%8D%E8%80%81.flac, isDir=false
02-01 20:52:51.869  3323  3383 D SardineWebDAVClient: Resource[237]: name=wacci - キラメキ (闪烁微光).flac, path=/dav/115/音乐/自己上传/wacci - キラメキ (闪烁微光).flac, href=/dav/115/%E9%9F%B3%E4%B9%90/%E8%87%AA%E5%B7%B1%E4%B8%8A%E4%BC%A0/wacci%20-%20%E3%82%AD%E3%83%A9%E3%83%A1%E3%82%AD%20%28%E9%97%AA%E7%83%81%E5%BE%AE%E5%85%89%29.flac, isDir=false
02-01 20:52:51.870  3323  3383 D SardineWebDAVClient: Resource[238]: name=9d451b4a9b6aaa61235eddfa0dbb4571.flac, path=/dav/115/音乐/自己上传/9d451b4a9b6aaa61235eddfa0dbb4571.flac, href=/dav/115/%E9%9F%B3%E4%B9%90/%E8%87%AA%E5%B7%B1%E4%B8%8A%E4%BC%A0/9d451b4a9b6aaa61235eddfa0dbb4571.flac, isDir=false
02-01 20:52:51.870  3323  3383 D SardineWebDAVClient: Resource[239]: name=周华健 - 孤枕难眠.flac, path=/dav/115/音乐/自己上传/周华健 - 孤枕难眠.flac, href=/dav/115/%E9%9F%B3%E4%B9%90/%E8%87%AA%E5%B7%B1%E4%B8%8A%E4%BC%A0/%E5%91%A8%E5%8D%8E%E5%81%A5%20-%20%E5%AD%A4%E6%9E%95%E9%9A%BE%E7%9C%A0.flac, isDir=false
02-01 20:52:51.870  3323  3383 D SardineWebDAVClient: Resource[240]: name=童丽 - 偏偏喜欢你.flac, path=/dav/115/音乐/自己上传/童丽 - 偏偏喜欢你.flac, href=/dav/115/%E9%9F%B3%E4%B9%90/%E8%87%AA%E5%B7%B1%E4%B8%8A%E4%BC%A0/%E7%AB%A5%E4%B8%BD%20-%20%E5%81%8F%E5%81%8F%E5%96%9C%E6%AC%A2%E4%BD%A0.flac, isDir=false
02-01 20:52:51.870  3323  3383 D SardineWebDAVClient: Resource[241]: name=任宰范 - 너를 위해 (为了你).flac, path=/dav/115/音乐/自己上传/任宰范 - 너를 위해 (为了你).flac, href=/dav/115/%E9%9F%B3%E4%B9%90/%E8%87%AA%E5%B7%B1%E4%B8%8A%E4%BC%A0/%E4%BB%BB%E5%AE%B0%E8%8C%83%20-%20%E1%84%82%E1%85%A5%E1%84%85%E1%85%B3%E1%86%AF%20%E1%84%8B%E1%85%B1%E1%84%92%E1%85%A2%20%28%E4%B8%BA%E4%BA%86%E4%BD%A0%29.flac, isDir=false
02-01 20:52:51.870  3323  3383 D SardineWebDAVClient: Resource[242]: name=Marié Digby - やさしい気持ち (温柔的心情).flac, path=/dav/115/音乐/自己上传/Marié Digby - やさしい気持ち (温柔的心情).flac, href=/dav/115/%E9%9F%B3%E4%B9%90/%E8%87%AA%E5%B7%B1%E4%B8%8A%E4%BC%A0/Marie%CC%81%20Digby%20-%20%E3%82%84%E3%81%95%E3%81%97%E3%81%84%E6%B0%97%E6%8C%81%E3%81%A1%20%28%E6%B8%A9%E6%9F%94%E7%9A%84%E5%BF%83%E6%83%85%29.flac, isDir=false
02-01 20:52:51.870   556   905 W IPCThreadState: Sending oneway calls to frozen process.
02-01 20:52:51.870  3323  3383 D SardineWebDAVClient: Resource[243]: name=林宥嘉 - 全世界谁倾听你.flac, path=/dav/115/音乐/自己上传/林宥嘉 - 全世界谁倾听你.flac, href=/dav/115/%E9%9F%B3%E4%B9%90/%E8%87%AA%E5%B7%B1%E4%B8%8A%E4%BC%A0/%E6%9E%97%E5%AE%A5%E5%98%89%20-%20%E5%85%A8%E4%B8%96%E7%95%8C%E8%B0%81%E5%80%BE%E5%90%AC%E4%BD%A0.flac, isDir=false
02-01 20:52:51.870  3323  3383 D SardineWebDAVClient: Resource[244]: name=0424ba058b2eb2d5c1f6d9533d6a6530.flac, path=/dav/115/音乐/自己上传/0424ba058b2eb2d5c1f6d9533d6a6530.flac, href=/dav/115/%E9%9F%B3%E4%B9%90/%E8%87%AA%E5%B7%B1%E4%B8%8A%E4%BC%A0/0424ba058b2eb2d5c1f6d9533d6a6530.flac, isDir=false
02-01 20:52:51.870   556   905 W IPCThreadState: Sending oneway calls to frozen process.
02-01 20:52:51.870  3323  3383 D SardineWebDAVClient: Resource[245]: name=以冬 - 关于春天的一切.flac, path=/dav/115/音乐/自己上传/以冬 - 关于春天的一切.flac, href=/dav/115/%E9%9F%B3%E4%B9%90/%E8%87%AA%E5%B7%B1%E4%B8%8A%E4%BC%A0/%E4%BB%A5%E5%86%AC%20-%20%E5%85%B3%E4%BA%8E%E6%98%A5%E5%A4%A9%E7%9A%84%E4%B8%80%E5%88%87.flac, isDir=false
02-01 20:52:51.870  3323  3383 D SardineWebDAVClient: Resource[246]: name=江珊 - 梦里水乡.flac, path=/dav/115/音乐/自己上传/江珊 - 梦里水乡.flac, href=/dav/115/%E9%9F%B3%E4%B9%90/%E8%87%AA%E5%B7%B1%E4%B8%8A%E4%BC%A0/%E6%B1%9F%E7%8F%8A%20-%20%E6%A2%A6%E9%87%8C%E6%B0%B4%E4%B9%A1.flac, isDir=false
02-01 20:52:51.870  3323  3383 D SardineWebDAVClient: Resource[247]: name=陈洁丽 - 爱的见证.flac, path=/dav/115/音乐/自己上传/陈洁丽 - 爱的见证.flac, href=/dav/115/%E9%9F%B3%E4%B9%90/%E8%87%AA%E5%B7%B1%E4%B8%8A%E4%BC%A0/%E9%99%88%E6%B4%81%E4%B8%BD%20-%20%E7%88%B1%E7%9A%84%E8%A7%81%E8%AF%81.flac, isDir=false
02-01 20:52:51.870  3323  3383 D SardineWebDAVClient: Resource[248]: name=杜轶 - 你的安.flac, path=/dav/115/音乐/自己上传/杜轶 - 你的安.flac, href=/dav/115/%E9%9F%B3%E4%B9%90/%E8%87%AA%E5%B7%B1%E4%B8%8A%E4%BC%A0/%E6%9D%9C%E8%BD%B6%20-%20%E4%BD%A0%E7%9A%84%E5%AE%89.flac, isDir=false
02-01 20:52:51.870  3495  3538 I BugleRcsEngine: handleMessage processing message:[NOTIFY_UPTIME_IGNORE_STATE_CHANGED] with [non-null]:RcsEngineImpl reference [CONTEXT log_prefix="RcsEngineImpl[DUAL_REG]:[3d37dc4f-5339]>Handler" thread_id=63 ]
02-01 20:52:51.870   556   905 W IPCThreadState: Sending oneway calls to frozen process.
02-01 20:52:51.870  3323  3383 D SardineWebDAVClient: Resource[249]: name=梦然 - 大眼睛.flac, path=/dav/115/音乐/自己上传/梦然 - 大眼睛.flac, href=/dav/115/%E9%9F%B3%E4%B9%90/%E8%87%AA%E5%B7%B1%E4%B8%8A%E4%BC%A0/%E6%A2%A6%E7%84%B6%20-%20%E5%A4%A7%E7%9C%BC%E7%9D%9B.flac, isDir=false
02-01 20:52:51.870  3323  3383 D SardineWebDAVClient: Resource[250]: name=Nai Br.XX、Celeina Ann - Kiss Me.flac, path=/dav/115/音乐/自己上传/Nai Br.XX、Celeina Ann - Kiss Me.flac, href=/dav/115/%E9%9F%B3%E4%B9%90/%E8%87%AA%E5%B7%B1%E4%B8%8A%E4%BC%A0/Nai%20Br.XX%E3%80%81Celeina%20Ann%20-%20Kiss%20Me.flac, isDir=false
02-01 20:52:51.870  3323  3383 D SardineWebDAVClient: Resource[251]: name=郑承焕 - 爱情那家伙.flac, path=/dav/115/音乐/自己上传/郑承焕 - 爱情那家伙.flac, href=/dav/115/%E9%9F%B3%E4%B9%90/%E8%87%AA%E5%B7%B1%E4%B8%8A%E4%BC%A0/%E9%83%91%E6%89%BF%E7%84%95%20-%20%E7%88%B1%E6%83%85%E9%82%A3%E5%AE%B6%E4%BC%99.flac, isDir=false
02-01 20:52:51.870  3323  3383 D SardineWebDAVClient: Resource[252]: name=梁一贞 - 说爱我.flac, path=/dav/115/音乐/自己上传/梁一贞 - 说爱我.flac, href=/dav/115/%E9%9F%B3%E4%B9%90/%E8%87%AA%E5%B7%B1%E4%B8%8A%E4%BC%A0/%E6%A2%81%E4%B8%80%E8%B4%9E%20-%20%E8%AF%B4%E7%88%B1%E6%88%91.flac, isDir=false
02-01 20:52:51.870  3323  3383 D SardineWebDAVClient: Resource[253]: name=卢焱 - 流浪.flac, path=/dav/115/音乐/自己上传/卢焱 - 流浪.flac, href=/dav/115/%E9%9F%B3%E4%B9%90/%E8%87%AA%E5%B7%B1%E4%B8%8A%E4%BC%A0/%E5%8D%A2%E7%84%B1%20-%20%E6%B5%81%E6%B5%AA.flac, isDir=false
02-01 20:52:51.870   556   905 W IPCThreadState: Sending oneway calls to frozen process.
02-01 20:52:51.870  3323  3383 D SardineWebDAVClient: Resource[254]: name=Paula DeAnda - Good Girl.flac, path=/dav/115/音乐/自己上传/Paula DeAnda - Good Girl.flac, href=/dav/115/%E9%9F%B3%E4%B9%90/%E8%87%AA%E5%B7%B1%E4%B8%8A%E4%BC%A0/Paula%20DeAnda%20-%20Good%20Girl.flac, isDir=false
02-01 20:52:51.870  3323  3383 D SardineWebDAVClient: Resource[255]: name=Demi Lovato - This Is Me.flac, path=/dav/115/音乐/自己上传/Demi Lovato - This Is Me.flac, href=/dav/115/%E9%9F%B3%E4%B9%90/%E8%87%AA%E5%B7%B1%E4%B8%8A%E4%BC%A0/Demi%20Lovato%20-%20This%20Is%20Me.flac, isDir=false
02-01 20:52:51.870  3323  3383 D SardineWebDAVClient: Resource[256]: name=S.Y - 忘不了你.flac, path=/dav/115/音乐/自己上传/S.Y - 忘不了你.flac, href=/dav/115/%E9%9F%B3%E4%B9%90/%E8%87%AA%E5%B7%B1%E4%B8%8A%E4%BC%A0/S.Y%20-%20%E5%BF%98%E4%B8%8D%E4%BA%86%E4%BD%A0.flac, isDir=false
02-01 20:52:51.870  3323  3383 D SardineWebDAVClient: Resource[257]: name=Avant、KeKe Wyatt - You & I.flac, path=/dav/115/音乐/自己上传/Avant、KeKe Wyatt - You & I.flac, href=/dav/115/%E9%9F%B3%E4%B9%90/%E8%87%AA%E5%B7%B1%E4%B8%8A%E4%BC%A0/Avant%E3%80%81KeKe%20Wyatt%20-%20You%20&%20I.flac, isDir=false
02-01 20:52:51.870  3323  3383 D SardineWebDAVClient: Resource[258]: name=Lim、Aisin Gioro_康熙、丸子呦 - 痂3.0.flac, path=/dav/115/音乐/自己上传/Lim、Aisin Gioro_康熙、丸子呦 - 痂3.0.flac, href=/dav/115/%E9%9F%B3%E4%B9%90/%E8%87%AA%E5%B7%B1%E4%B8%8A%E4%BC%A0/Lim%E3%80%81Aisin%20Gioro_%E5%BA%B7%E7%86%99%E3%80%81%E4%B8%B8%E5%AD%90%E5%91%A6%20-%20%E7%97%823.0.flac, isDir=false
02-01 20:52:51.871  3323  3383 D SardineWebDAVClient: Resource[259]: name=张浩泽 - 回避患者2.flac, path=/dav/115/音乐/自己上传/张浩泽 - 回避患者2.flac, href=/dav/115/%E9%9F%B3%E4%B9%90/%E8%87%AA%E5%B7%B1%E4%B8%8A%E4%BC%A0/%E5%BC%A0%E6%B5%A9%E6%B3%BD%20-%20%E5%9B%9E%E9%81%BF%E6%82%A3%E8%80%852.flac, isDir=false
02-01 20:52:51.871  3323  3383 D SardineWebDAVClient: Resource[260]: name=崔子格 - 卜卦.flac, path=/dav/115/音乐/自己上传/崔子格 - 卜卦.flac, href=/dav/115/%E9%9F%B3%E4%B9%90/%E8%87%AA%E5%B7%B1%E4%B8%8A%E4%BC%A0/%E5%B4%94%E5%AD%90%E6%A0%BC%20-%20%E5%8D%9C%E5%8D%A6.flac, isDir=false
02-01 20:52:51.871  3323  3383 D SardineWebDAVClient: Resource[261]: name=陆彻珉 - Close U.flac, path=/dav/115/音乐/自己上传/陆彻珉 - Close U.flac, href=/dav/115/%E9%9F%B3%E4%B9%90/%E8%87%AA%E5%B7%B1%E4%B8%8A%E4%BC%A0/%E9%99%86%E5%BD%BB%E7%8F%89%20-%20Close%20U.flac, isDir=false
02-01 20:52:51.871  3323  3383 D SardineWebDAVClient: Resource[262]: name=Matthew Lien - Bressanone.flac, path=/dav/115/音乐/自己上传/Matthew Lien - Bressanone.flac, href=/dav/115/%E9%9F%B3%E4%B9%90/%E8%87%AA%E5%B7%B1%E4%B8%8A%E4%BC%A0/Matthew%20Lien%20-%20Bressanone.flac, isDir=false
02-01 20:52:51.871  3323  3383 D SardineWebDAVClient: Resource[263]: name=Heize - 운명이 내게 말해요 (命运对我说).flac, path=/dav/115/音乐/自己上传/Heize - 운명이 내게 말해요 (命运对我说).flac, href=/dav/115/%E9%9F%B3%E4%B9%90/%E8%87%AA%E5%B7%B1%E4%B8%8A%E4%BC%A0/Heize%20-%20%E1%84%8B%E1%85%AE%E1%86%AB%E1%84%86%E1%85%A7%E1%86%BC%E1%84%8B%E1%85%B5%20%E1%84%82%E1%85%A2%E1%84%80%E1%85%A6%20%E1%84%86%E1%85%A1%E1%86%AF%E1%84%92%E1%85%A2%E1%84%8B%E1%85%AD%20%28%E5%91%BD%E8%BF%90%E5%AF%B9%E6%88%91%E8%AF%B4%29.flac, isDir=false
02-01 20:52:51.871  3323  3383 D SardineWebDAVClient: Resource[264]: name=陈蓓蓓 - 女儿情.flac, path=/dav/115/音乐/自己上传/陈蓓蓓 - 女儿情.flac, href=/dav/115/%E9%9F%B3%E4%B9%90/%E8%87%AA%E5%B7%B1%E4%B8%8A%E4%BC%A0/%E9%99%88%E8%93%93%E8%93%93%20-%20%E5%A5%B3%E5%84%BF%E6%83%85.flac, isDir=false
02-01 20:52:51.871  3323  3383 D SardineWebDAVClient: Resource[265]: name=唐伯虎Annie - 回家的风.flac, path=/dav/115/音乐/自己上传/唐伯虎Annie - 回家的风.flac, href=/dav/115/%E9%9F%B3%E4%B9%90/%E8%87%AA%E5%B7%B1%E4%B8%8A%E4%BC%A0/%E5%94%90%E4%BC%AF%E8%99%8EAnnie%20-%20%E5%9B%9E%E5%AE%B6%E7%9A%84%E9%A3%8E.flac, isDir=false
02-01 20:52:51.873   556   905 W IPCThreadState: Sending oneway calls to frozen process.
02-01 20:52:51.874  3495  3538 I BugleRcsEngine: No RCS Configuration was found in Bugle for simID: redacted-pii:sim_id[chars:20,last3:897] [CONTEXT log_prefix="ProvisioningEngineDataRetriever" thread_id=63 ]
02-01 20:52:51.875  3323  3383 D SardineWebDAVClient: Resource[266]: name=马小倩 - 雨夜的浪漫.flac, path=/dav/115/音乐/自己上传/马小倩 - 雨夜的浪漫.flac, href=/dav/115/%E9%9F%B3%E4%B9%90/%E8%87%AA%E5%B7%B1%E4%B8%8A%E4%BC%A0/%E9%A9%AC%E5%B0%8F%E5%80%A9%20-%20%E9%9B%A8%E5%A4%9C%E7%9A%84%E6%B5%AA%E6%BC%AB.flac, isDir=false
02-01 20:52:51.875  3323  3383 D SardineWebDAVClient: Resource[267]: name=萨吉 - Blooming Days.flac, path=/dav/115/音乐/自己上传/萨吉 - Blooming Days.flac, href=/dav/115/%E9%9F%B3%E4%B9%90/%E8%87%AA%E5%B7%B1%E4%B8%8A%E4%BC%A0/%E8%90%A8%E5%90%89%20-%20Blooming%20Days.flac, isDir=false
02-01 20:52:51.875  1306  2296 I ChimeraSrvcProxy: NullBinder for android.net.action.RECOMMEND_NETWORKS triggering remote TransactionTooLargeException due to Service without Chimera impl
02-01 20:52:51.875  3323  3383 D SardineWebDAVClient: Resource[268]: name=b4610325e8449a689147ec6eff0b2c27.flac, path=/dav/115/音乐/自己上传/b4610325e8449a689147ec6eff0b2c27.flac, href=/dav/115/%E9%9F%B3%E4%B9%90/%E8%87%AA%E5%B7%B1%E4%B8%8A%E4%BC%A0/b4610325e8449a689147ec6eff0b2c27.flac, isDir=false
02-01 20:52:51.875  3323  3383 D SardineWebDAVClient: Resource[269]: name=金莎 - 诺 (单曲).flac, path=/dav/115/音乐/自己上传/金莎 - 诺 (单曲).flac, href=/dav/115/%E9%9F%B3%E4%B9%90/%E8%87%AA%E5%B7%B1%E4%B8%8A%E4%BC%A0/%E9%87%91%E8%8E%8E%20-%20%E8%AF%BA%20%28%E5%8D%95%E6%9B%B2%29.flac, isDir=false
02-01 20:52:51.875  3323  3383 D SardineWebDAVClient: Resource[270]: name=杜天凯 - 光行差.flac, path=/dav/115/音乐/自己上传/杜天凯 - 光行差.flac, href=/dav/115/%E9%9F%B3%E4%B9%90/%E8%87%AA%E5%B7%B1%E4%B8%8A%E4%BC%A0/%E6%9D%9C%E5%A4%A9%E5%87%AF%20-%20%E5%85%89%E8%A1%8C%E5%B7%AE.flac, isDir=false
02-01 20:52:51.875  3323  3383 D SardineWebDAVClient: Resource[271]: name=Babyface - With Him.flac, path=/dav/115/音乐/自己上传/Babyface - With Him.flac, href=/dav/115/%E9%9F%B3%E4%B9%90/%E8%87%AA%E5%B7%B1%E4%B8%8A%E4%BC%A0/Babyface%20-%20With%20Him.flac, isDir=false
02-01 20:52:51.876  3323  3383 D SardineWebDAVClient: Resource[272]: name=Lauren Daigle - You Say.flac, path=/dav/115/音乐/自己上传/Lauren Daigle - You Say.flac, href=/dav/115/%E9%9F%B3%E4%B9%90/%E8%87%AA%E5%B7%B1%E4%B8%8A%E4%BC%A0/Lauren%20Daigle%20-%20You%20Say.flac, isDir=false
02-01 20:52:51.876  3323  3383 D SardineWebDAVClient: Resource[273]: name=AOA - 사뿐사뿐 (猫步轻俏).flac, path=/dav/115/音乐/自己上传/AOA - 사뿐사뿐 (猫步轻俏).flac, href=/dav/115/%E9%9F%B3%E4%B9%90/%E8%87%AA%E5%B7%B1%E4%B8%8A%E4%BC%A0/AOA%20-%20%E1%84%89%E1%85%A1%E1%84%88%E1%85%AE%E1%86%AB%E1%84%89%E1%85%A1%E1%84%88%E1%85%AE%E1%86%AB%20%28%E7%8C%AB%E6%AD%A5%E8%BD%BB%E4%BF%8F%29.flac, isDir=false
02-01 20:52:51.876  3323  3383 D SardineWebDAVClient: Resource[274]: name=Stevie Hoang - Shadow.flac, path=/dav/115/音乐/自己上传/Stevie Hoang - Shadow.flac, href=/dav/115/%E9%9F%B3%E4%B9%90/%E8%87%AA%E5%B7%B1%E4%B8%8A%E4%BC%A0/Stevie%20Hoang%20-%20Shadow.flac, isDir=false
02-01 20:52:51.876  3323  3383 D SardineWebDAVClient: Resource[275]: name=Idina Menzel - Let It Go.flac, path=/dav/115/音乐/自己上传/Idina Menzel - Let It Go.flac, href=/dav/115/%E9%9F%B3%E4%B9%90/%E8%87%AA%E5%B7%B1%E4%B8%8A%E4%BC%A0/Idina%20Menzel%20-%20Let%20It%20Go.flac, isDir=false
02-01 20:52:51.876  3323  3383 D SardineWebDAVClient: Resource[276]: name=王泓昊 - 保留 (Live).flac, path=/dav/115/音乐/自己上传/王泓昊 - 保留 (Live).flac, href=/dav/115/%E9%9F%B3%E4%B9%90/%E8%87%AA%E5%B7%B1%E4%B8%8A%E4%BC%A0/%E7%8E%8B%E6%B3%93%E6%98%8A%20-%20%E4%BF%9D%E7%95%99%20%28Live%29.flac, isDir=false
02-01 20:52:51.876  3323  3383 D SardineWebDAVClient: Resource[277]: name=澤野弘之 - Call of Silence.flac, path=/dav/115/音乐/自己上传/澤野弘之 - Call of Silence.flac, href=/dav/115/%E9%9F%B3%E4%B9%90/%E8%87%AA%E5%B7%B1%E4%B8%8A%E4%BC%A0/%E6%BE%A4%E9%87%8E%E5%BC%98%E4%B9%8B%20-%20Call%20of%20Silence.flac, isDir=false
02-01 20:52:51.876  3323  3383 D SardineWebDAVClient: Resource[278]: name=9d321477150f30aba952960abcb4b5dc.flac, path=/dav/115/音乐/自己上传/9d321477150f30aba952960abcb4b5dc.flac, href=/dav/115/%E9%9F%B3%E4%B9%90/%E8%87%AA%E5%B7%B1%E4%B8%8A%E4%BC%A0/9d321477150f30aba952960abcb4b5dc.flac, isDir=false
02-01 20:52:51.876  3323  3383 D SardineWebDAVClient: Resource[279]: name=17e46425a8e35bf0159ee2fee31ef629.flac, path=/dav/115/音乐/自己上传/17e46425a8e35bf0159ee2fee31ef629.flac, href=/dav/115/%E9%9F%B3%E4%B9%90/%E8%87%AA%E5%B7%B1%E4%B8%8A%E4%BC%A0/17e46425a8e35bf0159ee2fee31ef629.flac, isDir=false
02-01 20:52:51.876  3323  3383 D SardineWebDAVClient: Resource[280]: name=GUMMY - 낮과 밤 (昼与夜).flac, path=/dav/115/音乐/自己上传/GUMMY - 낮과 밤 (昼与夜).flac, href=/dav/115/%E9%9F%B3%E4%B9%90/%E8%87%AA%E5%B7%B1%E4%B8%8A%E4%BC%A0/GUMMY%20-%20%E1%84%82%E1%85%A1%E1%86%BD%E1%84%80%E1%85%AA%20%E1%84%87%E1%85%A1%E1%86%B7%20%28%E6%98%BC%E4%B8%8E%E5%A4%9C%29.flac, isDir=false
02-01 20:52:51.876  3323  3383 D SardineWebDAVClient: Resource[281]: name=56a04cfa834b112eda9807f1799bddbc.flac, path=/dav/115/音乐/自己上传/56a04cfa834b112eda9807f1799bddbc.flac, href=/dav/115/%E9%9F%B3%E4%B9%90/%E8%87%AA%E5%B7%B1%E4%B8%8A%E4%BC%A0/56a04cfa834b112eda9807f1799bddbc.flac, isDir=false
02-01 20:52:51.876  3323  3383 D SardineWebDAVClient: Resource[282]: name=Ailee - No No No.flac, path=/dav/115/音乐/自己上传/Ailee - No No No.flac, href=/dav/115/%E9%9F%B3%E4%B9%90/%E8%87%AA%E5%B7%B1%E4%B8%8A%E4%BC%A0/Ailee%20-%20No%20No%20No.flac, isDir=false
02-01 20:52:51.876  3323  3383 D SardineWebDAVClient: Resource[283]: name=MYTH & ROID - HYDRA.flac, path=/dav/115/音乐/自己上传/MYTH & ROID - HYDRA.flac, href=/dav/115/%E9%9F%B3%E4%B9%90/%E8%87%AA%E5%B7%B1%E4%B8%8A%E4%BC%A0/MYTH%20&%20ROID%20-%20HYDRA.flac, isDir=false
02-01 20:52:51.876  3323  3383 D SardineWebDAVClient: Resource[284]: name=酸欠少女さユり - 光と闇 (光与暗)(弾き語りver.).flac, path=/dav/115/音乐/自己上传/酸欠少女さユり - 光と闇 (光与暗)(弾き語りver.).flac, href=/dav/115/%E9%9F%B3%E4%B9%90/%E8%87%AA%E5%B7%B1%E4%B8%8A%E4%BC%A0/%E9%85%B8%E6%AC%A0%E5%B0%91%E5%A5%B3%E3%81%95%E3%83%A6%E3%82%8A%20-%20%E5%85%89%E3%81%A8%E9%97%87%20%28%E5%85%89%E4%B8%8E%E6%9A%97%29%28%E5%BC%BE%E3%81%8D%E8%AA%9E%E3%82%8Aver.%29.flac, isDir=false
02-01 20:52:51.876  3323  3383 D SardineWebDAVClient: Resource[285]: name=やまだ豊 - Das zweite Kapitel.flac, path=/dav/115/音乐/自己上传/やまだ豊 - Das zweite Kapitel.flac, href=/dav/115/%E9%9F%B3%E4%B9%90/%E8%87%AA%E5%B7%B1%E4%B8%8A%E4%BC%A0/%E3%82%84%E3%81%BE%E3%81%9F%E3%82%99%E8%B1%8A%20-%20Das%20zweite%20Kapitel.flac, isDir=false
02-01 20:52:51.876  3323  3383 D SardineWebDAVClient: Resource[286]: name=Kirsty刘瑾睿 - 若把你 (Live).flac, path=/dav/115/音乐/自己上传/Kirsty刘瑾睿 - 若把你 (Live).flac, href=/dav/115/%E9%9F%B3%E4%B9%90/%E8%87%AA%E5%B7%B1%E4%B8%8A%E4%BC%A0/Kirsty%E5%88%98%E7%91%BE%E7%9D%BF%20-%20%E8%8B%A5%E6%8A%8A%E4%BD%A0%20%28Live%29.flac, isDir=false
02-01 20:52:51.876  1306  2296 W .gms.persistent: Large reply transaction of 1056768 bytes, interface descriptor , code 1
02-01 20:52:51.876  3323  3383 D SardineWebDAVClient: Resource[287]: name=徐薇 - 我和春天有个约会.flac, path=/dav/115/音乐/自己上传/徐薇 - 我和春天有个约会.flac, href=/dav/115/%E9%9F%B3%E4%B9%90/%E8%87%AA%E5%B7%B1%E4%B8%8A%E4%BC%A0/%E5%BE%90%E8%96%87%20-%20%E6%88%91%E5%92%8C%E6%98%A5%E5%A4%A9%E6%9C%89%E4%B8%AA%E7%BA%A6%E4%BC%9A.flac, isDir=false
02-01 20:52:51.876  3323  3383 D SardineWebDAVClient: Resource[288]: name=王铮亮 - 不凡.flac, path=/dav/115/音乐/自己上传/王铮亮 - 不凡.flac, href=/dav/115/%E9%9F%B3%E4%B9%90/%E8%87%AA%E5%B7%B1%E4%B8%8A%E4%BC%A0/%E7%8E%8B%E9%93%AE%E4%BA%AE%20-%20%E4%B8%8D%E5%87%A1.flac, isDir=false
02-01 20:52:51.876  3323  3383 D SardineWebDAVClient: Resource[289]: name=龙梅子 - 寂寞的人伤心的歌 (龙梅子独唱版).flac, path=/dav/115/音乐/自己上传/龙梅子 - 寂寞的人伤心的歌 (龙梅子独唱版).flac, href=/dav/115/%E9%9F%B3%E4%B9%90/%E8%87%AA%E5%B7%B1%E4%B8%8A%E4%BC%A0/%E9%BE%99%E6%A2%85%E5%AD%90%20-%20%E5%AF%82%E5%AF%9E%E7%9A%84%E4%BA%BA%E4%BC%A4%E5%BF%83%E7%9A%84%E6%AD%8C%20%28%E9%BE%99%E6%A2%85%E5%AD%90%E7%8B%AC%E5%94%B1%E7%89%88%29.flac, isDir=false
02-01 20:52:51.876  3323  3383 D SardineWebDAVClient: Resource[290]: name=谭晶 - 赤伶.flac, path=/dav/115/音乐/自己上传/谭晶 - 赤伶.flac, href=/dav/115/%E9%9F%B3%E4%B9%90/%E8%87%AA%E5%B7%B1%E4%B8%8A%E4%BC%A0/%E8%B0%AD%E6%99%B6%20-%20%E8%B5%A4%E4%BC%B6.flac, isDir=false
02-01 20:52:51.876  3323  3383 D SardineWebDAVClient: Resource[291]: name=谭晶 - 康美之恋.flac, path=/dav/115/音乐/自己上传/谭晶 - 康美之恋.flac, href=/dav/115/%E9%9F%B3%E4%B9%90/%E8%87%AA%E5%B7%B1%E4%B8%8A%E4%BC%A0/%E8%B0%AD%E6%99%B6%20-%20%E5%BA%B7%E7%BE%8E%E4%B9%8B%E6%81%8B.flac, isDir=false
02-01 20:52:51.876  3323  3383 D SardineWebDAVClient: Resource[292]: name=王铮亮 - 旅人.flac, path=/dav/115/音乐/自己上传/王铮亮 - 旅人.flac, href=/dav/115/%E9%9F%B3%E4%B9%90/%E8%87%AA%E5%B7%B1%E4%B8%8A%E4%BC%A0/%E7%8E%8B%E9%93%AE%E4%BA%AE%20-%20%E6%97%85%E4%BA%BA.flac, isDir=false
02-01 20:52:51.876  3323  3383 D SardineWebDAVClient: Resource[293]: name=腾格尔 - 锦鲤抄.flac, path=/dav/115/音乐/自己上传/腾格尔 - 锦鲤抄.flac, href=/dav/115/%E9%9F%B3%E4%B9%90/%E8%87%AA%E5%B7%B1%E4%B8%8A%E4%BC%A0/%E8%85%BE%E6%A0%BC%E5%B0%94%20-%20%E9%94%A6%E9%B2%A4%E6%8A%84.flac, isDir=false
02-01 20:52:51.876  3323  3383 D SardineWebDAVClient: Resource[294]: name=腾格尔 - 日不落.flac, path=/dav/115/音乐/自己上传/腾格尔 - 日不落.flac, href=/dav/115/%E9%9F%B3%E4%B9%90/%E8%87%AA%E5%B7%B1%E4%B8%8A%E4%BC%A0/%E8%85%BE%E6%A0%BC%E5%B0%94%20-%20%E6%97%A5%E4%B8%8D%E8%90%BD.flac, isDir=false
02-01 20:52:51.876  3323  3383 D SardineWebDAVClient: Resource[295]: name=腾格尔 - 隐形的翅膀 (Live).flac, path=/dav/115/音乐/自己上传/腾格尔 - 隐形的翅膀 (Live).flac, href=/dav/115/%E9%9F%B3%E4%B9%90/%E8%87%AA%E5%B7%B1%E4%B8%8A%E4%BC%A0/%E8%85%BE%E6%A0%BC%E5%B0%94%20-%20%E9%9A%90%E5%BD%A2%E7%9A%84%E7%BF%85%E8%86%80%20%28Live%29.flac, isDir=false
02-01 20:52:51.876  3323  3383 D SardineWebDAVClient: Resource[296]: name=蔡妍 - 둘이서 (两个人)_MQ.mp3, path=/dav/115/音乐/自己上传/蔡妍 - 둘이서 (两个人)_MQ.mp3, href=/dav/115/%E9%9F%B3%E4%B9%90/%E8%87%AA%E5%B7%B1%E4%B8%8A%E4%BC%A0/%E8%94%A1%E5%A6%8D%20-%20%E1%84%83%E1%85%AE%E1%86%AF%E1%84%8B%E1%85%B5%E1%84%89%E1%85%A5%20%28%E4%B8%A4%E4%B8%AA%E4%BA%BA%29_MQ.mp3, isDir=false
02-01 20:52:51.876  3323  3383 D SardineWebDAVClient: Resource[297]: name=Céline Dion - To Love You More_MQ.mp3, path=/dav/115/音乐/自己上传/Céline Dion - To Love You More_MQ.mp3, href=/dav/115/%E9%9F%B3%E4%B9%90/%E8%87%AA%E5%B7%B1%E4%B8%8A%E4%BC%A0/Ce%CC%81line%20Dion%20-%20To%20Love%20You%20More_MQ.mp3, isDir=false
02-01 20:52:51.876  3323  3383 D SardineWebDAVClient: Resource[298]: name=Lady Gaga - Poker Face_MQ.mp3, path=/dav/115/音乐/自己上传/Lady Gaga - Poker Face_MQ.mp3, href=/dav/115/%E9%9F%B3%E4%B9%90/%E8%87%AA%E5%B7%B1%E4%B8%8A%E4%BC%A0/Lady%20Gaga%20-%20Poker%20Face_MQ.mp3, isDir=false
02-01 20:52:51.876  3323  3383 D SardineWebDAVClient: Resource[299]: name=二手玫瑰 - 允许部分艺术家先富起来_MQ.mp3, path=/dav/115/音乐/自己上传/二手玫瑰 - 允许部分艺术家先富起来_MQ.mp3, href=/dav/115/%E9%9F%B3%E4%B9%90/%E8%87%AA%E5%B7%B1%E4%B8%8A%E4%BC%A0/%E4%BA%8C%E6%89%8B%E7%8E%AB%E7%91%B0%20-%20%E5%85%81%E8%AE%B8%E9%83%A8%E5%88%86%E8%89%BA%E6%9C%AF%E5%AE%B6%E5%85%88%E5%AF%8C%E8%B5%B7%E6%9D%A5_MQ.mp3, isDir=false
02-01 20:52:51.876  3323  3383 D SardineWebDAVClient: Resource[300]: name=黄龄 - 若只如初见_MQ.mp3, path=/dav/115/音乐/自己上传/黄龄 - 若只如初见_MQ.mp3, href=/dav/115/%E9%9F%B3%E4%B9%90/%E8%87%AA%E5%B7%B1%E4%B8%8A%E4%BC%A0/%E9%BB%84%E9%BE%84%20-%20%E8%8B%A5%E5%8F%AA%E5%A6%82%E5%88%9D%E8%A7%81_MQ.mp3, isDir=false
02-01 20:52:51.876  3323  3383 D SardineWebDAVClient: Resource[301]: name=韩国群星 - 우리 만나는 날_MQ.mp3, path=/dav/115/音乐/自己上传/韩国群星 - 우리 만나는 날_MQ.mp3, href=/dav/115/%E9%9F%B3%E4%B9%90/%E8%87%AA%E5%B7%B1%E4%B8%8A%E4%BC%A0/%E9%9F%A9%E5%9B%BD%E7%BE%A4%E6%98%9F%20-%20%E1%84%8B%E1%85%AE%E1%84%85%E1%85%B5%20%E1%84%86%E1%85%A1%E1%86%AB%E1%84%82%E1%85%A1%E1%84%82%E1%85%B3%E1%86%AB%20%E1%84%82%E1%85%A1%E1%86%AF_MQ.mp3, isDir=false
02-01 20:52:51.876  3323  3383 D SardineWebDAVClient: Resource[302]: name=苏诗丁 - 寂静森林 (Demo)_MQ.mp3, path=/dav/115/音乐/自己上传/苏诗丁 - 寂静森林 (Demo)_MQ.mp3, href=/dav/115/%E9%9F%B3%E4%B9%90/%E8%87%AA%E5%B7%B1%E4%B8%8A%E4%BC%A0/%E8%8B%8F%E8%AF%97%E4%B8%81%20-%20%E5%AF%82%E9%9D%99%E6%A3%AE%E6%9E%97%20%28Demo%29_MQ.mp3, isDir=false
02-01 20:52:51.876  3323  3383 D SardineWebDAVClient: Resource[303]: name=super junior-m - 一分后.m4a_MQ.mp3, path=/dav/115/音乐/自己上传/super junior-m - 一分后.m4a_MQ.mp3, href=/dav/115/%E9%9F%B3%E4%B9%90/%E8%87%AA%E5%B7%B1%E4%B8%8A%E4%BC%A0/super%20junior-m%20-%20%E4%B8%80%E5%88%86%E5%90%8E.m4a_MQ.mp3, isDir=false
02-01 20:52:51.876  3323  3383 D SardineWebDAVClient: Resource[304]: name=蔡雨晴 - 我和春天有个约会_MQ.mp3, path=/dav/115/音乐/自己上传/蔡雨晴 - 我和春天有个约会_MQ.mp3, href=/dav/115/%E9%9F%B3%E4%B9%90/%E8%87%AA%E5%B7%B1%E4%B8%8A%E4%BC%A0/%E8%94%A1%E9%9B%A8%E6%99%B4%20-%20%E6%88%91%E5%92%8C%E6%98%A5%E5%A4%A9%E6%9C%89%E4%B8%AA%E7%BA%A6%E4%BC%9A_MQ.mp3, isDir=false
02-01 20:52:51.877  3323  3383 D SardineWebDAVClient: Resource[305]: name=吕孝廷 - 我并不想说_MQ.mp3, path=/dav/115/音乐/自己上传/吕孝廷 - 我并不想说_MQ.mp3, href=/dav/115/%E9%9F%B3%E4%B9%90/%E8%87%AA%E5%B7%B1%E4%B8%8A%E4%BC%A0/%E5%90%95%E5%AD%9D%E5%BB%B7%20-%20%E6%88%91%E5%B9%B6%E4%B8%8D%E6%83%B3%E8%AF%B4_MQ.mp3, isDir=false
02-01 20:52:51.877  3323  3383 D SardineWebDAVClient: Resource[306]: name=Various Artists - Call your name_MQ.mp3, path=/dav/115/音乐/自己上传/Various Artists - Call your name_MQ.mp3, href=/dav/115/%E9%9F%B3%E4%B9%90/%E8%87%AA%E5%B7%B1%E4%B8%8A%E4%BC%A0/Various%20Artists%20-%20Call%20your%20name_MQ.mp3, isDir=false
02-01 20:52:51.877  3323  3383 D SardineWebDAVClient: Resource[307]: name=이찬솔 - Everglow_MQ.mp3, path=/dav/115/音乐/自己上传/이찬솔 - Everglow_MQ.mp3, href=/dav/115/%E9%9F%B3%E4%B9%90/%E8%87%AA%E5%B7%B1%E4%B8%8A%E4%BC%A0/%E1%84%8B%E1%85%B5%E1%84%8E%E1%85%A1%E1%86%AB%E1%84%89%E1%85%A9%E1%86%AF%20-%20Everglow_MQ.mp3, isDir=false
02-01 20:52:51.877  3323  3383 D SardineWebDAVClient: Resource[308]: name=Sissel - Someone Like You_MQ.mp3, path=/dav/115/音乐/自己上传/Sissel - Someone Like You_MQ.mp3, href=/dav/115/%E9%9F%B3%E4%B9%90/%E8%87%AA%E5%B7%B1%E4%B8%8A%E4%BC%A0/Sissel%20-%20Someone%20Like%20You_MQ.mp3, isDir=false
02-01 20:52:51.877  3323  3383 D SardineWebDAVClient: Resource[309]: name=Ansam - 心跳_MQ.mp3, path=/dav/115/音乐/自己上传/Ansam - 心跳_MQ.mp3, href=/dav/115/%E9%9F%B3%E4%B9%90/%E8%87%AA%E5%B7%B1%E4%B8%8A%E4%BC%A0/Ansam%20-%20%E5%BF%83%E8%B7%B3_MQ.mp3, isDir=false
02-01 20:52:51.877  3323  3383 D SardineWebDAVClient: Resource[310]: name=苏诗丁 - 南国 (Demo)_MQ.mp3, path=/dav/115/音乐/自己上传/苏诗丁 - 南国 (Demo)_MQ.mp3, href=/dav/115/%E9%9F%B3%E4%B9%90/%E8%87%AA%E5%B7%B1%E4%B8%8A%E4%BC%A0/%E8%8B%8F%E8%AF%97%E4%B8%81%20-%20%E5%8D%97%E5%9B%BD%20%28Demo%29_MQ.mp3, isDir=false
02-01 20:52:51.877  3323  3383 D SardineWebDAVClient: Resource[311]: name=棉子 - 勇气 (35秒片段)_MQ.mp3, path=/dav/115/音乐/自己上传/棉子 - 勇气 (35秒片段)_MQ.mp3, href=/dav/115/%E9%9F%B3%E4%B9%90/%E8%87%AA%E5%B7%B1%E4%B8%8A%E4%BC%A0/%E6%A3%89%E5%AD%90%20-%20%E5%8B%87%E6%B0%94%20%2835%E7%A7%92%E7%89%87%E6%AE%B5%29_MQ.mp3, isDir=false
02-01 20:52:51.877  3323  3383 D SardineWebDAVClient: Resource[312]: name=7a203aa9ca931f4f1ecf127d5814ac44_MQ.mp3, path=/dav/115/音乐/自己上传/7a203aa9ca931f4f1ecf127d5814ac44_MQ.mp3, href=/dav/115/%E9%9F%B3%E4%B9%90/%E8%87%AA%E5%B7%B1%E4%B8%8A%E4%BC%A0/7a203aa9ca931f4f1ecf127d5814ac44_MQ.mp3, isDir=false
02-01 20:52:51.877  3323  3383 D SardineWebDAVClient: Resource[313]: name=刘佳 - 一个人走_MQ.mp3, path=/dav/115/音乐/自己上传/刘佳 - 一个人走_MQ.mp3, href=/dav/115/%E9%9F%B3%E4%B9%90/%E8%87%AA%E5%B7%B1%E4%B8%8A%E4%BC%A0/%E5%88%98%E4%BD%B3%20-%20%E4%B8%80%E4%B8%AA%E4%BA%BA%E8%B5%B0_MQ.mp3, isDir=false
02-01 20:52:51.877  3323  3383 D SardineWebDAVClient: Resource[314]: name=冯提莫 - 你不懂我_MQ.mp3, path=/dav/115/音乐/自己上传/冯提莫 - 你不懂我_MQ.mp3, href=/dav/115/%E9%9F%B3%E4%B9%90/%E8%87%AA%E5%B7%B1%E4%B8%8A%E4%BC%A0/%E5%86%AF%E6%8F%90%E8%8E%AB%20-%20%E4%BD%A0%E4%B8%8D%E6%87%82%E6%88%91_MQ.mp3, isDir=false
02-01 20:52:51.877  3323  3383 D SardineWebDAVClient: Resource[315]: name=刘佳 - 爱的就是你_MQ.mp3, path=/dav/115/音乐/自己上传/刘佳 - 爱的就是你_MQ.mp3, href=/dav/115/%E9%9F%B3%E4%B9%90/%E8%87%AA%E5%B7%B1%E4%B8%8A%E4%BC%A0/%E5%88%98%E4%BD%B3%20-%20%E7%88%B1%E7%9A%84%E5%B0%B1%E6%98%AF%E4%BD%A0_MQ.mp3, isDir=false
02-01 20:52:51.877  3323  3383 D SardineWebDAVClient: Resource[316]: name=梦然 - 情殇_MQ.mp3, path=/dav/115/音乐/自己上传/梦然 - 情殇_MQ.mp3, href=/dav/115/%E9%9F%B3%E4%B9%90/%E8%87%AA%E5%B7%B1%E4%B8%8A%E4%BC%A0/%E6%A2%A6%E7%84%B6%20-%20%E6%83%85%E6%AE%87_MQ.mp3, isDir=false
02-01 20:52:51.877  3323  3383 D SardineWebDAVClient: Resource[317]: name=张瑶 - 遇见_MQ.mp3, path=/dav/115/音乐/自己上传/张瑶 - 遇见_MQ.mp3, href=/dav/115/%E9%9F%B3%E4%B9%90/%E8%87%AA%E5%B7%B1%E4%B8%8A%E4%BC%A0/%E5%BC%A0%E7%91%B6%20-%20%E9%81%87%E8%A7%81_MQ.mp3, isDir=false
02-01 20:52:51.877  3323  3383 D SardineWebDAVClient: Resource[318]: name=苏诗丁 - 原谅_MQ.mp3, path=/dav/115/音乐/自己上传/苏诗丁 - 原谅_MQ.mp3, href=/dav/115/%E9%9F%B3%E4%B9%90/%E8%87%AA%E5%B7%B1%E4%B8%8A%E4%BC%A0/%E8%8B%8F%E8%AF%97%E4%B8%81%20-%20%E5%8E%9F%E8%B0%85_MQ.mp3, isDir=false
02-01 20:52:51.877  3323  3383 D SardineWebDAVClient: Resource[319]: name=亚洲爱乐合唱团 - 猜拳_MQ.mp3, path=/dav/115/音乐/自己上传/亚洲爱乐合唱团 - 猜拳_MQ.mp3, href=/dav/115/%E9%9F%B3%E4%B9%90/%E8%87%AA%E5%B7%B1%E4%B8%8A%E4%BC%A0/%E4%BA%9A%E6%B4%B2%E7%88%B1%E4%B9%90%E5%90%88%E5%94%B1%E5%9B%A2%20-%20%E7%8C%9C%E6%8B%B3_MQ.mp3, isDir=false
02-01 20:52:51.877  3323  3383 D SardineWebDAVClient: Resource[320]: name=林忆莲 - 听说爱情回来过_MQ.mp3, path=/dav/115/音乐/自己上传/林忆莲 - 听说爱情回来过_MQ.mp3, href=/dav/115/%E9%9F%B3%E4%B9%90/%E8%87%AA%E5%B7%B1%E4%B8%8A%E4%BC%A0/%E6%9E%97%E5%BF%86%E8%8E%B2%20-%20%E5%90%AC%E8%AF%B4%E7%88%B1%E6%83%85%E5%9B%9E%E6%9D%A5%E8%BF%87_MQ.mp3, isDir=false
02-01 20:52:51.877  3323  3383 D SardineWebDAVClient: Resource[321]: name=7b8ab5eb4e430553c0a3b40460181066_MQ.mp3, path=/dav/115/音乐/自己上传/7b8ab5eb4e430553c0a3b40460181066_MQ.mp3, href=/dav/115/%E9%9F%B3%E4%B9%90/%E8%87%AA%E5%B7%B1%E4%B8%8A%E4%BC%A0/7b8ab5eb4e430553c0a3b40460181066_MQ.mp3, isDir=false
02-01 20:52:51.877  3323  3383 D SardineWebDAVClient: Resource[322]: name=玉面小嫣然 - 凉凉 (古筝版)_MQ.mp3, path=/dav/115/音乐/自己上传/玉面小嫣然 - 凉凉 (古筝版)_MQ.mp3, href=/dav/115/%E9%9F%B3%E4%B9%90/%E8%87%AA%E5%B7%B1%E4%B8%8A%E4%BC%A0/%E7%8E%89%E9%9D%A2%E5%B0%8F%E5%AB%A3%E7%84%B6%20-%20%E5%87%89%E5%87%89%20%28%E5%8F%A4%E7%AD%9D%E7%89%88%29_MQ.mp3, isDir=false
02-01 20:52:51.877  3323  3383 D SardineWebDAVClient: Resource[323]: name=网络歌手 - 因为当时阳光灿烂 (Live)_MQ.mp3, path=/dav/115/音乐/自己上传/网络歌手 - 因为当时阳光灿烂 (Live)_MQ.mp3, href=/dav/115/%E9%9F%B3%E4%B9%90/%E8%87%AA%E5%B7%B1%E4%B8%8A%E4%BC%A0/%E7%BD%91%E7%BB%9C%E6%AD%8C%E6%89%8B%20-%20%E5%9B%A0%E4%B8%BA%E5%BD%93%E6%97%B6%E9%98%B3%E5%85%89%E7%81%BF%E7%83%82%20%28Live%29_MQ.mp3, isDir=false
