02-01 20:52:51.924  3323  3383 D SardineWebDAVClient: Mapping resource: name=Maria Arredondo - Inconsolable.flac, currentPath=/115/音乐/自己上传/, finalPath=/115/音乐/自己上传/Maria Arredondo - Inconsolable.flac
02-01 20:52:51.924  3323  3383 D SardineWebDAVClient: Mapping resource: name=효린 - Lonely.flac, currentPath=/115/音乐/自己上传/, finalPath=/115/音乐/自己上传/효린 - Lonely.flac
02-01 20:52:51.924  3323  3383 D SardineWebDAVClient: Mapping resource: name=Seal - Just Like You Said.flac, currentPath=/115/音乐/自己上传/, finalPath=/115/音乐/自己上传/Seal - Just Like You Said.flac
02-01 20:52:51.924  3323  3383 D SardineWebDAVClient: Mapping resource: name=Palm Trees - Fast Lane.flac, currentPath=/115/音乐/自己上传/, finalPath=/115/音乐/自己上传/Palm Trees - Fast Lane.flac
02-01 20:52:51.925  3323  3383 D SardineWebDAVClient: Mapping resource: name=伊藤　君子 - Follow Me.flac, currentPath=/115/音乐/自己上传/, finalPath=/115/音乐/自己上传/伊藤　君子 - Follow Me.flac
02-01 20:52:51.925  3323  3383 D SardineWebDAVClient: Mapping resource: name=野菊花 - 걱정말아요 그대.flac, currentPath=/115/音乐/自己上传/, finalPath=/115/音乐/自己上传/野菊花 - 걱정말아요 그대.flac
02-01 20:52:51.925  3323  3383 D SardineWebDAVClient: Mapping resource: name=王艳薇 - 框不住的爱.flac, currentPath=/115/音乐/自己上传/, finalPath=/115/音乐/自己上传/王艳薇 - 框不住的爱.flac
02-01 20:52:51.925  3323  3383 D SardineWebDAVClient: Mapping resource: name=张敬轩 - 笑忘书.flac, currentPath=/115/音乐/自己上传/, finalPath=/115/音乐/自己上传/张敬轩 - 笑忘书.flac
02-01 20:52:51.925  3323  3383 D SardineWebDAVClient: Mapping resource: name=Gar Ashby - I Love You Still.flac, currentPath=/115/音乐/自己上传/, finalPath=/115/音乐/自己上传/Gar Ashby - I Love You Still.flac
02-01 20:52:51.925  3323  3383 D SardineWebDAVClient: Mapping resource: name=张学友 - 道道道.flac, currentPath=/115/音乐/自己上传/, finalPath=/115/音乐/自己上传/张学友 - 道道道.flac
02-01 20:52:51.925  3323  3383 D SardineWebDAVClient: Mapping resource: name=许巍 - 无人知晓.flac, currentPath=/115/音乐/自己上传/, finalPath=/115/音乐/自己上传/许巍 - 无人知晓.flac
02-01 20:52:51.925  3323  3383 D SardineWebDAVClient: Mapping resource: name=Dua Lipa - Break My Heart.flac, currentPath=/115/音乐/自己上传/, finalPath=/115/音乐/自己上传/Dua Lipa - Break My Heart.flac
02-01 20:52:51.925  3323  3383 D SardineWebDAVClient: Mapping resource: name=やなぎなぎ、THE SIXTH LIE - LEVEL.flac, currentPath=/115/音乐/自己上传/, finalPath=/115/音乐/自己上传/やなぎなぎ、THE SIXTH LIE - LEVEL.flac
02-01 20:52:51.925  3323  3383 D SardineWebDAVClient: Mapping resource: name=ROUND TABLE - Let Me Be With You.flac, currentPath=/115/音乐/自己上传/, finalPath=/115/音乐/自己上传/ROUND TABLE - Let Me Be With You.flac
02-01 20:52:51.925  3323  3383 D SardineWebDAVClient: Mapping resource: name=张学友 - 慢慢.flac, currentPath=/115/音乐/自己上传/, finalPath=/115/音乐/自己上传/张学友 - 慢慢.flac
02-01 20:52:51.925  3323  3383 D SardineWebDAVClient: Mapping resource: name=炎明熹 - 蜚蜚 炎明熹.flac, currentPath=/115/音乐/自己上传/, finalPath=/115/音乐/自己上传/炎明熹 - 蜚蜚 炎明熹.flac
02-01 20:52:51.925  3323  3383 D SardineWebDAVClient: Mapping resource: name=袁娅维 - 长腿叔叔.flac, currentPath=/115/音乐/自己上传/, finalPath=/115/音乐/自己上传/袁娅维 - 长腿叔叔.flac
02-01 20:52:51.925  3323  3383 D SardineWebDAVClient: Mapping resource: name=Ni_Co - Bleeding Love.flac, currentPath=/115/音乐/自己上传/, finalPath=/115/音乐/自己上传/Ni_Co - Bleeding Love.flac
02-01 20:52:51.925  3323  3383 D SardineWebDAVClient: Mapping resource: name=杨宗纬 - 背光.flac, currentPath=/115/音乐/自己上传/, finalPath=/115/音乐/自己上传/杨宗纬 - 背光.flac
02-01 20:52:51.925  3323  3383 D SardineWebDAVClient: Mapping resource: name=尹昔眠_小田音乐社 - 置身事外.flac, currentPath=/115/音乐/自己上传/, finalPath=/115/音乐/自己上传/尹昔眠_小田音乐社 - 置身事外.flac
02-01 20:52:51.925  3323  3383 D SardineWebDAVClient: Mapping resource: name=Kenny G - How Could an Angel Break My Heart.flac, currentPath=/115/音乐/自己上传/, finalPath=/115/音乐/自己上传/Kenny G - How Could an Angel Break My Heart.flac
02-01 20:52:51.925  3323  3383 D SardineWebDAVClient: Mapping resource: name=펀치 - 오늘밤도.flac, currentPath=/115/音乐/自己上传/, finalPath=/115/音乐/自己上传/펀치 - 오늘밤도.flac
02-01 20:52:51.925  3323  3383 D SardineWebDAVClient: Mapping resource: name=Avril Lavigne - I Will Be.flac, currentPath=/115/音乐/自己上传/, finalPath=/115/音乐/自己上传/Avril Lavigne - I Will Be.flac
02-01 20:52:51.925  3323  3383 D SardineWebDAVClient: Mapping resource: name=지조 - 겨울 해운대(FEAT.김예림).flac, currentPath=/115/音乐/自己上传/, finalPath=/115/音乐/自己上传/지조 - 겨울 해운대(FEAT.김예림).flac
02-01 20:52:51.925  3323  3383 D SardineWebDAVClient: Mapping resource: name=雪二 - 渐冷.flac, currentPath=/115/音乐/自己上传/, finalPath=/115/音乐/自己上传/雪二 - 渐冷.flac
02-01 20:52:51.925  3323  3383 D SardineWebDAVClient: Mapping resource: name=Eagles - King Of Hollywood.flac, currentPath=/115/音乐/自己上传/, finalPath=/115/音乐/自己上传/Eagles - King Of Hollywood.flac
02-01 20:52:51.925  3323  3383 D SardineWebDAVClient: Mapping resource: name=AOA - 단발머리(SHORT HAIR).flac, currentPath=/115/音乐/自己上传/, finalPath=/115/音乐/自己上传/AOA - 단발머리(SHORT HAIR).flac
02-01 20:52:51.925  3323  3383 D SardineWebDAVClient: Mapping resource: name=王贰浪 - 始料未及.flac, currentPath=/115/音乐/自己上传/, finalPath=/115/音乐/自己上传/王贰浪 - 始料未及.flac
02-01 20:52:51.925  3323  3383 D SardineWebDAVClient: Mapping resource: name=Zion.T_콜드 - 헷갈려.flac, currentPath=/115/音乐/自己上传/, finalPath=/115/音乐/自己上传/Zion.T_콜드 - 헷갈려.flac
02-01 20:52:51.925  3323  3383 D SardineWebDAVClient: Mapping resource: name=王琪 - 情人迷.flac, currentPath=/115/音乐/自己上传/, finalPath=/115/音乐/自己上传/王琪 - 情人迷.flac
02-01 20:52:51.925  3323  3383 D SardineWebDAVClient: Mapping resource: name=Fanfan - 陨落.flac, currentPath=/115/音乐/自己上传/, finalPath=/115/音乐/自己上传/Fanfan - 陨落.flac
02-01 20:52:51.925  3323  3383 D SardineWebDAVClient: Mapping resource: name=詹雯婷 - 诀爱.flac, currentPath=/115/音乐/自己上传/, finalPath=/115/音乐/自己上传/詹雯婷 - 诀爱.flac
02-01 20:52:51.925  3323  3383 D SardineWebDAVClient: Mapping resource: name=에일리 - 첫눈처럼 너에게 가겠다.flac, currentPath=/115/音乐/自己上传/, finalPath=/115/音乐/自己上传/에일리 - 첫눈처럼 너에게 가겠다.flac
02-01 20:52:51.925  3323  3383 D SardineWebDAVClient: Mapping resource: name=汪峰 - 像梦一样自由.flac, currentPath=/115/音乐/自己上传/, finalPath=/115/音乐/自己上传/汪峰 - 像梦一样自由.flac
02-01 20:52:51.925  3323  3383 D SardineWebDAVClient: Mapping resource: name=Tammy Ying - Nobody Knows.flac, currentPath=/115/音乐/自己上传/, finalPath=/115/音乐/自己上传/Tammy Ying - Nobody Knows.flac
02-01 20:52:51.925  3323  3383 D SardineWebDAVClient: Mapping resource: name=Kari Kimmel - Watching Over You.flac, currentPath=/115/音乐/自己上传/, finalPath=/115/音乐/自己上传/Kari Kimmel - Watching Over You.flac
02-01 20:52:51.925  3323  3383 D SardineWebDAVClient: Mapping resource: name=炎明熹_刘惜君 - 刘惜君 炎明熹 念亲恩 .flac, currentPath=/115/音乐/自己上传/, finalPath=/115/音乐/自己上传/炎明熹_刘惜君 - 刘惜君 炎明熹 念亲恩 .flac
02-01 20:52:51.925  3323  3383 D SardineWebDAVClient: Mapping resource: name=叶里 - 小狐狸.flac, currentPath=/115/音乐/自己上传/, finalPath=/115/音乐/自己上传/叶里 - 小狐狸.flac
02-01 20:52:51.925  3323  3383 D SardineWebDAVClient: Mapping resource: name=Nina - Missing You.flac, currentPath=/115/音乐/自己上传/, finalPath=/115/音乐/自己上传/Nina - Missing You.flac
02-01 20:52:51.925  3323  3383 D SardineWebDAVClient: Mapping resource: name=张韶涵 - 梦里花.flac, currentPath=/115/音乐/自己上传/, finalPath=/115/音乐/自己上传/张韶涵 - 梦里花.flac
02-01 20:52:51.925  3323  3383 D SardineWebDAVClient: Mapping resource: name=谢宇伦 - 满分.flac, currentPath=/115/音乐/自己上传/, finalPath=/115/音乐/自己上传/谢宇伦 - 满分.flac
02-01 20:52:51.925  3323  3383 D SardineWebDAVClient: Mapping resource: name=Greyson Chance - Shut Up.flac, currentPath=/115/音乐/自己上传/, finalPath=/115/音乐/自己上传/Greyson Chance - Shut Up.flac
02-01 20:52:51.925  3323  3383 D SardineWebDAVClient: Mapping resource: name=薛之谦、郭聪明 - 耗尽.flac, currentPath=/115/音乐/自己上传/, finalPath=/115/音乐/自己上传/薛之谦、郭聪明 - 耗尽.flac
02-01 20:52:51.925  3323  3383 D SardineWebDAVClient: Mapping resource: name=Camila Cabello - This Love.flac, currentPath=/115/音乐/自己上传/, finalPath=/115/音乐/自己上传/Camila Cabello - This Love.flac
02-01 20:52:51.925  3323  3383 D SardineWebDAVClient: Mapping resource: name=SISTAR - 바빠.flac, currentPath=/115/音乐/自己上传/, finalPath=/115/音乐/自己上传/SISTAR - 바빠.flac
02-01 20:52:51.925  3323  3383 D SardineWebDAVClient: Mapping resource: name=Sting - Shape Of My Heart.flac, currentPath=/115/音乐/自己上传/, finalPath=/115/音乐/自己上传/Sting - Shape Of My Heart.flac
02-01 20:52:51.925  3323  3383 D SardineWebDAVClient: Mapping resource: name=Avril Lavigne - My Happy Ending.flac, currentPath=/115/音乐/自己上传/, finalPath=/115/音乐/自己上传/Avril Lavigne - My Happy Ending.flac
02-01 20:52:51.925  3323  3383 D SardineWebDAVClient: Mapping resource: name=腾格尔 - 天堂.flac, currentPath=/115/音乐/自己上传/, finalPath=/115/音乐/自己上传/腾格尔 - 天堂.flac
02-01 20:52:51.925  3323  3383 D SardineWebDAVClient: Mapping resource: name=唐伯虎Annie - 你离开后的天空.flac, currentPath=/115/音乐/自己上传/, finalPath=/115/音乐/自己上传/唐伯虎Annie - 你离开后的天空.flac
02-01 20:52:51.926  3323  3383 D SardineWebDAVClient: Mapping resource: name=AZA微唱团 - 02-明日之星-AZA微唱团.flac, currentPath=/115/音乐/自己上传/, finalPath=/115/音乐/自己上传/AZA微唱团 - 02-明日之星-AZA微唱团.flac
02-01 20:52:51.926  3323  3383 D SardineWebDAVClient: Mapping resource: name=张炜 - 风姿花传.flac, currentPath=/115/音乐/自己上传/, finalPath=/115/音乐/自己上传/张炜 - 风姿花传.flac
02-01 20:52:51.926  3323  3383 D SardineWebDAVClient: Mapping resource: name=叶倩文 - 祝福.flac, currentPath=/115/音乐/自己上传/, finalPath=/115/音乐/自己上传/叶倩文 - 祝福.flac
02-01 20:52:51.926  3323  3383 D SardineWebDAVClient: Mapping resource: name=AOA - 흔들려.flac, currentPath=/115/音乐/自己上传/, finalPath=/115/音乐/自己上传/AOA - 흔들려.flac
02-01 20:52:51.926  3323  3383 D SardineWebDAVClient: Mapping resource: name=ycccc - 一年年.flac, currentPath=/115/音乐/自己上传/, finalPath=/115/音乐/自己上传/ycccc - 一年年.flac
02-01 20:52:51.926  3323  3383 D SardineWebDAVClient: Mapping resource: name=颜一 - 夏夜最后的烟火.flac, currentPath=/115/音乐/自己上传/, finalPath=/115/音乐/自己上传/颜一 - 夏夜最后的烟火.flac
02-01 20:52:51.926  3323  3383 D SardineWebDAVClient: Mapping resource: name=Avril Lavigne - Hush Hush.flac, currentPath=/115/音乐/自己上传/, finalPath=/115/音乐/自己上传/Avril Lavigne - Hush Hush.flac
02-01 20:52:51.926  3323  3383 D SardineWebDAVClient: Mapping resource: name=w-inds. - Because of you.flac, currentPath=/115/音乐/自己上传/, finalPath=/115/音乐/自己上传/w-inds. - Because of you.flac
02-01 20:52:51.926  3323  3383 D SardineWebDAVClient: Mapping resource: name=NMB48 - 365日の紙飛行機_山本彩.flac, currentPath=/115/音乐/自己上传/, finalPath=/115/音乐/自己上传/NMB48 - 365日の紙飛行機_山本彩.flac
02-01 20:52:51.926  3323  3383 D SardineWebDAVClient: Mapping resource: name=Shayne Ward - Someone to Love.flac, currentPath=/115/音乐/自己上传/, finalPath=/115/音乐/自己上传/Shayne Ward - Someone to Love.flac
02-01 20:52:51.926  3323  3383 D SardineWebDAVClient: Mapping resource: name=VIXX - Error.flac, currentPath=/115/音乐/自己上传/, finalPath=/115/音乐/自己上传/VIXX - Error.flac
02-01 20:52:51.926  3323  3383 D SardineWebDAVClient: Mapping resource: name=Ms.OOJA - 空も飛べるはず.flac, currentPath=/115/音乐/自己上传/, finalPath=/115/音乐/自己上传/Ms.OOJA - 空も飛べるはず.flac
02-01 20:52:51.926  3323  3383 D SardineWebDAVClient: Mapping resource: name=김우성_이찬솔 - Sign Of The Times.flac, currentPath=/115/音乐/自己上传/, finalPath=/115/音乐/自己上传/김우성_이찬솔 - Sign Of The Times.flac
02-01 20:52:51.926  3323  3383 D SardineWebDAVClient: Mapping resource: name=袁娅维 - 说散就散.flac, currentPath=/115/音乐/自己上传/, finalPath=/115/音乐/自己上传/袁娅维 - 说散就散.flac
02-01 20:52:51.926  3323  3383 D SardineWebDAVClient: Mapping resource: name=WENDY、陆智檀 - Return.flac, currentPath=/115/音乐/自己上传/, finalPath=/115/音乐/自己上传/WENDY、陆智檀 - Return.flac
02-01 20:52:51.926  3323  3383 D SardineWebDAVClient: Mapping resource: name=萱萱_陈楚生 - 用情.flac, currentPath=/115/音乐/自己上传/, finalPath=/115/音乐/自己上传/萱萱_陈楚生 - 用情.flac
02-01 20:52:51.926  3323  3383 D SardineWebDAVClient: Mapping resource: name=MAMAMOO - I Miss You.flac, currentPath=/115/音乐/自己上传/, finalPath=/115/音乐/自己上传/MAMAMOO - I Miss You.flac
02-01 20:52:51.926  3323  3383 D SardineWebDAVClient: Mapping resource: name=Cassadee Pope - Champagne.flac, currentPath=/115/音乐/自己上传/, finalPath=/115/音乐/自己上传/Cassadee Pope - Champagne.flac
02-01 20:52:51.926  3323  3383 D SardineWebDAVClient: Mapping resource: name=Seal - Walk on By.flac, currentPath=/115/音乐/自己上传/, finalPath=/115/音乐/自己上传/Seal - Walk on By.flac
02-01 20:52:51.926  3323  3383 D SardineWebDAVClient: Mapping resource: name=王杰 - 谁明浪子心.flac, currentPath=/115/音乐/自己上传/, finalPath=/115/音乐/自己上传/王杰 - 谁明浪子心.flac
02-01 20:52:51.926  3323  3383 D SardineWebDAVClient: Mapping resource: name=Mike曾比特 - 初恋 曾比特.flac, currentPath=/115/音乐/自己上传/, finalPath=/115/音乐/自己上传/Mike曾比特 - 初恋 曾比特.flac
02-01 20:52:51.926  3323  3383 D SardineWebDAVClient: Mapping resource: name=魏奇奇 - 爱，存在.flac, currentPath=/115/音乐/自己上传/, finalPath=/115/音乐/自己上传/魏奇奇 - 爱，存在.flac
02-01 20:52:51.926  3323  3383 D SardineWebDAVClient: Mapping resource: name=Westlife - Evergreen.flac, currentPath=/115/音乐/自己上传/, finalPath=/115/音乐/自己上传/Westlife - Evergreen.flac
02-01 20:52:51.926  3323  3383 D SardineWebDAVClient: Mapping resource: name=Sophie Zelmani - Breeze.flac, currentPath=/115/音乐/自己上传/, finalPath=/115/音乐/自己上传/Sophie Zelmani - Breeze.flac
02-01 20:52:51.926  3323  3383 D SardineWebDAVClient: Mapping resource: name=RAM WIRE - 歩み.flac, currentPath=/115/音乐/自己上传/, finalPath=/115/音乐/自己上传/RAM WIRE - 歩み.flac
02-01 20:52:51.926  3323  3383 D SardineWebDAVClient: Mapping resource: name=王天戈 - 心安理得.flac, currentPath=/115/音乐/自己上传/, finalPath=/115/音乐/自己上传/王天戈 - 心安理得.flac
02-01 20:52:51.926  3323  3383 D SardineWebDAVClient: Mapping resource: name=Meghan Trainor - 3am.flac, currentPath=/115/音乐/自己上传/, finalPath=/115/音乐/自己上传/Meghan Trainor - 3am.flac
02-01 20:52:51.926  3323  3383 D SardineWebDAVClient: Mapping resource: name=Sia - Cheap Thrills.flac, currentPath=/115/音乐/自己上传/, finalPath=/115/音乐/自己上传/Sia - Cheap Thrills.flac
02-01 20:52:51.926  3323  3383 D SardineWebDAVClient: Mapping resource: name=Полина Гагарина - Обезоружена.flac, currentPath=/115/音乐/自己上传/, finalPath=/115/音乐/自己上传/Полина Гагарина - Обезоружена.flac
02-01 20:52:51.926  3323  3383 D SardineWebDAVClient: Mapping resource: name=T-ara - Falling U.flac, currentPath=/115/音乐/自己上传/, finalPath=/115/音乐/自己上传/T-ara - Falling U.flac
02-01 20:52:51.926  3323  3383 D SardineWebDAVClient: Mapping resource: name=周延英（英子-effie） - 我以为你爱过我 .flac, currentPath=/115/音乐/自己上传/, finalPath=/115/音乐/自己上传/周延英（英子-effie） - 我以为你爱过我 .flac
02-01 20:52:51.926  3323  3383 D SardineWebDAVClient: Mapping resource: name=JJ Grey、Mofro - On Fire.flac, currentPath=/115/音乐/自己上传/, finalPath=/115/音乐/自己上传/JJ Grey、Mofro - On Fire.flac
02-01 20:52:51.926  3323  3383 D SardineWebDAVClient: Mapping resource: name=杨千嬅_刘惜君 - 杨千嬅 刘惜君 葡萄成熟时 .flac, currentPath=/115/音乐/自己上传/, finalPath=/115/音乐/自己上传/杨千嬅_刘惜君 - 杨千嬅 刘惜君 葡萄成熟时 .flac
02-01 20:52:51.926  3323  3383 D SardineWebDAVClient: Mapping resource: name=Doughnuts Hole - おとなの掟.flac, currentPath=/115/音乐/自己上传/, finalPath=/115/音乐/自己上传/Doughnuts Hole - おとなの掟.flac
02-01 20:52:51.926  3323  3383 D SardineWebDAVClient: Mapping resource: name=Leonard Cohen - In My Secret Life.flac, currentPath=/115/音乐/自己上传/, finalPath=/115/音乐/自己上传/Leonard Cohen - In My Secret Life.flac
02-01 20:52:51.926  3323  3383 D SardineWebDAVClient: Mapping resource: name=あたらよ - また夏を追う.flac, currentPath=/115/音乐/自己上传/, finalPath=/115/音乐/自己上传/あたらよ - また夏を追う.flac
02-01 20:52:51.926  3323  3383 D SardineWebDAVClient: Mapping resource: name=王铮亮_陈楚生 - 半边山半边海.flac, currentPath=/115/音乐/自己上传/, finalPath=/115/音乐/自己上传/王铮亮_陈楚生 - 半边山半边海.flac
02-01 20:52:51.926  3323  3383 D SardineWebDAVClient: Mapping resource: name=Shayne Ward - Melt The Snow.flac, currentPath=/115/音乐/自己上传/, finalPath=/115/音乐/自己上传/Shayne Ward - Melt The Snow.flac
02-01 20:52:51.926  3323  3383 D SardineWebDAVClient: Mapping resource: name=Carrie Underwood - I Told You So.flac, currentPath=/115/音乐/自己上传/, finalPath=/115/音乐/自己上传/Carrie Underwood - I Told You So.flac
02-01 20:52:51.926  3323  3383 D SardineWebDAVClient: Mapping resource: name=Nina - Starlight.flac, currentPath=/115/音乐/自己上传/, finalPath=/115/音乐/自己上传/Nina - Starlight.flac
02-01 20:52:51.926  3323  3383 D SardineWebDAVClient: Mapping resource: name=Kelly Sweet - We Are One.flac, currentPath=/115/音乐/自己上传/, finalPath=/115/音乐/自己上传/Kelly Sweet - We Are One.flac
02-01 20:52:51.926  3323  3383 D SardineWebDAVClient: Mapping resource: name=Apink - Mr. Chu.flac, currentPath=/115/音乐/自己上传/, finalPath=/115/音乐/自己上传/Apink - Mr. Chu.flac
02-01 20:52:51.926  3323  3383 D SardineWebDAVClient: Mapping resource: name=Marc Terenzi - Love To Be Loved By You.flac, currentPath=/115/音乐/自己上传/, finalPath=/115/音乐/自己上传/Marc Terenzi - Love To Be Loved By You.flac
02-01 20:52:51.926  3323  3383 D SardineWebDAVClient: Mapping resource: name=杨一歌 - 初听.flac, currentPath=/115/音乐/自己上传/, finalPath=/115/音乐/自己上传/杨一歌 - 初听.flac
02-01 20:52:51.926  3323  3383 D SardineWebDAVClient: Mapping resource: name=尹昔眠 - 落在生命里的光.flac, currentPath=/115/音乐/自己上传/, finalPath=/115/音乐/自己上传/尹昔眠 - 落在生命里的光.flac
02-01 20:52:51.926  3323  3383 D SardineWebDAVClient: Mapping resource: name=Apink - NoNoNo.flac, currentPath=/115/音乐/自己上传/, finalPath=/115/音乐/自己上传/Apink - NoNoNo.flac
02-01 20:52:51.926  3323  3383 D SardineWebDAVClient: Mapping resource: name=Boyzone - No Matter What.flac, currentPath=/115/音乐/自己上传/, finalPath=/115/音乐/自己上传/Boyzone - No Matter What.flac
02-01 20:52:51.926  3323  3383 D SardineWebDAVClient: Mapping resource: name=Cassadee Pope - Secondhand.flac, currentPath=/115/音乐/自己上传/, finalPath=/115/音乐/自己上传/Cassadee Pope - Secondhand.flac
02-01 20:52:51.926  3323  3383 D SardineWebDAVClient: Mapping resource: name=Nina - You Should Know.flac, currentPath=/115/音乐/自己上传/, finalPath=/115/音乐/自己上传/Nina - You Should Know.flac
02-01 20:52:51.927  3323  3383 D SardineWebDAVClient: Mapping resource: name=Queen - Love Of My Life.flac, currentPath=/115/音乐/自己上传/, finalPath=/115/音乐/自己上传/Queen - Love Of My Life.flac
02-01 20:52:51.927  3323  3383 D SardineWebDAVClient: Mapping resource: name=Dua Lipa - Love Again.flac, currentPath=/115/音乐/自己上传/, finalPath=/115/音乐/自己上传/Dua Lipa - Love Again.flac
02-01 20:52:51.927  3323  3383 D SardineWebDAVClient: Mapping resource: name=尹道贤 - 그녀의 웃음소리 뿐(feat 하림).flac, currentPath=/115/音乐/自己上传/, finalPath=/115/音乐/自己上传/尹道贤 - 그녀의 웃음소리 뿐(feat 하림).flac
02-01 20:52:51.927  3323  3383 D SardineWebDAVClient: Mapping resource: name=张国荣、陈洁灵 - 谁令你心痴.flac, currentPath=/115/音乐/自己上传/, finalPath=/115/音乐/自己上传/张国荣、陈洁灵 - 谁令你心痴.flac
02-01 20:52:51.927  3323  3383 D SardineWebDAVClient: Mapping resource: name=庄心妍 - 两个人的回忆一个人过.flac, currentPath=/115/音乐/自己上传/, finalPath=/115/音乐/自己上传/庄心妍 - 两个人的回忆一个人过.flac
02-01 20:52:51.927  3323  3383 D SardineWebDAVClient: Mapping resource: name=Maria Arredondo - Burning.flac, currentPath=/115/音乐/自己上传/, finalPath=/115/音乐/自己上传/Maria Arredondo - Burning.flac
02-01 20:52:51.927  3323  3383 D SardineWebDAVClient: Mapping resource: name=space x - 身后.flac, currentPath=/115/音乐/自己上传/, finalPath=/115/音乐/自己上传/space x - 身后.flac
02-01 20:52:51.927  3323  3383 D SardineWebDAVClient: Mapping resource: name=朱克 - 逃.flac, currentPath=/115/音乐/自己上传/, finalPath=/115/音乐/自己上传/朱克 - 逃.flac
02-01 20:52:51.927  3323  3383 D SardineWebDAVClient: Mapping resource: name=叶炫清 - 风一样的我.flac, currentPath=/115/音乐/自己上传/, finalPath=/115/音乐/自己上传/叶炫清 - 风一样的我.flac
02-01 20:52:51.927  3323  3383 D SardineWebDAVClient: Mapping resource: name=Céline Dion - Falling Into You.flac, currentPath=/115/音乐/自己上传/, finalPath=/115/音乐/自己上传/Céline Dion - Falling Into You.flac
02-01 20:52:51.927  3323  3383 D SardineWebDAVClient: Mapping resource: name=王冰洋 - 飞舞.flac, currentPath=/115/音乐/自己上传/, finalPath=/115/音乐/自己上传/王冰洋 - 飞舞.flac
02-01 20:52:51.927  3323  3383 D SardineWebDAVClient: Mapping resource: name=The One - 秋意浓.flac, currentPath=/115/音乐/自己上传/, finalPath=/115/音乐/自己上传/The One - 秋意浓.flac
02-01 20:52:51.927  3323  3383 D SardineWebDAVClient: Mapping resource: name=杨坤 - 月亮可以代表我的心.flac, currentPath=/115/音乐/自己上传/, finalPath=/115/音乐/自己上传/杨坤 - 月亮可以代表我的心.flac
02-01 20:52:51.927  3323  3383 D SardineWebDAVClient: Mapping resource: name=Avril Lavigne - What the Hell.flac, currentPath=/115/音乐/自己上传/, finalPath=/115/音乐/自己上传/Avril Lavigne - What the Hell.flac
02-01 20:52:51.927  3323  3383 D SardineWebDAVClient: Mapping resource: name=Westlife - If I Let You Go.flac, currentPath=/115/音乐/自己上传/, finalPath=/115/音乐/自己上传/Westlife - If I Let You Go.flac
02-01 20:52:51.927  3323  3383 D SardineWebDAVClient: Mapping resource: name=Céline Dion - All By Myself.flac, currentPath=/115/音乐/自己上传/, finalPath=/115/音乐/自己上传/Céline Dion - All By Myself.flac
02-01 20:52:51.927  3323  3383 D SardineWebDAVClient: Mapping resource: name=SISTAR - Lead me.flac, currentPath=/115/音乐/自己上传/, finalPath=/115/音乐/自己上传/SISTAR - Lead me.flac
02-01 20:52:51.927  3323  3383 D SardineWebDAVClient: Mapping resource: name=澤野弘之_小林未郁 - Bauklotze.flac, currentPath=/115/音乐/自己上传/, finalPath=/115/音乐/自己上传/澤野弘之_小林未郁 - Bauklotze.flac
02-01 20:52:51.928  3323  3383 D SardineWebDAVClient: Mapping resource: name=SECHSKIES - BE WELL.flac, currentPath=/115/音乐/自己上传/, finalPath=/115/音乐/自己上传/SECHSKIES - BE WELL.flac
02-01 20:52:51.928  3323  3383 D SardineWebDAVClient: Mapping resource: name=Monica - Believing In Me.flac, currentPath=/115/音乐/自己上传/, finalPath=/115/音乐/自己上传/Monica - Believing In Me.flac
02-01 20:52:51.928  3323  3383 D SardineWebDAVClient: Mapping resource: name=John Lennon - Imagine.flac, currentPath=/115/音乐/自己上传/, finalPath=/115/音乐/自己上传/John Lennon - Imagine.flac
02-01 20:52:51.928  3323  3383 D SardineWebDAVClient: Mapping resource: name=포맨 - 너 하나야.flac, currentPath=/115/音乐/自己上传/, finalPath=/115/音乐/自己上传/포맨 - 너 하나야.flac
02-01 20:52:51.928  3323  3383 D SardineWebDAVClient: Mapping resource: name=Jeff Bernat - Ms. Seductive.flac, currentPath=/115/音乐/自己上传/, finalPath=/115/音乐/自己上传/Jeff Bernat - Ms. Seductive.flac
02-01 20:52:51.928  3323  3383 D SardineWebDAVClient: Mapping resource: name=张学友 - 留住这时光.flac, currentPath=/115/音乐/自己上传/, finalPath=/115/音乐/自己上传/张学友 - 留住这时光.flac
02-01 20:52:51.928  3323  3383 D SardineWebDAVClient: Mapping resource: name=Robbie Williams - Better Man.flac, currentPath=/115/音乐/自己上传/, finalPath=/115/音乐/自己上传/Robbie Williams - Better Man.flac
02-01 20:52:51.931  3323  3383 D SardineWebDAVClient: Mapping resource: name=Céline Dion - I Surrender.flac, currentPath=/115/音乐/自己上传/, finalPath=/115/音乐/自己上传/Céline Dion - I Surrender.flac
02-01 20:52:51.931  3323  3383 D SardineWebDAVClient: Mapping resource: name=王铮亮 - 凡心.flac, currentPath=/115/音乐/自己上传/, finalPath=/115/音乐/自己上传/王铮亮 - 凡心.flac
02-01 20:52:51.931  3323  3383 D SardineWebDAVClient: Mapping resource: name=絢香 - Why.flac, currentPath=/115/音乐/自己上传/, finalPath=/115/音乐/自己上传/絢香 - Why.flac
02-01 20:52:51.931  3323  3383 D SardineWebDAVClient: Mapping resource: name=일레인 - Rain or Shine.flac, currentPath=/115/音乐/自己上传/, finalPath=/115/音乐/自己上传/일레인 - Rain or Shine.flac
02-01 20:52:51.931  3323  3383 D SardineWebDAVClient: Mapping resource: name=研ナオコ - ひとり上手.flac, currentPath=/115/音乐/自己上传/, finalPath=/115/音乐/自己上传/研ナオコ - ひとり上手.flac
02-01 20:52:51.931  3323  3383 D SardineWebDAVClient: Mapping resource: name=王北车 - 陷阱.flac, currentPath=/115/音乐/自己上传/, finalPath=/115/音乐/自己上传/王北车 - 陷阱.flac
02-01 20:52:51.931  3323  3383 D SardineWebDAVClient: Mapping resource: name=宇多田光 - Stay Gold.flac, currentPath=/115/音乐/自己上传/, finalPath=/115/音乐/自己上传/宇多田光 - Stay Gold.flac
02-01 20:52:51.931  3323  3383 D SardineWebDAVClient: Mapping resource: name=张学友 - 旧情绵绵.flac, currentPath=/115/音乐/自己上传/, finalPath=/115/音乐/自己上传/张学友 - 旧情绵绵.flac
02-01 20:52:51.931  3323  3383 D SardineWebDAVClient: Mapping resource: name=Westlife - How Does It Feel.flac, currentPath=/115/音乐/自己上传/, finalPath=/115/音乐/自己上传/Westlife - How Does It Feel.flac
02-01 20:52:51.931  3323  3383 D SardineWebDAVClient: Mapping resource: name=윤하 - I Believe.flac, currentPath=/115/音乐/自己上传/, finalPath=/115/音乐/自己上传/윤하 - I Believe.flac
02-01 20:52:51.931  3323  3383 D SardineWebDAVClient: Mapping resource: name=想入非非 - 沙月.flac, currentPath=/115/音乐/自己上传/, finalPath=/115/音乐/自己上传/想入非非 - 沙月.flac
02-01 20:52:51.931  3323  3383 D SardineWebDAVClient: Mapping resource: name=音阙诗听 - 红昭愿.flac, currentPath=/115/音乐/自己上传/, finalPath=/115/音乐/自己上传/音阙诗听 - 红昭愿.flac
02-01 20:52:51.931  3323  3383 D SardineWebDAVClient: Mapping resource: name=KingStar - 热歌金曲.flac, currentPath=/115/音乐/自己上传/, finalPath=/115/音乐/自己上传/KingStar - 热歌金曲.flac
02-01 20:52:51.931  3323  3383 D SardineWebDAVClient: Mapping resource: name=David Bowie - Under Pressure.flac, currentPath=/115/音乐/自己上传/, finalPath=/115/音乐/自己上传/David Bowie - Under Pressure.flac
02-01 20:52:51.931  3323  3383 D SardineWebDAVClient: Mapping resource: name=The Police - Every Breath You Take.flac, currentPath=/115/音乐/自己上传/, finalPath=/115/音乐/自己上传/The Police - Every Breath You Take.flac
02-01 20:52:51.931  3323  3383 D SardineWebDAVClient: Mapping resource: name=SISTAR - 있다 없으니까.flac, currentPath=/115/音乐/自己上传/, finalPath=/115/音乐/自己上传/SISTAR - 있다 없으니까.flac
02-01 20:52:51.931  3323  3383 D SardineWebDAVClient: Mapping resource: name=먼데이 키즈_펀치 - Another Day.flac, currentPath=/115/音乐/自己上传/, finalPath=/115/音乐/自己上传/먼데이 키즈_펀치 - Another Day.flac
02-01 20:52:51.931  3323  3383 D SardineWebDAVClient: Mapping resource: name=김소년 - 사랑이 아프다.flac, currentPath=/115/音乐/自己上传/, finalPath=/115/音乐/自己上传/김소년 - 사랑이 아프다.flac
02-01 20:52:51.931  3323  3383 D SardineWebDAVClient: Mapping resource: name=王杰 - 伤心1999.flac, currentPath=/115/音乐/自己上传/, finalPath=/115/音乐/自己上传/王杰 - 伤心1999.flac
02-01 20:52:51.931  3323  3383 D SardineWebDAVClient: Mapping resource: name=威神V - 10 Stand By Me.flac, currentPath=/115/音乐/自己上传/, finalPath=/115/音乐/自己上传/威神V - 10 Stand By Me.flac
02-01 20:52:51.931  3323  3383 D SardineWebDAVClient: Mapping resource: name=张学友 - 忘记你我做不到.flac, currentPath=/115/音乐/自己上传/, finalPath=/115/音乐/自己上传/张学友 - 忘记你我做不到.flac
02-01 20:52:51.931  3323  3383 D SardineWebDAVClient: Mapping resource: name=叶倩文_杨千嬅_周笔畅_单依纯_刘惜君_安崎_炎明熹_CoCo李玟 - 海阔天空 220423 Clean版.flac, currentPath=/115/音乐/自己上传/, finalPath=/115/音乐/自己上传/叶倩文_杨千嬅_周笔畅_单依纯_刘惜君_安崎_炎明熹_CoCo李玟 - 海阔天空 220423 Clean版.flac
02-01 20:52:51.931  3323  3383 D SardineWebDAVClient: Mapping resource: name=叶蒨文_周笔畅_炎明熹 - 叶蒨文 周笔畅 炎明熹 谈情说爱 .flac, currentPath=/115/音乐/自己上传/, finalPath=/115/音乐/自己上传/叶蒨文_周笔畅_炎明熹 - 叶蒨文 周笔畅 炎明熹 谈情说爱 .flac
02-01 20:52:51.931  3323  3383 D SardineWebDAVClient: Mapping resource: name=G.E.M. 邓紫棋 - 来自天堂的魔鬼.flac, currentPath=/115/音乐/自己上传/, finalPath=/115/音乐/自己上传/G.E.M. 邓紫棋 - 来自天堂的魔鬼.flac
02-01 20:52:51.931  3323  3383 D SardineWebDAVClient: Mapping resource: name=Patsy - Crazy.flac, currentPath=/115/音乐/自己上传/, finalPath=/115/音乐/自己上传/Patsy - Crazy.flac
02-01 20:52:51.931  3323  3383 D SardineWebDAVClient: Mapping resource: name=喻言家 - 不了了之.flac, currentPath=/115/音乐/自己上传/, finalPath=/115/音乐/自己上传/喻言家 - 不了了之.flac
02-01 20:52:51.931  3323  3383 D SardineWebDAVClient: Mapping resource: name=Céline Dion - The Power of Love.flac, currentPath=/115/音乐/自己上传/, finalPath=/115/音乐/自己上传/Céline Dion - The Power of Love.flac
02-01 20:52:51.931  3323  3383 D SardineWebDAVClient: Mapping resource: name=Kari Kimmel - Fingerprints.flac, currentPath=/115/音乐/自己上传/, finalPath=/115/音乐/自己上传/Kari Kimmel - Fingerprints.flac
02-01 20:52:51.931  3323  3383 D SardineWebDAVClient: Mapping resource: name=Shane Filan - This I Promise You.flac, currentPath=/115/音乐/自己上传/, finalPath=/115/音乐/自己上传/Shane Filan - This I Promise You.flac
02-01 20:52:51.931  3323  3383 D SardineWebDAVClient: Mapping resource: name=薛明媛_朱贺 - 非酋.flac, currentPath=/115/音乐/自己上传/, finalPath=/115/音乐/自己上传/薛明媛_朱贺 - 非酋.flac
02-01 20:52:51.931  3323  3383 D SardineWebDAVClient: Mapping resource: name=Céline Dion - A New Day Has Come.flac, currentPath=/115/音乐/自己上传/, finalPath=/115/音乐/自己上传/Céline Dion - A New Day Has Come.flac
02-01 20:52:51.931  3323  3383 D SardineWebDAVClient: Mapping resource: name=Seal - Stand by Me.flac, currentPath=/115/音乐/自己上传/, finalPath=/115/音乐/自己上传/Seal - Stand by Me.flac
02-01 20:52:51.931  3323  3383 D SardineWebDAVClient: Mapping resource: name=夏婉安 - 违心的谎话.flac, currentPath=/115/音乐/自己上传/, finalPath=/115/音乐/自己上传/夏婉安 - 违心的谎话.flac
02-01 20:52:51.931  3323  3383 D SardineWebDAVClient: Mapping resource: name=叶炫清 - 从前慢.flac, currentPath=/115/音乐/自己上传/, finalPath=/115/音乐/自己上传/叶炫清 - 从前慢.flac
02-01 20:52:51.931  3323  3383 D SardineWebDAVClient: Mapping resource: name=王铮亮 - 任我.flac, currentPath=/115/音乐/自己上传/, finalPath=/115/音乐/自己上传/王铮亮 - 任我.flac
02-01 20:52:51.931  3323  3383 D SardineWebDAVClient: Mapping resource: name=阿涵 - 不想.flac, currentPath=/115/音乐/自己上传/, finalPath=/115/音乐/自己上传/阿涵 - 不想.flac
02-01 20:52:51.931  3323  3383 D SardineWebDAVClient: Mapping resource: name=艺声 - 먹지.flac, currentPath=/115/音乐/自己上传/, finalPath=/115/音乐/自己上传/艺声 - 먹지.flac
02-01 20:52:51.931  3323  3383 D SardineWebDAVClient: Mapping resource: name=유빈 - Special.flac, currentPath=/115/音乐/自己上传/, finalPath=/115/音乐/自己上传/유빈 - Special.flac
02-01 20:52:51.931  3323  3383 D SardineWebDAVClient: Mapping resource: name=Shontelle - Impossible.flac, currentPath=/115/音乐/自己上传/, finalPath=/115/音乐/自己上传/Shontelle - Impossible.flac
02-01 20:52:51.931  3323  3383 D SardineWebDAVClient: Mapping resource: name=王唯旖 - 无情画.flac, currentPath=/115/音乐/自己上传/, finalPath=/115/音乐/自己上传/王唯旖 - 无情画.flac
02-01 20:52:51.931  3323  3383 D SardineWebDAVClient: Mapping resource: name=Brandi Carlile - The Joke.flac, currentPath=/115/音乐/自己上传/, finalPath=/115/音乐/自己上传/Brandi Carlile - The Joke.flac
02-01 20:52:51.932  3323  3383 D SardineWebDAVClient: Mapping resource: name=Charlie Puth - LA Girls.flac, currentPath=/115/音乐/自己上传/, finalPath=/115/音乐/自己上传/Charlie Puth - LA Girls.flac
02-01 20:52:51.932  3323  3383 D SardineWebDAVClient: Mapping resource: name=张磊 - 寻.flac, currentPath=/115/音乐/自己上传/, finalPath=/115/音乐/自己上传/张磊 - 寻.flac
02-01 20:52:51.932  3323  3383 D SardineWebDAVClient: Mapping resource: name=Michael Bublé - Home.flac, currentPath=/115/音乐/自己上传/, finalPath=/115/音乐/自己上传/Michael Bublé - Home.flac
02-01 20:52:51.932  3323  3383 D SardineWebDAVClient: Mapping resource: name=NAVI、Kebee - 불치병.flac, currentPath=/115/音乐/自己上传/, finalPath=/115/音乐/自己上传/NAVI、Kebee - 불치병.flac
02-01 20:52:51.932  3323  3383 D SardineWebDAVClient: Mapping resource: name=Christopher、请夏 - When I Get Old.flac, currentPath=/115/音乐/自己上传/, finalPath=/115/音乐/自己上传/Christopher、请夏 - When I Get Old.flac
02-01 20:52:51.932  3323  3383 D SardineWebDAVClient: Mapping resource: name=Epik High、Taru - 1분 1초.flac, currentPath=/115/音乐/自己上传/, finalPath=/115/音乐/自己上传/Epik High、Taru - 1분 1초.flac
02-01 20:52:51.932  3323  3383 D SardineWebDAVClient: Mapping resource: name=吴若希 - 我记得.flac, currentPath=/115/音乐/自己上传/, finalPath=/115/音乐/自己上传/吴若希 - 我记得.flac
02-01 20:52:51.932  3323  3383 D SardineWebDAVClient: Mapping resource: name=Madnap、Pauline Herr - Slow Down.flac, currentPath=/115/音乐/自己上传/, finalPath=/115/音乐/自己上传/Madnap、Pauline Herr - Slow Down.flac
02-01 20:52:51.932  3323  3383 D SardineWebDAVClient: Mapping resource: name=左麟右李 - 总有你鼓励.flac, currentPath=/115/音乐/自己上传/, finalPath=/115/音乐/自己上传/左麟右李 - 总有你鼓励.flac
02-01 20:52:51.932  3323  3383 D SardineWebDAVClient: Mapping resource: name=王北车 - 隐瞒.flac, currentPath=/115/音乐/自己上传/, finalPath=/115/音乐/自己上传/王北车 - 隐瞒.flac
02-01 20:52:51.932  3323  3383 D SardineWebDAVClient: Mapping resource: name=张学友 - 忘情冷雨夜.flac, currentPath=/115/音乐/自己上传/, finalPath=/115/音乐/自己上传/张学友 - 忘情冷雨夜.flac
02-01 20:52:51.932  3323  3383 D SardineWebDAVClient: Mapping resource: name=宇多田光 - 誓い.flac, currentPath=/115/音乐/自己上传/, finalPath=/115/音乐/自己上传/宇多田光 - 誓い.flac
02-01 20:52:51.932  3323  3383 D SardineWebDAVClient: Mapping resource: name=Apink - LUV.flac, currentPath=/115/音乐/自己上传/, finalPath=/115/音乐/自己上传/Apink - LUV.flac
02-01 20:52:51.932  3323  3383 D SardineWebDAVClient: Mapping resource: name=一只柯豪呀 - 谭晶、燕云十六声 (归舟)_MQ.mp3, currentPath=/115/音乐/自己上传/, finalPath=/115/音乐/自己上传/一只柯豪呀 - 谭晶、燕云十六声 (归舟)_MQ.mp3
02-01 20:52:51.932  3323  3383 D SardineWebDAVClient: Mapping resource: name=Mad Clown、金娜英 - 다시 너를 (再次见到你) .flac, currentPath=/115/音乐/自己上传/, finalPath=/115/音乐/自己上传/Mad Clown、金娜英 - 다시 너를 (再次见到你) .flac
02-01 20:52:51.932  3323  3383 D SardineWebDAVClient: Mapping resource: name=阿里郎 - 再次爱上你_MQ.mp3, currentPath=/115/音乐/自己上传/, finalPath=/115/音乐/自己上传/阿里郎 - 再次爱上你_MQ.mp3
02-01 20:52:51.932  3323  3383 D SardineWebDAVClient: Mapping resource: name=初心-《少年歌行 风花雪月篇》动画片头曲|《少年歌行 血染天启篇》动画片头曲 - 潘辰.flac, currentPath=/115/音乐/自己上传/, finalPath=/115/音乐/自己上传/初心-《少年歌行 风花雪月篇》动画片头曲|《少年歌行 血染天启篇》动画片头曲 - 潘辰.flac
02-01 20:52:51.932  3323  3383 D SardineWebDAVClient: Mapping resource: name=秋风-四熹丸子.mp3, currentPath=/115/音乐/自己上传/, finalPath=/115/音乐/自己上传/秋风-四熹丸子.mp3
02-01 20:52:51.932  3323  3383 D SardineWebDAVClient: Mapping resource: name=雪月 - 万玲琳.flac, currentPath=/115/音乐/自己上传/, finalPath=/115/音乐/自己上传/雪月 - 万玲琳.flac
02-01 20:52:51.932  3323  3383 D SardineWebDAVClient: Mapping resource: name=我不知道 (Live) - 梁博.flac, currentPath=/115/音乐/自己上传/, finalPath=/115/音乐/自己上传/我不知道 (Live) - 梁博.flac
02-01 20:52:51.932  3323  3383 D SardineWebDAVClient: Mapping resource: name=天涯 (Live) - 任贤齐、玄觞.flac, currentPath=/115/音乐/自己上传/, finalPath=/115/音乐/自己上传/天涯 (Live) - 任贤齐、玄觞.flac
02-01 20:52:51.932  3323  3383 D SardineWebDAVClient: Mapping resource: name=你现在好吗 - 玄觞.mp3, currentPath=/115/音乐/自己上传/, finalPath=/115/音乐/自己上传/你现在好吗 - 玄觞.mp3
02-01 20:52:51.932  3323  3383 D SardineWebDAVClient: Mapping resource: name=踏歌行-《少年歌行》动漫插曲 - 曲肖冰.flac, currentPath=/115/音乐/自己上传/, finalPath=/115/音乐/自己上传/踏歌行-《少年歌行》动漫插曲 - 曲肖冰.flac
02-01 20:52:51.932  3323  3383 D SardineWebDAVClient: Mapping resource: name=少年歌行-《少年歌行》动画片头曲 - 张赫煊.flac, currentPath=/115/音乐/自己上传/, finalPath=/115/音乐/自己上传/少年歌行-《少年歌行》动画片头曲 - 张赫煊.flac
02-01 20:52:51.932  3323  3383 D SardineWebDAVClient: Mapping resource: name=金风玉露 - 流浪的蛙蛙、玄觞.flac, currentPath=/115/音乐/自己上传/, finalPath=/115/音乐/自己上传/金风玉露 - 流浪的蛙蛙、玄觞.flac
02-01 20:52:51.932  3323  3383 D SardineWebDAVClient: Mapping resource: name=黑夜中 (Live) - 梁博.flac, currentPath=/115/音乐/自己上传/, finalPath=/115/音乐/自己上传/黑夜中 (Live) - 梁博.flac
02-01 20:52:51.932  3323  3383 D SardineWebDAVClient: Mapping resource: name=表态 (Live) - 梁博.flac, currentPath=/115/音乐/自己上传/, finalPath=/115/音乐/自己上传/表态 (Live) - 梁博.flac
02-01 20:52:51.932  3323  3383 D SardineWebDAVClient: Mapping resource: name=出现又离开 (Live) - 梁博.flac, currentPath=/115/音乐/自己上传/, finalPath=/115/音乐/自己上传/出现又离开 (Live) - 梁博.flac
02-01 20:52:51.932  3323  3383 D SardineWebDAVClient: Mapping resource: name=曾经是情侣 (Live) - 梁博.mp3, currentPath=/115/音乐/自己上传/, finalPath=/115/音乐/自己上传/曾经是情侣 (Live) - 梁博.mp3
02-01 20:52:51.932  3323  3383 D SardineWebDAVClient: Mapping resource: name=我们活着-《灵笼》第一季插曲 - 刘牧.flac, currentPath=/115/音乐/自己上传/, finalPath=/115/音乐/自己上传/我们活着-《灵笼》第一季插曲 - 刘牧.flac
02-01 20:52:51.975  3323  3334 I etromusic.debug: Background concurrent mark compact GC freed 12MB AllocSpace bytes, 2(40KB) LOS objects, 49% free, 10MB/21MB, paused 134us,10.843ms total 82.950ms
02-01 20:52:53.129   337 10566 D android.hardware.audio@7.1-impl.ranchu: threadLoop: entering standby, frames: 30449856
02-01 20:52:54.129   380   678 D audioserver: logFgsApiBegin: FGS Logger Transaction failed, -129
02-01 20:52:54.129   556  2249 W AS.PlaybackActivityMon: No piid assigned for invalid/internal port id 15
02-01 20:52:54.129  3323  3377 D EGL_emulation: app_time_stats: avg=51.81ms min=11.93ms max=2091.50ms count=59
02-01 20:52:54.182   380   530 D AudioFlinger: mixer(0xb4000079b34698e0) throttle end: throttle time(42)
02-01 20:52:54.228   380   530 D AudioFlinger: mixer(0xb4000079b34698e0) throttle end: throttle time(33)
02-01 20:52:54.343   380   530 D audioserver: logFgsApiEnd: FGS Logger Transaction failed, -129
02-01 20:52:54.861   556   892 W BestClock: java.time.DateTimeException: Missing network time fix
02-01 20:52:54.863   556   892 W BestClock: java.time.DateTimeException: Missing network time fix
02-01 20:52:54.863   556   892 W BestClock: java.time.DateTimeException: Missing network time fix
02-01 20:52:54.863   556   892 W BestClock: java.time.DateTimeException: Missing network time fix
02-01 20:52:54.867   556   892 W BestClock: java.time.DateTimeException: Missing network time fix
02-01 20:52:54.893   556   905 W IPCThreadState: Sending oneway calls to frozen process.
02-01 20:52:54.894   556   905 W IPCThreadState: Sending oneway calls to frozen process.
02-01 20:52:54.894   556   905 W IPCThreadState: Sending oneway calls to frozen process.
02-01 20:52:54.894   556   905 W IPCThreadState: Sending oneway calls to frozen process.
02-01 20:52:54.894   556   905 W IPCThreadState: Sending oneway calls to frozen process.
02-01 20:52:54.894   556   905 W IPCThreadState: Sending oneway calls to frozen process.
02-01 20:52:54.894   556   905 W IPCThreadState: Sending oneway calls to frozen process.
02-01 20:52:54.895  3495  3525 I BugleRcsEngine: Connected state: [1], networkType: [WIFI] [CONTEXT thread_id=53 ]
02-01 20:52:54.897  3495  3538 I BugleRcsEngine: handleMessage processing message:[NOTIFY_UPTIME_IGNORE_STATE_CHANGED] with [non-null]:RcsEngineImpl reference [CONTEXT log_prefix="RcsEngineImpl[DUAL_REG]:[3d37dc4f-5339]>Handler" thread_id=63 ]
02-01 20:52:54.899  3495  3538 I BugleRcsEngine: No RCS Configuration was found in Bugle for simID: redacted-pii:sim_id[chars:20,last3:897] [CONTEXT log_prefix="ProvisioningEngineDataRetriever" thread_id=63 ]
02-01 20:52:54.900  1306  2296 I ChimeraSrvcProxy: NullBinder for android.net.action.RECOMMEND_NETWORKS triggering remote TransactionTooLargeException due to Service without Chimera impl
02-01 20:52:54.900  1306  2296 W .gms.persistent: Large reply transaction of 1056768 bytes, interface descriptor , code 1
02-01 20:52:55.412  3323  3377 D EGL_emulation: app_time_stats: avg=160.29ms min=13.75ms max=1138.85ms count=8
02-01 20:52:55.481  3323  3323 W WindowOnBackDispatcher: sendCancelIfRunning: isInProgress=false callback=android.app.Dialog$$ExternalSyntheticLambda2@d695f31
02-01 20:52:55.482   556  2249 D CoreBackPreview: Window{2ac6738 u0 code.name.monkey.retromusic.debug/code.name.monkey.retromusic.activities.MainActivity}: Setting back callback null
02-01 20:52:55.483   380   678 D audioserver: logFgsApiBegin: FGS Logger Transaction failed, -129
02-01 20:52:55.483   556  2249 W AS.PlaybackActivityMon: No piid assigned for invalid/internal port id 15
02-01 20:52:55.489  3323  3377 D HWUI    : endAllActiveAnimators on 0xb400006eddb54f10 (RippleDrawable) with handle 0xb400006e3da7a1d0
02-01 20:52:55.491   556  2249 W InputManager-JNI: Input channel object '2ac6738 code.name.monkey.retromusic.debug/code.name.monkey.retromusic.activities.MainActivity (client)' was disposed without first being removed with the input manager!
02-01 20:52:55.516   556   585 V WindowManager: Unknown focus tokens, dropping reportFocusChanged
02-01 20:52:55.524  3323  3377 D EGL_emulation: app_time_stats: avg=2237.43ms min=2.93ms max=13351.25ms count=6
02-01 20:52:55.531   556   707 I ImeTracker: code.name.monkey.retromusic.debug:fba30f44: onRequestHide at ORIGIN_SERVER reason HIDE_UNSPECIFIED_WINDOW fromUser false
02-01 20:52:55.531   556   707 I ImeTracker: code.name.monkey.retromusic.debug:fba30f44: onCancelled at PHASE_SERVER_SHOULD_HIDE
02-01 20:52:55.533  1456  1456 I GoogleInputMethodService: GoogleInputMethodService.onFinishInput():3157 
02-01 20:52:55.538  1456  1456 I GoogleInputMethodService: GoogleInputMethodService.updateDeviceLockedStatus():2248 repeatCheckTimes = 0, locked = false
02-01 20:52:55.538  1456  1456 I GoogleInputMethodService: GoogleInputMethodService.onStartInput():1986 onStartInput(EditorInfo{EditorInfo{packageName=code.name.monkey.retromusic.debug, inputType=0, inputTypeString=NULL, enableLearning=false, autoCorrection=false, autoComplete=false, imeOptions=0, privateImeOptions=null, actionName=UNSPECIFIED, actionLabel=null, initialSelStart=-1, initialSelEnd=-1, initialCapsMode=0, label=null, fieldId=0, fieldName=null, extras=null, hintText=null, hintLocales=[]}}, false)
02-01 20:52:55.538  1456  1456 I GoogleInputMethodService: GoogleInputMethodService.updateDeviceLockedStatus():2248 repeatCheckTimes = 1, locked = false
02-01 20:52:55.538  1456  1456 I AndroidIME: InputBundleManager.loadActiveInputBundleId():450 loadActiveInputBundleId: und-Latn-x-password, password
02-01 20:52:55.539   556  2249 W PackageConfigPersister: App-specific configuration not found for packageName: code.name.monkey.retromusic.debug and userId: 0
02-01 20:52:55.583  1063  3567 D NetworkMonitor/100: PROBE_DNS www.google.com 12514ms FAIL in type ADDRCONFIG Timeout
02-01 20:52:55.583  1063  3569 D NetworkMonitor/100: PROBE_DNS connectivitycheck.gstatic.com 12513ms FAIL in type ADDRCONFIG Timeout
02-01 20:52:55.702   380   530 D audioserver: logFgsApiEnd: FGS Logger Transaction failed, -129
02-01 20:52:57.875   556   892 W BestClock: java.time.DateTimeException: Missing network time fix
02-01 20:52:57.876   556   892 W BestClock: java.time.DateTimeException: Missing network time fix
02-01 20:52:57.876   556   892 W BestClock: java.time.DateTimeException: Missing network time fix
02-01 20:52:57.876   556   892 W BestClock: java.time.DateTimeException: Missing network time fix
02-01 20:52:57.877   556   892 W BestClock: java.time.DateTimeException: Missing network time fix
02-01 20:52:57.909   380   678 D audioserver: logFgsApiBegin: FGS Logger Transaction failed, -129
02-01 20:52:57.909   556  1242 W AS.PlaybackActivityMon: No piid assigned for invalid/internal port id 15
02-01 20:52:57.929  3323  3377 D EGL_emulation: app_time_stats: avg=255.75ms min=1.70ms max=2276.62ms count=9
02-01 20:52:57.939   556   905 W IPCThreadState: Sending oneway calls to frozen process.
02-01 20:52:57.939   556   905 W IPCThreadState: Sending oneway calls to frozen process.
02-01 20:52:57.939   556   905 W IPCThreadState: Sending oneway calls to frozen process.
02-01 20:52:57.939   556   905 W IPCThreadState: Sending oneway calls to frozen process.
02-01 20:52:57.939   556   905 W IPCThreadState: Sending oneway calls to frozen process.
02-01 20:52:57.939   556   905 W IPCThreadState: Sending oneway calls to frozen process.
02-01 20:52:57.939  3495  3538 I BugleRcsEngine: handleMessage processing message:[NOTIFY_UPTIME_IGNORE_STATE_CHANGED] with [non-null]:RcsEngineImpl reference [CONTEXT log_prefix="RcsEngineImpl[DUAL_REG]:[3d37dc4f-5339]>Handler" thread_id=63 ]
02-01 20:52:57.940  3495  3525 I BugleRcsEngine: Connected state: [1], networkType: [WIFI] [CONTEXT thread_id=53 ]
02-01 20:52:57.941  3323  3323 W WindowOnBackDispatcher: sendCancelIfRunning: isInProgress=false callback=android.app.Dialog$$ExternalSyntheticLambda2@9a12791
02-01 20:52:57.941   556   905 W IPCThreadState: Sending oneway calls to frozen process.
02-01 20:52:57.941   556   579 D CoreBackPreview: Window{6a73dbc u0 code.name.monkey.retromusic.debug/code.name.monkey.retromusic.activities.MainActivity}: Setting back callback null
02-01 20:52:57.945  3495  3538 I BugleRcsEngine: No RCS Configuration was found in Bugle for simID: redacted-pii:sim_id[chars:20,last3:897] [CONTEXT log_prefix="ProvisioningEngineDataRetriever" thread_id=63 ]
02-01 20:52:57.946  1306  2296 I ChimeraSrvcProxy: NullBinder for android.net.action.RECOMMEND_NETWORKS triggering remote TransactionTooLargeException due to Service without Chimera impl
02-01 20:52:57.946  3323  3377 D HWUI    : endAllActiveAnimators on 0xb400006eddb39950 (RippleDrawable) with handle 0xb400006e3da75c70
02-01 20:52:57.946   556   579 W InputManager-JNI: Input channel object '6a73dbc code.name.monkey.retromusic.debug/code.name.monkey.retromusic.activities.MainActivity (client)' was disposed without first being removed with the input manager!
02-01 20:52:57.948  1306  2296 W .gms.persistent: Large reply transaction of 1056768 bytes, interface descriptor , code 1
02-01 20:52:57.957   556   585 V WindowManager: Unknown focus tokens, dropping reportFocusChanged
02-01 20:52:57.972   556   707 I ImeTracker: code.name.monkey.retromusic.debug:ea869ddd: onRequestHide at ORIGIN_SERVER reason HIDE_UNSPECIFIED_WINDOW fromUser false
02-01 20:52:57.972   556   707 I ImeTracker: code.name.monkey.retromusic.debug:ea869ddd: onCancelled at PHASE_SERVER_SHOULD_HIDE
02-01 20:52:57.973  1456  1456 I GoogleInputMethodService: GoogleInputMethodService.onFinishInput():3157 
02-01 20:52:57.974  1456  1456 I GoogleInputMethodService: GoogleInputMethodService.updateDeviceLockedStatus():2248 repeatCheckTimes = 0, locked = false
02-01 20:52:57.974  1456  1456 I GoogleInputMethodService: GoogleInputMethodService.onStartInput():1986 onStartInput(EditorInfo{EditorInfo{packageName=code.name.monkey.retromusic.debug, inputType=0, inputTypeString=NULL, enableLearning=false, autoCorrection=false, autoComplete=false, imeOptions=0, privateImeOptions=null, actionName=UNSPECIFIED, actionLabel=null, initialSelStart=-1, initialSelEnd=-1, initialCapsMode=0, label=null, fieldId=0, fieldName=null, extras=null, hintText=null, hintLocales=[]}}, false)
02-01 20:52:57.974  1456  1456 I GoogleInputMethodService: GoogleInputMethodService.updateDeviceLockedStatus():2248 repeatCheckTimes = 1, locked = false
02-01 20:52:57.974  1456  1456 I AndroidIME: InputBundleManager.loadActiveInputBundleId():450 loadActiveInputBundleId: und-Latn-x-password, password
02-01 20:52:57.974   556   579 W PackageConfigPersister: App-specific configuration not found for packageName: code.name.monkey.retromusic.debug and userId: 0
02-01 20:52:58.002  3323  3377 D EGL_emulation: app_time_stats: avg=762.35ms min=6.56ms max=33548.54ms count=45
02-01 20:52:58.123   984  1124 D EGL_emulation: app_time_stats: avg=3997.44ms min=0.95ms max=31950.75ms count=8
02-01 20:52:58.149   380   530 D audioserver: logFgsApiEnd: FGS Logger Transaction failed, -129
02-01 20:53:00.042  3570  3584 I AiAiEcho: Predicting[0]:  [CONTEXT sampling_count=5 ]
02-01 20:53:00.043  3570  3584 I AiAiEcho: EchoTargets: 
02-01 20:53:00.043  3570  3584 I AiAiEcho: Filtered by AiAi flag check: 
02-01 20:53:00.043  3570  3584 I AiAiEcho: [CONTEXT ratelimit_period="10 SECONDS" ]
02-01 20:53:00.043  3570  3584 I AiAiEcho: Ranked targets strategy: SORT, count: 0, ranking metadata:  [CONTEXT ratelimit_period="10 SECONDS" ]
02-01 20:53:00.044  3570  3584 I AiAiEcho: #remoteViewsTwiddler: feature disabled.
02-01 20:53:00.044  3570  3584 I AiAiEcho: Predicting[0]:  [CONTEXT sampling_count=5 ]
02-01 20:53:00.044  3570  3584 I AiAiEcho: EchoTargets: 
02-01 20:53:00.044  3570  3584 I AiAiEcho: Filtered by AiAi flag check: 
02-01 20:53:00.044  3570  3584 I AiAiEcho: [CONTEXT ratelimit_period="10 SECONDS" ]
02-01 20:53:00.044  3570  3584 I AiAiEcho: Ranked targets strategy: SORT, count: 0, ranking metadata:  [CONTEXT ratelimit_period="10 SECONDS" ]
02-01 20:53:00.044  3570  3584 I AiAiEcho: #remoteViewsTwiddler: feature disabled.
02-01 20:53:00.045  3570  3584 I AiAiEcho: #postPredictionTargets: Sending updates to UISurface lockscreen with targets# 0 (types=[])
02-01 20:53:00.046  3570  3584 I AiAiEcho: #postPredictionTargets: Sending updates to UISurface home with targets# 0 (types=[])
02-01 20:53:00.052  1256  1256 D SsBaseTemplateCard: No text view can be set up
02-01 20:53:00.052  1256  1256 D SsBaseTemplateCard: Passed-in item info is null
02-01 20:53:00.052  1256  1256 D SsBaseTemplateCard: Passed-in item info is null
02-01 20:53:00.053  1256  1256 D SsBaseTemplateCard: Passed-in item info is null
02-01 20:53:00.053  1256  1256 I SsBaseTemplateCard: Secondary card pane is null
02-01 20:53:00.068   984  1124 D EGL_emulation: app_time_stats: avg=194.39ms min=14.42ms max=1796.87ms count=10
02-01 20:53:00.094   984   984 W PageIndicator: Total number of pages invalid: 0. Assuming 1 page.
02-01 20:53:00.902   556   892 W BestClock: java.time.DateTimeException: Missing network time fix
02-01 20:53:00.904   556   892 W BestClock: java.time.DateTimeException: Missing network time fix
02-01 20:53:00.904   556   892 W BestClock: java.time.DateTimeException: Missing network time fix
02-01 20:53:00.904   556   892 W BestClock: java.time.DateTimeException: Missing network time fix
02-01 20:53:00.904   556   892 W BestClock: java.time.DateTimeException: Missing network time fix
02-01 20:53:01.018   337 10566 D android.hardware.audio@7.1-impl.ranchu: threadLoop: entering standby, frames: 30780608
02-01 20:53:01.029  1306 30322 I NearbyMediums: No BLE Fast/GATT advertisements found in the latest cycle.
02-01 20:53:01.830   984  1124 D EGL_emulation: app_time_stats: avg=170.99ms min=1.67ms max=3512.09ms count=21
02-01 20:53:02.058   556  2249 W InputManager-JNI: Input channel object '5bbf547 Toast (client)' was disposed without first being removed with the input manager!
02-01 20:53:02.070   556  2249 W NotificationService: Toast already killed. pkg=code.name.monkey.retromusic.debug token=android.os.BinderProxy@f52d8d1
02-01 20:53:03.121  1063  1063 W DnsResolver: resNetworkResult:android.system.ErrnoException: resNetworkResult failed: ETIMEDOUT (Connection timed out)
02-01 20:53:03.122  1063  1063 W DnsResolver: resNetworkResult:android.system.ErrnoException: resNetworkResult failed: ETIMEDOUT (Connection timed out)
02-01 20:53:03.122  1063  1063 W DnsResolver: resNetworkResult:android.system.ErrnoException: resNetworkResult failed: ETIMEDOUT (Connection timed out)
02-01 20:53:03.122  1063  1063 W DnsResolver: resNetworkResult:android.system.ErrnoException: resNetworkResult failed: ETIMEDOUT (Connection timed out)
02-01 20:53:03.917   556   892 W BestClock: java.time.DateTimeException: Missing network time fix
02-01 20:53:03.918   556   892 W BestClock: java.time.DateTimeException: Missing network time fix
02-01 20:53:03.918   556   892 W BestClock: java.time.DateTimeException: Missing network time fix
02-01 20:53:03.918   556   892 W BestClock: java.time.DateTimeException: Missing network time fix
02-01 20:53:03.918   556   892 W BestClock: java.time.DateTimeException: Missing network time fix
02-01 20:53:03.991   556   905 W IPCThreadState: Sending oneway calls to frozen process.
02-01 20:53:03.991   556   905 W IPCThreadState: Sending oneway calls to frozen process.
02-01 20:53:03.991   556   905 W IPCThreadState: Sending oneway calls to frozen process.
02-01 20:53:03.991   556   905 W IPCThreadState: Sending oneway calls to frozen process.
02-01 20:53:03.991   556   905 W IPCThreadState: Sending oneway calls to frozen process.
02-01 20:53:03.991   556   905 W IPCThreadState: Sending oneway calls to frozen process.
02-01 20:53:03.997   556   905 W IPCThreadState: Sending oneway calls to frozen process.
